Archive member included to satisfy reference by file (symbol)

c:/program files (x86)/atmel/studio/7.0/toolchain/avr8/avr8-gnu-toolchain/bin/../lib/gcc/avr/5.4.0/../../../../avr/lib/avr5\libm.a(addsf3.o)
                              libs/sensors/mpu6050.o (__subsf3)
c:/program files (x86)/atmel/studio/7.0/toolchain/avr8/avr8-gnu-toolchain/bin/../lib/gcc/avr/5.4.0/../../../../avr/lib/avr5\libm.a(addsf3x.o)
                              c:/program files (x86)/atmel/studio/7.0/toolchain/avr8/avr8-gnu-toolchain/bin/../lib/gcc/avr/5.4.0/../../../../avr/lib/avr5\libm.a(addsf3.o) (__addsf3x)
c:/program files (x86)/atmel/studio/7.0/toolchain/avr8/avr8-gnu-toolchain/bin/../lib/gcc/avr/5.4.0/../../../../avr/lib/avr5\libm.a(asin.o)
                              mahony.o (asin)
c:/program files (x86)/atmel/studio/7.0/toolchain/avr8/avr8-gnu-toolchain/bin/../lib/gcc/avr/5.4.0/../../../../avr/lib/avr5\libm.a(atan2.o)
                              mahony.o (atan2)
c:/program files (x86)/atmel/studio/7.0/toolchain/avr8/avr8-gnu-toolchain/bin/../lib/gcc/avr/5.4.0/../../../../avr/lib/avr5\libm.a(atan.o)
                              c:/program files (x86)/atmel/studio/7.0/toolchain/avr8/avr8-gnu-toolchain/bin/../lib/gcc/avr/5.4.0/../../../../avr/lib/avr5\libm.a(atan2.o) (atan)
c:/program files (x86)/atmel/studio/7.0/toolchain/avr8/avr8-gnu-toolchain/bin/../lib/gcc/avr/5.4.0/../../../../avr/lib/avr5\libm.a(cmpsf2.o)
                              mahony.o (__eqsf2)
c:/program files (x86)/atmel/studio/7.0/toolchain/avr8/avr8-gnu-toolchain/bin/../lib/gcc/avr/5.4.0/../../../../avr/lib/avr5\libm.a(divsf3.o)
                              libs/sensors/mpu6050.o (__divsf3)
c:/program files (x86)/atmel/studio/7.0/toolchain/avr8/avr8-gnu-toolchain/bin/../lib/gcc/avr/5.4.0/../../../../avr/lib/avr5\libm.a(divsf3x.o)
                              c:/program files (x86)/atmel/studio/7.0/toolchain/avr8/avr8-gnu-toolchain/bin/../lib/gcc/avr/5.4.0/../../../../avr/lib/avr5\libm.a(divsf3.o) (__divsf3x)
c:/program files (x86)/atmel/studio/7.0/toolchain/avr8/avr8-gnu-toolchain/bin/../lib/gcc/avr/5.4.0/../../../../avr/lib/avr5\libm.a(floatsisf.o)
                              libs/sensors/mpu6050.o (__floatunsisf)
c:/program files (x86)/atmel/studio/7.0/toolchain/avr8/avr8-gnu-toolchain/bin/../lib/gcc/avr/5.4.0/../../../../avr/lib/avr5\libm.a(fp_arccos.o)
                              c:/program files (x86)/atmel/studio/7.0/toolchain/avr8/avr8-gnu-toolchain/bin/../lib/gcc/avr/5.4.0/../../../../avr/lib/avr5\libm.a(asin.o) (__fp_arccos)
c:/program files (x86)/atmel/studio/7.0/toolchain/avr8/avr8-gnu-toolchain/bin/../lib/gcc/avr/5.4.0/../../../../avr/lib/avr5\libm.a(fp_cmp.o)
                              c:/program files (x86)/atmel/studio/7.0/toolchain/avr8/avr8-gnu-toolchain/bin/../lib/gcc/avr/5.4.0/../../../../avr/lib/avr5\libm.a(cmpsf2.o) (__fp_cmp)
c:/program files (x86)/atmel/studio/7.0/toolchain/avr8/avr8-gnu-toolchain/bin/../lib/gcc/avr/5.4.0/../../../../avr/lib/avr5\libm.a(fp_inf.o)
                              c:/program files (x86)/atmel/studio/7.0/toolchain/avr8/avr8-gnu-toolchain/bin/../lib/gcc/avr/5.4.0/../../../../avr/lib/avr5\libm.a(addsf3x.o) (__fp_inf)
c:/program files (x86)/atmel/studio/7.0/toolchain/avr8/avr8-gnu-toolchain/bin/../lib/gcc/avr/5.4.0/../../../../avr/lib/avr5\libm.a(fp_nan.o)
                              c:/program files (x86)/atmel/studio/7.0/toolchain/avr8/avr8-gnu-toolchain/bin/../lib/gcc/avr/5.4.0/../../../../avr/lib/avr5\libm.a(addsf3x.o) (__fp_nan)
c:/program files (x86)/atmel/studio/7.0/toolchain/avr8/avr8-gnu-toolchain/bin/../lib/gcc/avr/5.4.0/../../../../avr/lib/avr5\libm.a(fp_powser.o)
                              c:/program files (x86)/atmel/studio/7.0/toolchain/avr8/avr8-gnu-toolchain/bin/../lib/gcc/avr/5.4.0/../../../../avr/lib/avr5\libm.a(atan.o) (__fp_powser)
c:/program files (x86)/atmel/studio/7.0/toolchain/avr8/avr8-gnu-toolchain/bin/../lib/gcc/avr/5.4.0/../../../../avr/lib/avr5\libm.a(fp_powsodd.o)
                              c:/program files (x86)/atmel/studio/7.0/toolchain/avr8/avr8-gnu-toolchain/bin/../lib/gcc/avr/5.4.0/../../../../avr/lib/avr5\libm.a(asin.o) (__fp_powsodd)
c:/program files (x86)/atmel/studio/7.0/toolchain/avr8/avr8-gnu-toolchain/bin/../lib/gcc/avr/5.4.0/../../../../avr/lib/avr5\libm.a(fp_pscA.o)
                              c:/program files (x86)/atmel/studio/7.0/toolchain/avr8/avr8-gnu-toolchain/bin/../lib/gcc/avr/5.4.0/../../../../avr/lib/avr5\libm.a(addsf3x.o) (__fp_pscA)
c:/program files (x86)/atmel/studio/7.0/toolchain/avr8/avr8-gnu-toolchain/bin/../lib/gcc/avr/5.4.0/../../../../avr/lib/avr5\libm.a(fp_pscB.o)
                              c:/program files (x86)/atmel/studio/7.0/toolchain/avr8/avr8-gnu-toolchain/bin/../lib/gcc/avr/5.4.0/../../../../avr/lib/avr5\libm.a(addsf3x.o) (__fp_pscB)
c:/program files (x86)/atmel/studio/7.0/toolchain/avr8/avr8-gnu-toolchain/bin/../lib/gcc/avr/5.4.0/../../../../avr/lib/avr5\libm.a(fp_round.o)
[...]
Memory Configuration

Name             Origin             Length             Attributes
text             0x00000000         0x00008000         xr
data             0x00800100         0x00000800         rw !x
eeprom           0x00810000         0x00000400         rw !x
fuse             0x00820000         0x00000003         rw !x
lock             0x00830000         0x00000400         rw !x
signature        0x00840000         0x00000400         rw !x
user_signatures  0x00850000         0x00000400         rw !x
*default*        0x00000000         0xffffffff

Linker script and memory map

Address of section .data set to 0x800100
LOAD C:/Program Files (x86)/Atmel/Studio/7.0/Packs/Atmel/ATmega_DFP/1.4.351/gcc/dev/atmega328p/avr5/crtatmega328p.o
LOAD libs/eeprom/eeprom.o
LOAD libs/sensors/hcm5883l.o
LOAD libs/sensors/mpu6050.o
LOAD libs/timer/timer.o
LOAD libs/twi/i2cdevlib.o
LOAD libs/twi/twi.o
LOAD libs/uart/uart.o
LOAD mahony.o
LOAD main.o
START GROUP
LOAD c:/program files (x86)/atmel/studio/7.0/toolchain/avr8/avr8-gnu-toolchain/bin/../lib/gcc/avr/5.4.0/../../../../avr/lib/avr5\libm.a
END GROUP
LOAD c:/program files (x86)/atmel/studio/7.0/toolchain/avr8/avr8-gnu-toolchain/bin/../lib/gcc/avr/5.4.0/../../../../avr/lib/avr5\libprintf_flt.a
START GROUP
LOAD c:/program files (x86)/atmel/studio/7.0/toolchain/avr8/avr8-gnu-toolchain/bin/../lib/gcc/avr/5.4.0/avr5\libgcc.a
LOAD c:/program files (x86)/atmel/studio/7.0/toolchain/avr8/avr8-gnu-toolchain/bin/../lib/gcc/avr/5.4.0/../../../../avr/lib/avr5\libm.a
LOAD c:/program files (x86)/atmel/studio/7.0/toolchain/avr8/avr8-gnu-toolchain/bin/../lib/gcc/avr/5.4.0/../../../../avr/lib/avr5\libc.a
LOAD C:/Program Files (x86)/Atmel/Studio/7.0/Packs/Atmel/ATmega_DFP/1.4.351/gcc/dev/atmega328p/avr5\libatmega328p.a
END GROUP
                0x00000000                __TEXT_REGION_ORIGIN__ = DEFINED (__TEXT_REGION_ORIGIN__)?__TEXT_REGION_ORIGIN__:0x0
                [0x00800100]                __DATA_REGION_ORIGIN__ = DEFINED (__DATA_REGION_ORIGIN__)?__DATA_REGION_ORIGIN__:0x800060
                [0x00008000]                __TEXT_REGION_LENGTH__ = DEFINED (__TEXT_REGION_LENGTH__)?__TEXT_REGION_LENGTH__:0x20000
                [0x00000800]                __DATA_REGION_LENGTH__ = DEFINED (__DATA_REGION_LENGTH__)?__DATA_REGION_LENGTH__:0xffa0
                [0x00000400]                __EEPROM_REGION_LENGTH__ = DEFINED (__EEPROM_REGION_LENGTH__)?__EEPROM_REGION_LENGTH__:0x10000
                [0x00000003]                __FUSE_REGION_LENGTH__ = DEFINED (__FUSE_REGION_LENGTH__)?__FUSE_REGION_LENGTH__:0x400
                0x00000400                __LOCK_REGION_LENGTH__ = DEFINED (__LOCK_REGION_LENGTH__)?__LOCK_REGION_LENGTH__:0x400
                0x00000400                __SIGNATURE_REGION_LENGTH__ = DEFINED (__SIGNATURE_REGION_LENGTH__)?__SIGNATURE_REGION_LENGTH__:0x400
                0x00000400                __USER_SIGNATURE_REGION_LENGTH__ = DEFINED (__USER_SIGNATURE_REGION_LENGTH__)?__USER_SIGNATURE_REGION_LENGTH__:0x400

.hash
 *(.hash)

.dynsym
 *(.dynsym)

.dynstr
 *(.dynstr)

.gnu.version
 *(.gnu.version)

.gnu.version_d
 *(.gnu.version_d)

.gnu.version_r
 *(.gnu.version_r)

.rel.init
 *(.rel.init)

.rela.init
 *(.rela.init)

.rel.text
 *(.rel.text)
 *(.rel.text.*)
 *(.rel.gnu.linkonce.t*)

.rela.text
 *(.rela.text)
 *(.rela.text.*)
 *(.rela.gnu.linkonce.t*)

.rel.fini
 *(.rel.fini)

.rela.fini
 *(.rela.fini)

.rel.rodata
 *(.rel.rodata)
 *(.rel.rodata.*)
 *(.rel.gnu.linkonce.r*)

.rela.rodata
 *(.rela.rodata)
 *(.rela.rodata.*)
 *(.rela.gnu.linkonce.r*)

.rel.data
 *(.rel.data)
 *(.rel.data.*)
 *(.rel.gnu.linkonce.d*)

.rela.data
 *(.rela.data)
 *(.rela.data.*)
 *(.rela.gnu.linkonce.d*)

.rel.ctors
 *(.rel.ctors)

.rela.ctors
 *(.rela.ctors)

.rel.dtors
 *(.rel.dtors)

.rela.dtors
 *(.rela.dtors)

.rel.got
 *(.rel.got)

.rela.got
 *(.rela.got)

.rel.bss
 *(.rel.bss)

.rela.bss
 *(.rela.bss)

.rel.plt
 *(.rel.plt)

.rela.plt
 *(.rela.plt)

.text           0x00000000     0x1130
 *(.vectors)
 .vectors       0x00000000       0x68 C:/Program Files (x86)/Atmel/Studio/7.0/Packs/Atmel/ATmega_DFP/1.4.351/gcc/dev/atmega328p/avr5/crtatmega328p.o
                0x00000000                __vector_default
                0x00000000                __vectors
 *(.vectors)
 *(.progmem.gcc*)
 .progmem.gcc_sw_table.__vector_24
                0x00000068      0x192 libs/twi/twi.o
                0x000001fa                . = ALIGN (0x2)
                0x000001fa                __trampolines_start = .
 *(.trampolines)
 .trampolines   0x000001fa        0x0 linker stubs
 *(.trampolines*)
                0x000001fa                __trampolines_end = .
 *libprintf_flt.a:*(.progmem.data)
 .progmem.data  0x000001fa        0x8 c:/program files (x86)/atmel/studio/7.0/toolchain/avr8/avr8-gnu-toolchain/bin/../lib/gcc/avr/5.4.0/../../../../avr/lib/avr5\libprintf_flt.a(vfprintf_flt.o)
 *libc.a:*(.progmem.data)
 .progmem.data  0x00000202       0xfa c:/program files (x86)/atmel/studio/7.0/toolchain/avr8/avr8-gnu-toolchain/bin/../lib/gcc/avr/5.4.0/../../../../avr/lib/avr5\libc.a(ftoa_engine.o)
 *(.progmem*)
                0x000002fc                . = ALIGN (0x2)
 *(.jumptables)
 *(.jumptables*)
 *(.lowtext)
 *(.lowtext*)
                0x000002fc                __ctors_start = .
 *(.ctors)
                0x000002fc                __ctors_end = .
                0x000002fc                __dtors_start = .
 *(.dtors)
                0x000002fc                __dtors_end = .
 SORT(*)(.ctors)
 SORT(*)(.dtors)
 *(.init0)
 .init0         0x000002fc        0x0 C:/Program Files (x86)/Atmel/Studio/7.0/Packs/Atmel/ATmega_DFP/1.4.351/gcc/dev/atmega328p/avr5/crtatmega328p.o
                0x000002fc                __init
 *(.init0)
 *(.init1)
 *(.init1)
 *(.init2)
 .init2         0x000002fc        0xc C:/Program Files (x86)/Atmel/Studio/7.0/Packs/Atmel/ATmega_DFP/1.4.351/gcc/dev/atmega328p/avr5/crtatmega328p.o
 *(.init2)
 *(.init3)
 *(.init3)
 *(.init4)
 .init4         0x00000308       0x16 c:/program files (x86)/atmel/studio/7.0/toolchain/avr8/avr8-gnu-toolchain/bin/../lib/gcc/avr/5.4.0/avr5\libgcc.a(_copy_data.o)
                0x00000308                __do_copy_data
 .init4         0x0000031e       0x10 c:/program files (x86)/atmel/studio/7.0/toolchain/avr8/avr8-gnu-toolchain/bin/../lib/gcc/avr/5.4.0/avr5\libgcc.a(_clear_bss.o)
                0x0000031e                __do_clear_bss
 *(.init4)
 *(.init5)
 *(.init5)
 *(.init6)
 *(.init6)
 *(.init7)
 *(.init7)
 *(.init8)
 *(.init8)
 *(.init9)
 .init9         0x0000032e        0x8 C:/Program Files (x86)/Atmel/Studio/7.0/Packs/Atmel/ATmega_DFP/1.4.351/gcc/dev/atmega328p/avr5/crtatmega328p.o
 *(.init9)
 *(.text)
 .text          0x00000336        0x4 C:/Program Files (x86)/Atmel/Studio/7.0/Packs/Atmel/ATmega_DFP/1.4.351/gcc/dev/atmega328p/avr5/crtatmega328p.o
                0x00000336                __vector_22
                0x00000336                __vector_1
                0x00000336                __vector_12
                0x00000336                __bad_interrupt
                0x00000336                __vector_6
                0x00000336                __vector_3
                0x00000336                __vector_23
                0x00000336                __vector_25
                0x00000336                __vector_13
                0x00000336                __vector_17
                0x00000336                __vector_7
                0x00000336                __vector_5
                0x00000336                __vector_4
                0x00000336                __vector_9
                0x00000336                __vector_2
                0x00000336                __vector_21
                0x00000336                __vector_15
                0x00000336                __vector_8
                0x00000336                __vector_14
                0x00000336                __vector_10
                0x00000336                __vector_16
                0x00000336                __vector_20
                0x0000033a                . = ALIGN (0x2)
 *(.text.*)
 .text.__vector_11
                0x0000033a       0x4a libs/timer/timer.o
                0x0000033a                __vector_11
 .text.twi_stop
                0x00000384       0x16 libs/twi/twi.o
                0x00000384                twi_stop
 .text.twi_release_bus
                0x0000039a        0xc libs/twi/twi.o
                0x0000039a                twi_release_bus
 .text.__vector_24
                0x000003a6      0x242 libs/twi/twi.o
                0x000003a6                __vector_24
 .text.__vector_18
                0x000005e8       0x56 libs/uart/uart.o
                0x000005e8                __vector_18
 .text.__vector_19
                0x0000063e       0x54 libs/uart/uart.o
                0x0000063e                __vector_19
 .text.pwm_init
                0x00000692        0x4 main.o
                0x00000692                pwm_init
 .text.main     0x00000696       0x12 main.o
                0x00000696                main
 .text.avr-libc
                0x000006a8      0x6fa c:/program files (x86)/atmel/studio/7.0/toolchain/avr8/avr8-gnu-toolchain/bin/../lib/gcc/avr/5.4.0/../../../../avr/lib/avr5\libprintf_flt.a(vfprintf_flt.o)
                0x000006a8                vfprintf
 .text.libgcc   0x00000da2        0xc c:/program files (x86)/atmel/studio/7.0/toolchain/avr8/avr8-gnu-toolchain/bin/../lib/gcc/avr/5.4.0/avr5\libgcc.a(_tablejump2.o)
                0x00000da2                __tablejump2__
 .text.libgcc.prologue
                0x00000dae       0x38 c:/program files (x86)/atmel/studio/7.0/toolchain/avr8/avr8-gnu-toolchain/bin/../lib/gcc/avr/5.4.0/avr5\libgcc.a(_prologue.o)
                0x00000dae                __prologue_saves__
 .text.libgcc.prologue
                0x00000de6       0x36 c:/program files (x86)/atmel/studio/7.0/toolchain/avr8/avr8-gnu-toolchain/bin/../lib/gcc/avr/5.4.0/avr5\libgcc.a(_epilogue.o)
                0x00000de6                __epilogue_restores__
 .text.avr-libc
                0x00000e1c      0x1b0 c:/program files (x86)/atmel/studio/7.0/toolchain/avr8/avr8-gnu-toolchain/bin/../lib/gcc/avr/5.4.0/../../../../avr/lib/avr5\libc.a(ftoa_engine.o)
                0x00000e1c                __ftoa_engine
 .text.avr-libc
                0x00000fcc       0x16 c:/program files (x86)/atmel/studio/7.0/toolchain/avr8/avr8-gnu-toolchain/bin/../lib/gcc/avr/5.4.0/../../../../avr/lib/avr5\libc.a(strnlen_P.o)
                0x00000fcc                strnlen_P
 .text.avr-libc
                0x00000fe2       0x16 c:/program files (x86)/atmel/studio/7.0/toolchain/avr8/avr8-gnu-toolchain/bin/../lib/gcc/avr/5.4.0/../../../../avr/lib/avr5\libc.a(strnlen.o)
                0x00000fe2                strnlen
 .text.avr-libc
                0x00000ff8       0x78 c:/program files (x86)/atmel/studio/7.0/toolchain/avr8/avr8-gnu-toolchain/bin/../lib/gcc/avr/5.4.0/../../../../avr/lib/avr5\libc.a(fputc.o)
                0x00000ff8                fputc
 .text.avr-libc
                0x00001070       0xbc c:/program files (x86)/atmel/studio/7.0/toolchain/avr8/avr8-gnu-toolchain/bin/../lib/gcc/avr/5.4.0/../../../../avr/lib/avr5\libc.a(ultoa_invert.o)
                0x00001070                __ultoa_invert
                0x0000112c                . = ALIGN (0x2)
 *(.fini9)
 .fini9         0x0000112c        0x0 c:/program files (x86)/atmel/studio/7.0/toolchain/avr8/avr8-gnu-toolchain/bin/../lib/gcc/avr/5.4.0/avr5\libgcc.a(_exit.o)
                0x0000112c                _exit
                0x0000112c                exit
 *(.fini9)
 *(.fini8)
 *(.fini8)
 *(.fini7)
 *(.fini7)
 *(.fini6)
 *(.fini6)
 *(.fini5)
 *(.fini5)
 *(.fini4)
 *(.fini4)
 *(.fini3)
 *(.fini3)
 *(.fini2)
 *(.fini2)
 *(.fini1)
 *(.fini1)
 *(.fini0)
 .fini0         0x0000112c        0x4 c:/program files (x86)/atmel/studio/7.0/toolchain/avr8/avr8-gnu-toolchain/bin/../lib/gcc/avr/5.4.0/avr5\libgcc.a(_exit.o)
 *(.fini0)
                0x00001130                _etext = .

.data           0x00800100        0x0 load address 0x00001130
                0x00800100                PROVIDE (__data_start, .)
 *(.data)
 *(.data*)
 *(.gnu.linkonce.d*)
 *(.rodata)
 *(.rodata*)
 *(.gnu.linkonce.r*)
                0x00800100                . = ALIGN (0x2)
                0x00800100                _edata = .
                0x00800100                PROVIDE (__data_end, .)

.bss            0x00800100       0xb7
                0x00800100                PROVIDE (__bss_start, .)
 *(.bss)
 *(.bss*)
 .bss.twi_rx_buffer_index
                0x00800100        0x1 libs/twi/twi.o
 .bss.twi_rx_buffer
                0x00800101       0x20 libs/twi/twi.o
 .bss.twi_tx_buffer_length
                0x00800121        0x1 libs/twi/twi.o
 .bss.twi_tx_buffer_index
                0x00800122        0x1 libs/twi/twi.o
 .bss.twi_tx_buffer
                0x00800123       0x20 libs/twi/twi.o
 .bss.twi_master_buffer_length
                0x00800143        0x1 libs/twi/twi.o
 .bss.twi_master_buffer_index
                0x00800144        0x1 libs/twi/twi.o
 .bss.twi_master_buffer
                0x00800145       0x20 libs/twi/twi.o
 .bss.twi_on_slave_receive
                0x00800165        0x2 libs/twi/twi.o
 .bss.twi_on_slave_transmit
                0x00800167        0x2 libs/twi/twi.o
 .bss.twi_error
                0x00800169        0x1 libs/twi/twi.o
 .bss.twi_slarw
                0x0080016a        0x1 libs/twi/twi.o
 .bss.twi_in_rep_start
                0x0080016b        0x1 libs/twi/twi.o
 .bss.twi_send_stop
                0x0080016c        0x1 libs/twi/twi.o
 .bss.twi_state
                0x0080016d        0x1 libs/twi/twi.o
 .bss.UART_LastRxError
                0x0080016e        0x1 libs/uart/uart.o
 .bss.UART_RxTail
                0x0080016f        0x1 libs/uart/uart.o
 .bss.UART_RxHead
                0x00800170        0x1 libs/uart/uart.o
 .bss.UART_TxTail
                0x00800171        0x1 libs/uart/uart.o
 .bss.UART_TxHead
                0x00800172        0x1 libs/uart/uart.o
 .bss.UART_RxBuf
                0x00800173       0x20 libs/uart/uart.o
 .bss.UART_TxBuf
                0x00800193       0x20 libs/uart/uart.o
 *(COMMON)
 COMMON         0x008001b3        0x4 libs/timer/timer.o
                0x008001b3                timer1_millis
                0x008001b7                PROVIDE (__bss_end, .)
                0x00001130                __data_load_start = LOADADDR (.data)
                0x00001130                __data_load_end = (__data_load_start + SIZEOF (.data))

.noinit         0x008001b7        0x0
                [!provide]                PROVIDE (__noinit_start, .)
 *(.noinit*)
                [!provide]                PROVIDE (__noinit_end, .)
                0x008001b7                _end = .
                [!provide]                PROVIDE (__heap_start, .)

.eeprom         0x00810000        0x0
 *(.eeprom*)
                0x00810000                __eeprom_end = .

.fuse
 *(.fuse)
 *(.lfuse)
 *(.hfuse)
 *(.efuse)

.lock
 *(.lock*)

.signature
 *(.signature*)

.user_signatures
 *(.user_signatures*)

.stab
 *(.stab)

.stabstr
 *(.stabstr)

.stab.excl
 *(.stab.excl)

.stab.exclstr
 *(.stab.exclstr)

.stab.index
 *(.stab.index)

.stab.indexstr
 *(.stab.indexstr)

.comment        0x00000000       0x5c
 *(.comment)
 .comment       0x00000000       0x30 libs/timer/timer.o
                                 0x31 (size before relaxing)
 .comment       0x00000030       0x31 libs/twi/twi.o
 .comment       0x00000030       0x31 libs/uart/uart.o
 .comment       0x00000030       0x31 main.o
 .comment       0x00000030       0x2c c:/program files (x86)/atmel/studio/7.0/toolchain/avr8/avr8-gnu-toolchain/bin/../lib/gcc/avr/5.4.0/../../../../avr/lib/avr5\libprintf_flt.a(vfprintf_flt.o)
                                 0x2d (size before relaxing)
 .comment       0x0000005c       0x31 c:/program files (x86)/atmel/studio/7.0/toolchain/avr8/avr8-gnu-toolchain/bin/../lib/gcc/avr/5.4.0/../../../../avr/lib/avr5\libc.a(fputc.o)

.note.gnu.avr.deviceinfo
                0x00000000       0x40
 .note.gnu.avr.deviceinfo
                0x00000000       0x40 C:/Program Files (x86)/Atmel/Studio/7.0/Packs/Atmel/ATmega_DFP/1.4.351/gcc/dev/atmega328p/avr5/crtatmega328p.o

.note.gnu.build-id
 *(.note.gnu.build-id)

.debug
 *(.debug)

.line
 *(.line)

.debug_srcinfo
 *(.debug_srcinfo)

.debug_sfnames
 *(.debug_sfnames)

.debug_aranges  0x00000000      0x130
 *(.debug_aranges)
 .debug_aranges
                0x00000000       0x30 libs/timer/timer.o
 .debug_aranges
                0x00000030       0x78 libs/twi/twi.o
 .debug_aranges
                0x000000a8       0x60 libs/uart/uart.o
 .debug_aranges
                0x00000108       0x28 main.o

.debug_pubnames
 *(.debug_pubnames)

.debug_info     0x00000000     0x1135
 *(.debug_info .gnu.linkonce.wi.*)
 .debug_info    0x00000000      0x5f4 C:/Program Files (x86)/Atmel/Studio/7.0/Packs/Atmel/ATmega_DFP/1.4.351/gcc/dev/atmega328p/avr5/crtatmega328p.o
 .debug_info    0x000005f4      0x193 libs/timer/timer.o
 .debug_info    0x00000787      0x5c1 libs/twi/twi.o
 .debug_info    0x00000d48      0x32e libs/uart/uart.o
 .debug_info    0x00001076       0xbf main.o

.debug_abbrev   0x00000000      0xa54
 *(.debug_abbrev)
 .debug_abbrev  0x00000000      0x5a2 C:/Program Files (x86)/Atmel/Studio/7.0/Packs/Atmel/ATmega_DFP/1.4.351/gcc/dev/atmega328p/avr5/crtatmega328p.o
 .debug_abbrev  0x000005a2      0x139 libs/timer/timer.o
 .debug_abbrev  0x000006db      0x1b8 libs/twi/twi.o
 .debug_abbrev  0x00000893      0x143 libs/uart/uart.o
 .debug_abbrev  0x000009d6       0x7e main.o

.debug_line     0x00000000      0xae8
 *(.debug_line .debug_line.* .debug_line_end)
 .debug_line    0x00000000      0x134 C:/Program Files (x86)/Atmel/Studio/7.0/Packs/Atmel/ATmega_DFP/1.4.351/gcc/dev/atmega328p/avr5/crtatmega328p.o
 .debug_line    0x00000134      0x17c libs/timer/timer.o
 .debug_line    0x000002b0      0x517 libs/twi/twi.o
 .debug_line    0x000007c7      0x25c libs/uart/uart.o
 .debug_line    0x00000a23       0xc5 main.o

.debug_frame    0x00000000      0x2bc
 *(.debug_frame)
 .debug_frame   0x00000000       0x64 libs/timer/timer.o
 .debug_frame   0x00000064      0x124 libs/twi/twi.o
 .debug_frame   0x00000188      0x100 libs/uart/uart.o
 .debug_frame   0x00000288       0x34 main.o

.debug_str      0x00000000      0x6bb
 *(.debug_str)
 .debug_str     0x00000000      0x208 C:/Program Files (x86)/Atmel/Studio/7.0/Packs/Atmel/ATmega_DFP/1.4.351/gcc/dev/atmega328p/avr5/crtatmega328p.o
 .debug_str     0x00000208      0x1a4 libs/timer/timer.o
                                0x1df (size before relaxing)
 .debug_str     0x000003ac      0x1e3 libs/twi/twi.o
                                0x347 (size before relaxing)
 .debug_str     0x0000058f      0x112 libs/uart/uart.o
                                0x279 (size before relaxing)
 .debug_str     0x000006a1       0x1a main.o
                                0x16a (size before relaxing)

.debug_loc      0x00000000      0x917
 *(.debug_loc)
 .debug_loc     0x00000000       0xdb libs/timer/timer.o
 .debug_loc     0x000000db      0x508 libs/twi/twi.o
 .debug_loc     0x000005e3      0x334 libs/uart/uart.o

.debug_macinfo
 *(.debug_macinfo)

.debug_weaknames
 *(.debug_weaknames)

.debug_funcnames
 *(.debug_funcnames)

.debug_typenames
 *(.debug_typenames)

.debug_varnames
 *(.debug_varnames)

.debug_pubtypes
 *(.debug_pubtypes)

.debug_ranges   0x00000000      0x108
 *(.debug_ranges)
 .debug_ranges  0x00000000       0x20 libs/timer/timer.o
 .debug_ranges  0x00000020       0x68 libs/twi/twi.o
 .debug_ranges  0x00000088       0x68 libs/uart/uart.o
 .debug_ranges  0x000000f0       0x18 main.o

.debug_macro
 *(.debug_macro)
OUTPUT(master.elf elf32-avr)
LOAD linker stubs
