Archive member included to satisfy reference by file (symbol)

C:\Users\fcvil\Projects\icaro\icaro\icaro_lib\Debug\libicaro_lib.a(timer.o)
                              main.o (init_millis)
C:\Users\fcvil\Projects\icaro\icaro\icaro_lib\Debug\libicaro_lib.a(i2cdevlib.o)
                              main.o (wire_init)
C:\Users\fcvil\Projects\icaro\icaro\icaro_lib\Debug\libicaro_lib.a(twi.o)
                              C:\Users\fcvil\Projects\icaro\icaro\icaro_lib\Debug\libicaro_lib.a(i2cdevlib.o) (twi_init)
C:\Users\fcvil\Projects\icaro\icaro\icaro_lib\Debug\libicaro_lib.a(uart.o)
                              main.o (uart_init)
c:/program files (x86)/atmel/studio/7.0/toolchain/avr8/avr8-gnu-toolchain/bin/../lib/gcc/avr/5.4.0/../../../../avr/lib/avr5\libprintf_flt.a(vfprintf_flt.o)
                              (vfprintf)
c:/program files (x86)/atmel/studio/7.0/toolchain/avr8/avr8-gnu-toolchain/bin/../lib/gcc/avr/5.4.0/avr5\libgcc.a(_divmodhi4.o)
                              C:\Users\fcvil\Projects\icaro\icaro\icaro_lib\Debug\libicaro_lib.a(uart.o) (__divmodhi4)
c:/program files (x86)/atmel/studio/7.0/toolchain/avr8/avr8-gnu-toolchain/bin/../lib/gcc/avr/5.4.0/avr5\libgcc.a(_udivmodsi4.o)
                              C:\Users\fcvil\Projects\icaro\icaro\icaro_lib\Debug\libicaro_lib.a(timer.o) (__udivmodsi4)
c:/program files (x86)/atmel/studio/7.0/toolchain/avr8/avr8-gnu-toolchain/bin/../lib/gcc/avr/5.4.0/avr5\libgcc.a(_exit.o)
                              C:/Program Files (x86)/Atmel/Studio/7.0/Packs/Atmel/ATmega_DFP/1.4.351/gcc/dev/atmega328p/avr5/crtatmega328p.o (exit)
c:/program files (x86)/atmel/studio/7.0/toolchain/avr8/avr8-gnu-toolchain/bin/../lib/gcc/avr/5.4.0/avr5\libgcc.a(_tablejump2.o)
                              C:\Users\fcvil\Projects\icaro\icaro\icaro_lib\Debug\libicaro_lib.a(twi.o) (__tablejump2__)
c:/program files (x86)/atmel/studio/7.0/toolchain/avr8/avr8-gnu-toolchain/bin/../lib/gcc/avr/5.4.0/avr5\libgcc.a(_clear_bss.o)
                              main.o (__do_clear_bss)
c:/program files (x86)/atmel/studio/7.0/toolchain/avr8/avr8-gnu-toolchain/bin/../lib/gcc/avr/5.4.0/avr5\libgcc.a(_prologue.o)
                              c:/program files (x86)/atmel/studio/7.0/toolchain/avr8/avr8-gnu-toolchain/bin/../lib/gcc/avr/5.4.0/../../../../avr/lib/avr5\libprintf_flt.a(vfprintf_flt.o) (__prologue_saves__)
c:/program files (x86)/atmel/studio/7.0/toolchain/avr8/avr8-gnu-toolchain/bin/../lib/gcc/avr/5.4.0/avr5\libgcc.a(_epilogue.o)
                              c:/program files (x86)/atmel/studio/7.0/toolchain/avr8/avr8-gnu-toolchain/bin/../lib/gcc/avr/5.4.0/../../../../avr/lib/avr5\libprintf_flt.a(vfprintf_flt.o) (__epilogue_restores__)
c:/program files (x86)/atmel/studio/7.0/toolchain/avr8/avr8-gnu-toolchain/bin/../lib/gcc/avr/5.4.0/avr5\libgcc.a(_udivmodhi4.o)
                              c:/program files (x86)/atmel/studio/7.0/toolchain/avr8/avr8-gnu-toolchain/bin/../lib/gcc/avr/5.4.0/avr5\libgcc.a(_divmodhi4.o) (__udivmodhi4)
c:/program files (x86)/atmel/studio/7.0/toolchain/avr8/avr8-gnu-toolchain/bin/../lib/gcc/avr/5.4.0/../../../../avr/lib/avr5\libc.a(ftoa_engine.o)
                              c:/program files (x86)/atmel/studio/7.0/toolchain/avr8/avr8-gnu-toolchain/bin/../lib/gcc/avr/5.4.0/../../../../avr/lib/avr5\libprintf_flt.a(vfprintf_flt.o) (__ftoa_engine)
c:/program files (x86)/atmel/studio/7.0/toolchain/avr8/avr8-gnu-toolchain/bin/../lib/gcc/avr/5.4.0/../../../../avr/lib/avr5\libc.a(strnlen_P.o)
                              c:/program files (x86)/atmel/studio/7.0/toolchain/avr8/avr8-gnu-toolchain/bin/../lib/gcc/avr/5.4.0/../../../../avr/lib/avr5\libprintf_flt.a(vfprintf_flt.o) (strnlen_P)
c:/program files (x86)/atmel/studio/7.0/toolchain/avr8/avr8-gnu-toolchain/bin/../lib/gcc/avr/5.4.0/../../../../avr/lib/avr5\libc.a(strnlen.o)
                              c:/program files (x86)/atmel/studio/7.0/toolchain/avr8/avr8-gnu-toolchain/bin/../lib/gcc/avr/5.4.0/../../../../avr/lib/avr5\libprintf_flt.a(vfprintf_flt.o) (strnlen)
c:/program files (x86)/atmel/studio/7.0/toolchain/avr8/avr8-gnu-toolchain/bin/../lib/gcc/avr/5.4.0/../../../../avr/lib/avr5\libc.a(fputc.o)
                              c:/program files (x86)/atmel/studio/7.0/toolchain/avr8/avr8-gnu-toolchain/bin/../lib/gcc/avr/5.4.0/../../../../avr/lib/avr5\libprintf_flt.a(vfprintf_flt.o) (fputc)
c:/program files (x86)/atmel/studio/7.0/toolchain/avr8/avr8-gnu-toolchain/bin/../lib/gcc/avr/5.4.0/../../../../avr/lib/avr5\libc.a(ultoa_invert.o)
                              c:/program files (x86)/atmel/studio/7.0/toolchain/avr8/avr8-gnu-toolchain/bin/../lib/gcc/avr/5.4.0/../../../../avr/lib/avr5\libprintf_flt.a(vfprintf_flt.o) (__ultoa_invert)

Allocating common symbols
Common symbol       size              file

rx_buffer           0x20              C:\Users\fcvil\Projects\icaro\icaro\icaro_lib\Debug\libicaro_lib.a(i2cdevlib.o)
tx_buffer           0x20              C:\Users\fcvil\Projects\icaro\icaro\icaro_lib\Debug\libicaro_lib.a(i2cdevlib.o)
timer1_millis       0x4               C:\Users\fcvil\Projects\icaro\icaro\icaro_lib\Debug\libicaro_lib.a(timer.o)

Discarded input sections

 .data          0x00000000        0x0 C:/Program Files (x86)/Atmel/Studio/7.0/Packs/Atmel/ATmega_DFP/1.4.351/gcc/dev/atmega328p/avr5/crtatmega328p.o
 .bss           0x00000000        0x0 C:/Program Files (x86)/Atmel/Studio/7.0/Packs/Atmel/ATmega_DFP/1.4.351/gcc/dev/atmega328p/avr5/crtatmega328p.o
 .text          0x00000000        0x0 main.o
 .data          0x00000000        0x0 main.o
 .bss           0x00000000        0x0 main.o
 .text          0x00000000        0x0 C:\Users\fcvil\Projects\icaro\icaro\icaro_lib\Debug\libicaro_lib.a(timer.o)
 .data          0x00000000        0x0 C:\Users\fcvil\Projects\icaro\icaro\icaro_lib\Debug\libicaro_lib.a(timer.o)
 .bss           0x00000000        0x0 C:\Users\fcvil\Projects\icaro\icaro\icaro_lib\Debug\libicaro_lib.a(timer.o)
 .text          0x00000000        0x0 C:\Users\fcvil\Projects\icaro\icaro\icaro_lib\Debug\libicaro_lib.a(i2cdevlib.o)
 .data          0x00000000        0x0 C:\Users\fcvil\Projects\icaro\icaro\icaro_lib\Debug\libicaro_lib.a(i2cdevlib.o)
 .bss           0x00000000        0x0 C:\Users\fcvil\Projects\icaro\icaro\icaro_lib\Debug\libicaro_lib.a(i2cdevlib.o)
 .text.wire_set_address
                0x00000000        0x6 C:\Users\fcvil\Projects\icaro\icaro\icaro_lib\Debug\libicaro_lib.a(i2cdevlib.o)
 .text.wire_get_status
                0x00000000        0x6 C:\Users\fcvil\Projects\icaro\icaro\icaro_lib\Debug\libicaro_lib.a(i2cdevlib.o)
 .text.wire_set_on_receive
                0x00000000        0xa C:\Users\fcvil\Projects\icaro\icaro\icaro_lib\Debug\libicaro_lib.a(i2cdevlib.o)
 .text.wire_set_on_request
                0x00000000        0xa C:\Users\fcvil\Projects\icaro\icaro\icaro_lib\Debug\libicaro_lib.a(i2cdevlib.o)
 .text.i2c_read_bit
                0x00000000       0x4c C:\Users\fcvil\Projects\icaro\icaro\icaro_lib\Debug\libicaro_lib.a(i2cdevlib.o)
 .text.i2c_read_bits
                0x00000000       0x7c C:\Users\fcvil\Projects\icaro\icaro\icaro_lib\Debug\libicaro_lib.a(i2cdevlib.o)
 .text.i2c_read_words
                0x00000000      0x1d2 C:\Users\fcvil\Projects\icaro\icaro\icaro_lib\Debug\libicaro_lib.a(i2cdevlib.o)
 .text.i2c_read_word
                0x00000000       0x14 C:\Users\fcvil\Projects\icaro\icaro\icaro_lib\Debug\libicaro_lib.a(i2cdevlib.o)
 .text.i2c_read_bit_word
                0x00000000       0x54 C:\Users\fcvil\Projects\icaro\icaro\icaro_lib\Debug\libicaro_lib.a(i2cdevlib.o)
 .text.i2c_read_bits_word
                0x00000000       0x82 C:\Users\fcvil\Projects\icaro\icaro\icaro_lib\Debug\libicaro_lib.a(i2cdevlib.o)
 .text.i2c_write_bit
                0x00000000       0x6e C:\Users\fcvil\Projects\icaro\icaro\icaro_lib\Debug\libicaro_lib.a(i2cdevlib.o)
 .text.i2c_write_bits
                0x00000000       0x92 C:\Users\fcvil\Projects\icaro\icaro\icaro_lib\Debug\libicaro_lib.a(i2cdevlib.o)
 .text.i2c_write_words
                0x00000000       0x58 C:\Users\fcvil\Projects\icaro\icaro\icaro_lib\Debug\libicaro_lib.a(i2cdevlib.o)
 .text.i2c_write_word
                0x00000000       0x24 C:\Users\fcvil\Projects\icaro\icaro\icaro_lib\Debug\libicaro_lib.a(i2cdevlib.o)
 .text.i2c_write_bit_word
                0x00000000       0x80 C:\Users\fcvil\Projects\icaro\icaro\icaro_lib\Debug\libicaro_lib.a(i2cdevlib.o)
 .text.i2c_write_bits_word
                0x00000000       0x98 C:\Users\fcvil\Projects\icaro\icaro\icaro_lib\Debug\libicaro_lib.a(i2cdevlib.o)
 .text          0x00000000        0x0 C:\Users\fcvil\Projects\icaro\icaro\icaro_lib\Debug\libicaro_lib.a(twi.o)
 .data          0x00000000        0x0 C:\Users\fcvil\Projects\icaro\icaro\icaro_lib\Debug\libicaro_lib.a(twi.o)
 .bss           0x00000000        0x0 C:\Users\fcvil\Projects\icaro\icaro\icaro_lib\Debug\libicaro_lib.a(twi.o)
 .text.twi_get_state
                0x00000000        0x6 C:\Users\fcvil\Projects\icaro\icaro\icaro_lib\Debug\libicaro_lib.a(twi.o)
 .text.twi_disable
                0x00000000        0xc C:\Users\fcvil\Projects\icaro\icaro\icaro_lib\Debug\libicaro_lib.a(twi.o)
 .text.twi_set_address
                0x00000000        0x8 C:\Users\fcvil\Projects\icaro\icaro\icaro_lib\Debug\libicaro_lib.a(twi.o)
 .text.twi_reply
                0x00000000       0x14 C:\Users\fcvil\Projects\icaro\icaro\icaro_lib\Debug\libicaro_lib.a(twi.o)
 .text          0x00000000        0x0 C:\Users\fcvil\Projects\icaro\icaro\icaro_lib\Debug\libicaro_lib.a(uart.o)
 .data          0x00000000        0x0 C:\Users\fcvil\Projects\icaro\icaro\icaro_lib\Debug\libicaro_lib.a(uart.o)
 .bss           0x00000000        0x0 C:\Users\fcvil\Projects\icaro\icaro\icaro_lib\Debug\libicaro_lib.a(uart.o)
 .text.uart_getc
                0x00000000       0x36 C:\Users\fcvil\Projects\icaro\icaro\icaro_lib\Debug\libicaro_lib.a(uart.o)
 .text.uart_putc
                0x00000000       0x2a C:\Users\fcvil\Projects\icaro\icaro\icaro_lib\Debug\libicaro_lib.a(uart.o)
 .text.uart_puts
                0x00000000       0x1e C:\Users\fcvil\Projects\icaro\icaro\icaro_lib\Debug\libicaro_lib.a(uart.o)
 .text.uart_puts_p
                0x00000000       0x24 C:\Users\fcvil\Projects\icaro\icaro\icaro_lib\Debug\libicaro_lib.a(uart.o)
 .text.uart_available
                0x00000000       0x1a C:\Users\fcvil\Projects\icaro\icaro\icaro_lib\Debug\libicaro_lib.a(uart.o)
 .text.uart_flush
                0x00000000        0xa C:\Users\fcvil\Projects\icaro\icaro\icaro_lib\Debug\libicaro_lib.a(uart.o)
 .text          0x00000000        0x0 c:/program files (x86)/atmel/studio/7.0/toolchain/avr8/avr8-gnu-toolchain/bin/../lib/gcc/avr/5.4.0/../../../../avr/lib/avr5\libprintf_flt.a(vfprintf_flt.o)
 .data          0x00000000        0x0 c:/program files (x86)/atmel/studio/7.0/toolchain/avr8/avr8-gnu-toolchain/bin/../lib/gcc/avr/5.4.0/../../../../avr/lib/avr5\libprintf_flt.a(vfprintf_flt.o)
 .bss           0x00000000        0x0 c:/program files (x86)/atmel/studio/7.0/toolchain/avr8/avr8-gnu-toolchain/bin/../lib/gcc/avr/5.4.0/../../../../avr/lib/avr5\libprintf_flt.a(vfprintf_flt.o)
 .text          0x00000000        0x0 c:/program files (x86)/atmel/studio/7.0/toolchain/avr8/avr8-gnu-toolchain/bin/../lib/gcc/avr/5.4.0/avr5\libgcc.a(_divmodhi4.o)
 .data          0x00000000        0x0 c:/program files (x86)/atmel/studio/7.0/toolchain/avr8/avr8-gnu-toolchain/bin/../lib/gcc/avr/5.4.0/avr5\libgcc.a(_divmodhi4.o)
 .bss           0x00000000        0x0 c:/program files (x86)/atmel/studio/7.0/toolchain/avr8/avr8-gnu-toolchain/bin/../lib/gcc/avr/5.4.0/avr5\libgcc.a(_divmodhi4.o)
 .text.libgcc.mul
                0x00000000        0x0 c:/program files (x86)/atmel/studio/7.0/toolchain/avr8/avr8-gnu-toolchain/bin/../lib/gcc/avr/5.4.0/avr5\libgcc.a(_divmodhi4.o)
 .text.libgcc.div
                0x00000000       0x28 c:/program files (x86)/atmel/studio/7.0/toolchain/avr8/avr8-gnu-toolchain/bin/../lib/gcc/avr/5.4.0/avr5\libgcc.a(_divmodhi4.o)
 .text.libgcc   0x00000000        0x0 c:/program files (x86)/atmel/studio/7.0/toolchain/avr8/avr8-gnu-toolchain/bin/../lib/gcc/avr/5.4.0/avr5\libgcc.a(_divmodhi4.o)
 .text.libgcc.prologue
                0x00000000        0x0 c:/program files (x86)/atmel/studio/7.0/toolchain/avr8/avr8-gnu-toolchain/bin/../lib/gcc/avr/5.4.0/avr5\libgcc.a(_divmodhi4.o)
 .text.libgcc.builtins
                0x00000000        0x0 c:/program files (x86)/atmel/studio/7.0/toolchain/avr8/avr8-gnu-toolchain/bin/../lib/gcc/avr/5.4.0/avr5\libgcc.a(_divmodhi4.o)
 .text.libgcc.fmul
                0x00000000        0x0 c:/program files (x86)/atmel/studio/7.0/toolchain/avr8/avr8-gnu-toolchain/bin/../lib/gcc/avr/5.4.0/avr5\libgcc.a(_divmodhi4.o)
 .text.libgcc.fixed
                0x00000000        0x0 c:/program files (x86)/atmel/studio/7.0/toolchain/avr8/avr8-gnu-toolchain/bin/../lib/gcc/avr/5.4.0/avr5\libgcc.a(_divmodhi4.o)
 .text          0x00000000        0x0 c:/program files (x86)/atmel/studio/7.0/toolchain/avr8/avr8-gnu-toolchain/bin/../lib/gcc/avr/5.4.0/avr5\libgcc.a(_udivmodsi4.o)
 .data          0x00000000        0x0 c:/program files (x86)/atmel/studio/7.0/toolchain/avr8/avr8-gnu-toolchain/bin/../lib/gcc/avr/5.4.0/avr5\libgcc.a(_udivmodsi4.o)
 .bss           0x00000000        0x0 c:/program files (x86)/atmel/studio/7.0/toolchain/avr8/avr8-gnu-toolchain/bin/../lib/gcc/avr/5.4.0/avr5\libgcc.a(_udivmodsi4.o)
 .text.libgcc.mul
                0x00000000        0x0 c:/program files (x86)/atmel/studio/7.0/toolchain/avr8/avr8-gnu-toolchain/bin/../lib/gcc/avr/5.4.0/avr5\libgcc.a(_udivmodsi4.o)
 .text.libgcc   0x00000000        0x0 c:/program files (x86)/atmel/studio/7.0/toolchain/avr8/avr8-gnu-toolchain/bin/../lib/gcc/avr/5.4.0/avr5\libgcc.a(_udivmodsi4.o)
 .text.libgcc.prologue
                0x00000000        0x0 c:/program files (x86)/atmel/studio/7.0/toolchain/avr8/avr8-gnu-toolchain/bin/../lib/gcc/avr/5.4.0/avr5\libgcc.a(_udivmodsi4.o)
 .text.libgcc.builtins
                0x00000000        0x0 c:/program files (x86)/atmel/studio/7.0/toolchain/avr8/avr8-gnu-toolchain/bin/../lib/gcc/avr/5.4.0/avr5\libgcc.a(_udivmodsi4.o)
 .text.libgcc.fmul
                0x00000000        0x0 c:/program files (x86)/atmel/studio/7.0/toolchain/avr8/avr8-gnu-toolchain/bin/../lib/gcc/avr/5.4.0/avr5\libgcc.a(_udivmodsi4.o)
 .text.libgcc.fixed
                0x00000000        0x0 c:/program files (x86)/atmel/studio/7.0/toolchain/avr8/avr8-gnu-toolchain/bin/../lib/gcc/avr/5.4.0/avr5\libgcc.a(_udivmodsi4.o)
 .text          0x00000000        0x0 c:/program files (x86)/atmel/studio/7.0/toolchain/avr8/avr8-gnu-toolchain/bin/../lib/gcc/avr/5.4.0/avr5\libgcc.a(_exit.o)
 .data          0x00000000        0x0 c:/program files (x86)/atmel/studio/7.0/toolchain/avr8/avr8-gnu-toolchain/bin/../lib/gcc/avr/5.4.0/avr5\libgcc.a(_exit.o)
 .bss           0x00000000        0x0 c:/program files (x86)/atmel/studio/7.0/toolchain/avr8/avr8-gnu-toolchain/bin/../lib/gcc/avr/5.4.0/avr5\libgcc.a(_exit.o)
 .text.libgcc.mul
                0x00000000        0x0 c:/program files (x86)/atmel/studio/7.0/toolchain/avr8/avr8-gnu-toolchain/bin/../lib/gcc/avr/5.4.0/avr5\libgcc.a(_exit.o)
 .text.libgcc.div
                0x00000000        0x0 c:/program files (x86)/atmel/studio/7.0/toolchain/avr8/avr8-gnu-toolchain/bin/../lib/gcc/avr/5.4.0/avr5\libgcc.a(_exit.o)
 .text.libgcc   0x00000000        0x0 c:/program files (x86)/atmel/studio/7.0/toolchain/avr8/avr8-gnu-toolchain/bin/../lib/gcc/avr/5.4.0/avr5\libgcc.a(_exit.o)
 .text.libgcc.prologue
                0x00000000        0x0 c:/program files (x86)/atmel/studio/7.0/toolchain/avr8/avr8-gnu-toolchain/bin/../lib/gcc/avr/5.4.0/avr5\libgcc.a(_exit.o)
 .text.libgcc.builtins
                0x00000000        0x0 c:/program files (x86)/atmel/studio/7.0/toolchain/avr8/avr8-gnu-toolchain/bin/../lib/gcc/avr/5.4.0/avr5\libgcc.a(_exit.o)
 .text.libgcc.fmul
                0x00000000        0x0 c:/program files (x86)/atmel/studio/7.0/toolchain/avr8/avr8-gnu-toolchain/bin/../lib/gcc/avr/5.4.0/avr5\libgcc.a(_exit.o)
 .text.libgcc.fixed
                0x00000000        0x0 c:/program files (x86)/atmel/studio/7.0/toolchain/avr8/avr8-gnu-toolchain/bin/../lib/gcc/avr/5.4.0/avr5\libgcc.a(_exit.o)
 .text          0x00000000        0x0 c:/program files (x86)/atmel/studio/7.0/toolchain/avr8/avr8-gnu-toolchain/bin/../lib/gcc/avr/5.4.0/avr5\libgcc.a(_tablejump2.o)
 .data          0x00000000        0x0 c:/program files (x86)/atmel/studio/7.0/toolchain/avr8/avr8-gnu-toolchain/bin/../lib/gcc/avr/5.4.0/avr5\libgcc.a(_tablejump2.o)
 .bss           0x00000000        0x0 c:/program files (x86)/atmel/studio/7.0/toolchain/avr8/avr8-gnu-toolchain/bin/../lib/gcc/avr/5.4.0/avr5\libgcc.a(_tablejump2.o)
 .text.libgcc.mul
                0x00000000        0x0 c:/program files (x86)/atmel/studio/7.0/toolchain/avr8/avr8-gnu-toolchain/bin/../lib/gcc/avr/5.4.0/avr5\libgcc.a(_tablejump2.o)
 .text.libgcc.div
                0x00000000        0x0 c:/program files (x86)/atmel/studio/7.0/toolchain/avr8/avr8-gnu-toolchain/bin/../lib/gcc/avr/5.4.0/avr5\libgcc.a(_tablejump2.o)
 .text.libgcc.prologue
                0x00000000        0x0 c:/program files (x86)/atmel/studio/7.0/toolchain/avr8/avr8-gnu-toolchain/bin/../lib/gcc/avr/5.4.0/avr5\libgcc.a(_tablejump2.o)
 .text.libgcc.builtins
                0x00000000        0x0 c:/program files (x86)/atmel/studio/7.0/toolchain/avr8/avr8-gnu-toolchain/bin/../lib/gcc/avr/5.4.0/avr5\libgcc.a(_tablejump2.o)
 .text.libgcc.fmul
                0x00000000        0x0 c:/program files (x86)/atmel/studio/7.0/toolchain/avr8/avr8-gnu-toolchain/bin/../lib/gcc/avr/5.4.0/avr5\libgcc.a(_tablejump2.o)
 .text.libgcc.fixed
                0x00000000        0x0 c:/program files (x86)/atmel/studio/7.0/toolchain/avr8/avr8-gnu-toolchain/bin/../lib/gcc/avr/5.4.0/avr5\libgcc.a(_tablejump2.o)
 .text          0x00000000        0x0 c:/program files (x86)/atmel/studio/7.0/toolchain/avr8/avr8-gnu-toolchain/bin/../lib/gcc/avr/5.4.0/avr5\libgcc.a(_clear_bss.o)
 .data          0x00000000        0x0 c:/program files (x86)/atmel/studio/7.0/toolchain/avr8/avr8-gnu-toolchain/bin/../lib/gcc/avr/5.4.0/avr5\libgcc.a(_clear_bss.o)
 .bss           0x00000000        0x0 c:/program files (x86)/atmel/studio/7.0/toolchain/avr8/avr8-gnu-toolchain/bin/../lib/gcc/avr/5.4.0/avr5\libgcc.a(_clear_bss.o)
 .text.libgcc.mul
                0x00000000        0x0 c:/program files (x86)/atmel/studio/7.0/toolchain/avr8/avr8-gnu-toolchain/bin/../lib/gcc/avr/5.4.0/avr5\libgcc.a(_clear_bss.o)
 .text.libgcc.div
                0x00000000        0x0 c:/program files (x86)/atmel/studio/7.0/toolchain/avr8/avr8-gnu-toolchain/bin/../lib/gcc/avr/5.4.0/avr5\libgcc.a(_clear_bss.o)
 .text.libgcc   0x00000000        0x0 c:/program files (x86)/atmel/studio/7.0/toolchain/avr8/avr8-gnu-toolchain/bin/../lib/gcc/avr/5.4.0/avr5\libgcc.a(_clear_bss.o)
 .text.libgcc.prologue
                0x00000000        0x0 c:/program files (x86)/atmel/studio/7.0/toolchain/avr8/avr8-gnu-toolchain/bin/../lib/gcc/avr/5.4.0/avr5\libgcc.a(_clear_bss.o)
 .text.libgcc.builtins
                0x00000000        0x0 c:/program files (x86)/atmel/studio/7.0/toolchain/avr8/avr8-gnu-toolchain/bin/../lib/gcc/avr/5.4.0/avr5\libgcc.a(_clear_bss.o)
 .text.libgcc.fmul
                0x00000000        0x0 c:/program files (x86)/atmel/studio/7.0/toolchain/avr8/avr8-gnu-toolchain/bin/../lib/gcc/avr/5.4.0/avr5\libgcc.a(_clear_bss.o)
 .text.libgcc.fixed
                0x00000000        0x0 c:/program files (x86)/atmel/studio/7.0/toolchain/avr8/avr8-gnu-toolchain/bin/../lib/gcc/avr/5.4.0/avr5\libgcc.a(_clear_bss.o)
 .text          0x00000000        0x0 c:/program files (x86)/atmel/studio/7.0/toolchain/avr8/avr8-gnu-toolchain/bin/../lib/gcc/avr/5.4.0/avr5\libgcc.a(_prologue.o)
 .data          0x00000000        0x0 c:/program files (x86)/atmel/studio/7.0/toolchain/avr8/avr8-gnu-toolchain/bin/../lib/gcc/avr/5.4.0/avr5\libgcc.a(_prologue.o)
 .bss           0x00000000        0x0 c:/program files (x86)/atmel/studio/7.0/toolchain/avr8/avr8-gnu-toolchain/bin/../lib/gcc/avr/5.4.0/avr5\libgcc.a(_prologue.o)
 .text.libgcc.mul
                0x00000000        0x0 c:/program files (x86)/atmel/studio/7.0/toolchain/avr8/avr8-gnu-toolchain/bin/../lib/gcc/avr/5.4.0/avr5\libgcc.a(_prologue.o)
 .text.libgcc.div
                0x00000000        0x0 c:/program files (x86)/atmel/studio/7.0/toolchain/avr8/avr8-gnu-toolchain/bin/../lib/gcc/avr/5.4.0/avr5\libgcc.a(_prologue.o)
 .text.libgcc   0x00000000        0x0 c:/program files (x86)/atmel/studio/7.0/toolchain/avr8/avr8-gnu-toolchain/bin/../lib/gcc/avr/5.4.0/avr5\libgcc.a(_prologue.o)
 .text.libgcc.builtins
                0x00000000        0x0 c:/program files (x86)/atmel/studio/7.0/toolchain/avr8/avr8-gnu-toolchain/bin/../lib/gcc/avr/5.4.0/avr5\libgcc.a(_prologue.o)
 .text.libgcc.fmul
                0x00000000        0x0 c:/program files (x86)/atmel/studio/7.0/toolchain/avr8/avr8-gnu-toolchain/bin/../lib/gcc/avr/5.4.0/avr5\libgcc.a(_prologue.o)
 .text.libgcc.fixed
                0x00000000        0x0 c:/program files (x86)/atmel/studio/7.0/toolchain/avr8/avr8-gnu-toolchain/bin/../lib/gcc/avr/5.4.0/avr5\libgcc.a(_prologue.o)
 .text          0x00000000        0x0 c:/program files (x86)/atmel/studio/7.0/toolchain/avr8/avr8-gnu-toolchain/bin/../lib/gcc/avr/5.4.0/avr5\libgcc.a(_epilogue.o)
 .data          0x00000000        0x0 c:/program files (x86)/atmel/studio/7.0/toolchain/avr8/avr8-gnu-toolchain/bin/../lib/gcc/avr/5.4.0/avr5\libgcc.a(_epilogue.o)
 .bss           0x00000000        0x0 c:/program files (x86)/atmel/studio/7.0/toolchain/avr8/avr8-gnu-toolchain/bin/../lib/gcc/avr/5.4.0/avr5\libgcc.a(_epilogue.o)
 .text.libgcc.mul
                0x00000000        0x0 c:/program files (x86)/atmel/studio/7.0/toolchain/avr8/avr8-gnu-toolchain/bin/../lib/gcc/avr/5.4.0/avr5\libgcc.a(_epilogue.o)
 .text.libgcc.div
                0x00000000        0x0 c:/program files (x86)/atmel/studio/7.0/toolchain/avr8/avr8-gnu-toolchain/bin/../lib/gcc/avr/5.4.0/avr5\libgcc.a(_epilogue.o)
 .text.libgcc   0x00000000        0x0 c:/program files (x86)/atmel/studio/7.0/toolchain/avr8/avr8-gnu-toolchain/bin/../lib/gcc/avr/5.4.0/avr5\libgcc.a(_epilogue.o)
 .text.libgcc.builtins
                0x00000000        0x0 c:/program files (x86)/atmel/studio/7.0/toolchain/avr8/avr8-gnu-toolchain/bin/../lib/gcc/avr/5.4.0/avr5\libgcc.a(_epilogue.o)
 .text.libgcc.fmul
                0x00000000        0x0 c:/program files (x86)/atmel/studio/7.0/toolchain/avr8/avr8-gnu-toolchain/bin/../lib/gcc/avr/5.4.0/avr5\libgcc.a(_epilogue.o)
 .text.libgcc.fixed
                0x00000000        0x0 c:/program files (x86)/atmel/studio/7.0/toolchain/avr8/avr8-gnu-toolchain/bin/../lib/gcc/avr/5.4.0/avr5\libgcc.a(_epilogue.o)
 .text          0x00000000        0x0 c:/program files (x86)/atmel/studio/7.0/toolchain/avr8/avr8-gnu-toolchain/bin/../lib/gcc/avr/5.4.0/avr5\libgcc.a(_udivmodhi4.o)
 .data          0x00000000        0x0 c:/program files (x86)/atmel/studio/7.0/toolchain/avr8/avr8-gnu-toolchain/bin/../lib/gcc/avr/5.4.0/avr5\libgcc.a(_udivmodhi4.o)
 .bss           0x00000000        0x0 c:/program files (x86)/atmel/studio/7.0/toolchain/avr8/avr8-gnu-toolchain/bin/../lib/gcc/avr/5.4.0/avr5\libgcc.a(_udivmodhi4.o)
 .text.libgcc.mul
                0x00000000        0x0 c:/program files (x86)/atmel/studio/7.0/toolchain/avr8/avr8-gnu-toolchain/bin/../lib/gcc/avr/5.4.0/avr5\libgcc.a(_udivmodhi4.o)
 .text.libgcc.div
                0x00000000       0x28 c:/program files (x86)/atmel/studio/7.0/toolchain/avr8/avr8-gnu-toolchain/bin/../lib/gcc/avr/5.4.0/avr5\libgcc.a(_udivmodhi4.o)
 .text.libgcc   0x00000000        0x0 c:/program files (x86)/atmel/studio/7.0/toolchain/avr8/avr8-gnu-toolchain/bin/../lib/gcc/avr/5.4.0/avr5\libgcc.a(_udivmodhi4.o)
 .text.libgcc.prologue
                0x00000000        0x0 c:/program files (x86)/atmel/studio/7.0/toolchain/avr8/avr8-gnu-toolchain/bin/../lib/gcc/avr/5.4.0/avr5\libgcc.a(_udivmodhi4.o)
 .text.libgcc.builtins
                0x00000000        0x0 c:/program files (x86)/atmel/studio/7.0/toolchain/avr8/avr8-gnu-toolchain/bin/../lib/gcc/avr/5.4.0/avr5\libgcc.a(_udivmodhi4.o)
 .text.libgcc.fmul
                0x00000000        0x0 c:/program files (x86)/atmel/studio/7.0/toolchain/avr8/avr8-gnu-toolchain/bin/../lib/gcc/avr/5.4.0/avr5\libgcc.a(_udivmodhi4.o)
 .text.libgcc.fixed
                0x00000000        0x0 c:/program files (x86)/atmel/studio/7.0/toolchain/avr8/avr8-gnu-toolchain/bin/../lib/gcc/avr/5.4.0/avr5\libgcc.a(_udivmodhi4.o)
 .text          0x00000000        0x0 c:/program files (x86)/atmel/studio/7.0/toolchain/avr8/avr8-gnu-toolchain/bin/../lib/gcc/avr/5.4.0/../../../../avr/lib/avr5\libc.a(ftoa_engine.o)
 .data          0x00000000        0x0 c:/program files (x86)/atmel/studio/7.0/toolchain/avr8/avr8-gnu-toolchain/bin/../lib/gcc/avr/5.4.0/../../../../avr/lib/avr5\libc.a(ftoa_engine.o)
 .bss           0x00000000        0x0 c:/program files (x86)/atmel/studio/7.0/toolchain/avr8/avr8-gnu-toolchain/bin/../lib/gcc/avr/5.4.0/../../../../avr/lib/avr5\libc.a(ftoa_engine.o)
 .text          0x00000000        0x0 c:/program files (x86)/atmel/studio/7.0/toolchain/avr8/avr8-gnu-toolchain/bin/../lib/gcc/avr/5.4.0/../../../../avr/lib/avr5\libc.a(strnlen_P.o)
 .data          0x00000000        0x0 c:/program files (x86)/atmel/studio/7.0/toolchain/avr8/avr8-gnu-toolchain/bin/../lib/gcc/avr/5.4.0/../../../../avr/lib/avr5\libc.a(strnlen_P.o)
 .bss           0x00000000        0x0 c:/program files (x86)/atmel/studio/7.0/toolchain/avr8/avr8-gnu-toolchain/bin/../lib/gcc/avr/5.4.0/../../../../avr/lib/avr5\libc.a(strnlen_P.o)
 .text          0x00000000        0x0 c:/program files (x86)/atmel/studio/7.0/toolchain/avr8/avr8-gnu-toolchain/bin/../lib/gcc/avr/5.4.0/../../../../avr/lib/avr5\libc.a(strnlen.o)
 .data          0x00000000        0x0 c:/program files (x86)/atmel/studio/7.0/toolchain/avr8/avr8-gnu-toolchain/bin/../lib/gcc/avr/5.4.0/../../../../avr/lib/avr5\libc.a(strnlen.o)
 .bss           0x00000000        0x0 c:/program files (x86)/atmel/studio/7.0/toolchain/avr8/avr8-gnu-toolchain/bin/../lib/gcc/avr/5.4.0/../../../../avr/lib/avr5\libc.a(strnlen.o)
 .text          0x00000000        0x0 c:/program files (x86)/atmel/studio/7.0/toolchain/avr8/avr8-gnu-toolchain/bin/../lib/gcc/avr/5.4.0/../../../../avr/lib/avr5\libc.a(fputc.o)
 .data          0x00000000        0x0 c:/program files (x86)/atmel/studio/7.0/toolchain/avr8/avr8-gnu-toolchain/bin/../lib/gcc/avr/5.4.0/../../../../avr/lib/avr5\libc.a(fputc.o)
 .bss           0x00000000        0x0 c:/program files (x86)/atmel/studio/7.0/toolchain/avr8/avr8-gnu-toolchain/bin/../lib/gcc/avr/5.4.0/../../../../avr/lib/avr5\libc.a(fputc.o)
 .text          0x00000000        0x0 c:/program files (x86)/atmel/studio/7.0/toolchain/avr8/avr8-gnu-toolchain/bin/../lib/gcc/avr/5.4.0/../../../../avr/lib/avr5\libc.a(ultoa_invert.o)
 .data          0x00000000        0x0 c:/program files (x86)/atmel/studio/7.0/toolchain/avr8/avr8-gnu-toolchain/bin/../lib/gcc/avr/5.4.0/../../../../avr/lib/avr5\libc.a(ultoa_invert.o)
 .bss           0x00000000        0x0 c:/program files (x86)/atmel/studio/7.0/toolchain/avr8/avr8-gnu-toolchain/bin/../lib/gcc/avr/5.4.0/../../../../avr/lib/avr5\libc.a(ultoa_invert.o)

Memory Configuration

Name             Origin             Length             Attributes
text             0x00000000         0x00008000         xr
data             0x00800100         0x00000800         rw !x
eeprom           0x00810000         0x00000400         rw !x
fuse             0x00820000         0x00000003         rw !x
lock             0x00830000         0x00000400         rw !x
signature        0x00840000         0x00000400         rw !x
user_signatures  0x00850000         0x00000400         rw !x
*default*        0x00000000         0xffffffff

Linker script and memory map

Address of section .data set to 0x800100
LOAD C:/Program Files (x86)/Atmel/Studio/7.0/Packs/Atmel/ATmega_DFP/1.4.351/gcc/dev/atmega328p/avr5/crtatmega328p.o
LOAD main.o
START GROUP
LOAD c:/program files (x86)/atmel/studio/7.0/toolchain/avr8/avr8-gnu-toolchain/bin/../lib/gcc/avr/5.4.0/../../../../avr/lib/avr5\libm.a
LOAD C:\Users\fcvil\Projects\icaro\icaro\icaro_lib\Debug\libicaro_lib.a
END GROUP
LOAD c:/program files (x86)/atmel/studio/7.0/toolchain/avr8/avr8-gnu-toolchain/bin/../lib/gcc/avr/5.4.0/../../../../avr/lib/avr5\libprintf_flt.a
START GROUP
LOAD c:/program files (x86)/atmel/studio/7.0/toolchain/avr8/avr8-gnu-toolchain/bin/../lib/gcc/avr/5.4.0/avr5\libgcc.a
LOAD c:/program files (x86)/atmel/studio/7.0/toolchain/avr8/avr8-gnu-toolchain/bin/../lib/gcc/avr/5.4.0/../../../../avr/lib/avr5\libm.a
LOAD c:/program files (x86)/atmel/studio/7.0/toolchain/avr8/avr8-gnu-toolchain/bin/../lib/gcc/avr/5.4.0/../../../../avr/lib/avr5\libc.a
LOAD C:/Program Files (x86)/Atmel/Studio/7.0/Packs/Atmel/ATmega_DFP/1.4.351/gcc/dev/atmega328p/avr5\libatmega328p.a
END GROUP
                0x00000000                __TEXT_REGION_ORIGIN__ = DEFINED (__TEXT_REGION_ORIGIN__)?__TEXT_REGION_ORIGIN__:0x0
                [0x00800100]                __DATA_REGION_ORIGIN__ = DEFINED (__DATA_REGION_ORIGIN__)?__DATA_REGION_ORIGIN__:0x800060
                [0x00008000]                __TEXT_REGION_LENGTH__ = DEFINED (__TEXT_REGION_LENGTH__)?__TEXT_REGION_LENGTH__:0x20000
                [0x00000800]                __DATA_REGION_LENGTH__ = DEFINED (__DATA_REGION_LENGTH__)?__DATA_REGION_LENGTH__:0xffa0
                [0x00000400]                __EEPROM_REGION_LENGTH__ = DEFINED (__EEPROM_REGION_LENGTH__)?__EEPROM_REGION_LENGTH__:0x10000
                [0x00000003]                __FUSE_REGION_LENGTH__ = DEFINED (__FUSE_REGION_LENGTH__)?__FUSE_REGION_LENGTH__:0x400
                0x00000400                __LOCK_REGION_LENGTH__ = DEFINED (__LOCK_REGION_LENGTH__)?__LOCK_REGION_LENGTH__:0x400
                0x00000400                __SIGNATURE_REGION_LENGTH__ = DEFINED (__SIGNATURE_REGION_LENGTH__)?__SIGNATURE_REGION_LENGTH__:0x400
                0x00000400                __USER_SIGNATURE_REGION_LENGTH__ = DEFINED (__USER_SIGNATURE_REGION_LENGTH__)?__USER_SIGNATURE_REGION_LENGTH__:0x400

.hash
 *(.hash)

.dynsym
 *(.dynsym)

.dynstr
 *(.dynstr)

.gnu.version
 *(.gnu.version)

.gnu.version_d
 *(.gnu.version_d)

.gnu.version_r
 *(.gnu.version_r)

.rel.init
 *(.rel.init)

.rela.init
 *(.rela.init)

.rel.text
 *(.rel.text)
 *(.rel.text.*)
 *(.rel.gnu.linkonce.t*)

.rela.text
 *(.rela.text)
 *(.rela.text.*)
 *(.rela.gnu.linkonce.t*)

.rel.fini
 *(.rel.fini)

.rela.fini
 *(.rela.fini)

.rel.rodata
 *(.rel.rodata)
 *(.rel.rodata.*)
 *(.rel.gnu.linkonce.r*)

.rela.rodata
 *(.rela.rodata)
 *(.rela.rodata.*)
 *(.rela.gnu.linkonce.r*)

.rel.data
 *(.rel.data)
 *(.rel.data.*)
 *(.rel.gnu.linkonce.d*)

.rela.data
 *(.rela.data)
 *(.rela.data.*)
 *(.rela.gnu.linkonce.d*)

.rel.ctors
 *(.rel.ctors)

.rela.ctors
 *(.rela.ctors)

.rel.dtors
 *(.rel.dtors)

.rela.dtors
 *(.rela.dtors)

.rel.got
 *(.rel.got)

.rela.got
 *(.rela.got)

.rel.bss
 *(.rel.bss)

.rela.bss
 *(.rela.bss)

.rel.plt
 *(.rel.plt)

.rela.plt
 *(.rela.plt)

.text           0x00000000     0x1870
 *(.vectors)
 .vectors       0x00000000       0x68 C:/Program Files (x86)/Atmel/Studio/7.0/Packs/Atmel/ATmega_DFP/1.4.351/gcc/dev/atmega328p/avr5/crtatmega328p.o
                0x00000000                __vector_default
                0x00000000                __vectors
 *(.vectors)
 *(.progmem.gcc*)
 .progmem.gcc_sw_table.__vector_24
                0x00000068      0x192 C:\Users\fcvil\Projects\icaro\icaro\icaro_lib\Debug\libicaro_lib.a(twi.o)
                0x000001fa                . = ALIGN (0x2)
                0x000001fa                __trampolines_start = .
 *(.trampolines)
 .trampolines   0x000001fa        0x0 linker stubs
 *(.trampolines*)
                0x000001fa                __trampolines_end = .
 *libprintf_flt.a:*(.progmem.data)
 .progmem.data  0x000001fa        0x8 c:/program files (x86)/atmel/studio/7.0/toolchain/avr8/avr8-gnu-toolchain/bin/../lib/gcc/avr/5.4.0/../../../../avr/lib/avr5\libprintf_flt.a(vfprintf_flt.o)
 *libc.a:*(.progmem.data)
 .progmem.data  0x00000202       0xfa c:/program files (x86)/atmel/studio/7.0/toolchain/avr8/avr8-gnu-toolchain/bin/../lib/gcc/avr/5.4.0/../../../../avr/lib/avr5\libc.a(ftoa_engine.o)
 *(.progmem*)
                0x000002fc                . = ALIGN (0x2)
 *(.jumptables)
 *(.jumptables*)
 *(.lowtext)
 *(.lowtext*)
                0x000002fc                __ctors_start = .
 *(.ctors)
                0x000002fc                __ctors_end = .
                0x000002fc                __dtors_start = .
 *(.dtors)
                0x000002fc                __dtors_end = .
 SORT(*)(.ctors)
 SORT(*)(.dtors)
 *(.init0)
 .init0         0x000002fc        0x0 C:/Program Files (x86)/Atmel/Studio/7.0/Packs/Atmel/ATmega_DFP/1.4.351/gcc/dev/atmega328p/avr5/crtatmega328p.o
                0x000002fc                __init
 *(.init0)
 *(.init1)
 *(.init1)
 *(.init2)
 .init2         0x000002fc        0xc C:/Program Files (x86)/Atmel/Studio/7.0/Packs/Atmel/ATmega_DFP/1.4.351/gcc/dev/atmega328p/avr5/crtatmega328p.o
 *(.init2)
 *(.init3)
 *(.init3)
 *(.init4)
 .init4         0x00000308       0x10 c:/program files (x86)/atmel/studio/7.0/toolchain/avr8/avr8-gnu-toolchain/bin/../lib/gcc/avr/5.4.0/avr5\libgcc.a(_clear_bss.o)
                0x00000308                __do_clear_bss
 *(.init4)
 *(.init5)
 *(.init5)
 *(.init6)
 *(.init6)
 *(.init7)
 *(.init7)
 *(.init8)
 *(.init8)
 *(.init9)
 .init9         0x00000318        0x8 C:/Program Files (x86)/Atmel/Studio/7.0/Packs/Atmel/ATmega_DFP/1.4.351/gcc/dev/atmega328p/avr5/crtatmega328p.o
 *(.init9)
 *(.text)
 .text          0x00000320        0x4 C:/Program Files (x86)/Atmel/Studio/7.0/Packs/Atmel/ATmega_DFP/1.4.351/gcc/dev/atmega328p/avr5/crtatmega328p.o
                0x00000320                __vector_22
                0x00000320                __vector_1
                0x00000320                __vector_12
                0x00000320                __bad_interrupt
                0x00000320                __vector_6
                0x00000320                __vector_3
                0x00000320                __vector_23
                0x00000320                __vector_25
                0x00000320                __vector_13
                0x00000320                __vector_17
                0x00000320                __vector_7
                0x00000320                __vector_5
                0x00000320                __vector_4
                0x00000320                __vector_9
                0x00000320                __vector_2
                0x00000320                __vector_21
                0x00000320                __vector_15
                0x00000320                __vector_8
                0x00000320                __vector_14
                0x00000320                __vector_10
                0x00000320                __vector_16
                0x00000320                __vector_20
                0x00000324                . = ALIGN (0x2)
 *(.text.*)
 .text.setup    0x00000324       0x80 main.o
                0x00000324                setup
 .text.main     0x000003a4       0x4c main.o
                0x000003a4                main
 .text.__vector_11
                0x000003f0       0x4a C:\Users\fcvil\Projects\icaro\icaro\icaro_lib\Debug\libicaro_lib.a(timer.o)
                0x000003f0                __vector_11
 .text.init_millis
                0x0000043a       0x32 C:\Users\fcvil\Projects\icaro\icaro\icaro_lib\Debug\libicaro_lib.a(timer.o)
                0x0000043a                init_millis
 .text.millis   0x0000046c       0x16 C:\Users\fcvil\Projects\icaro\icaro\icaro_lib\Debug\libicaro_lib.a(timer.o)
                0x0000046c                millis
 .text.wire_on_receive_service
                0x00000482       0x58 C:\Users\fcvil\Projects\icaro\icaro\icaro_lib\Debug\libicaro_lib.a(i2cdevlib.o)
                0x00000482                wire_on_receive_service
 .text.wire_on_request_service
                0x000004da       0x18 C:\Users\fcvil\Projects\icaro\icaro\icaro_lib\Debug\libicaro_lib.a(i2cdevlib.o)
                0x000004da                wire_on_request_service
 .text.wire_init
                0x000004f2       0x26 C:\Users\fcvil\Projects\icaro\icaro\icaro_lib\Debug\libicaro_lib.a(i2cdevlib.o)
                0x000004f2                wire_init
 .text.wire_begin_transmission
                0x00000518       0x14 C:\Users\fcvil\Projects\icaro\icaro\icaro_lib\Debug\libicaro_lib.a(i2cdevlib.o)
                0x00000518                wire_begin_transmission
 .text.wire_end_transmission
                0x0000052c       0x26 C:\Users\fcvil\Projects\icaro\icaro\icaro_lib\Debug\libicaro_lib.a(i2cdevlib.o)
                0x0000052c                wire_end_transmission
 .text.wire_write
                0x00000552       0x58 C:\Users\fcvil\Projects\icaro\icaro\icaro_lib\Debug\libicaro_lib.a(i2cdevlib.o)
                0x00000552                wire_write
 .text.wire_request_from
                0x000005aa       0x90 C:\Users\fcvil\Projects\icaro\icaro\icaro_lib\Debug\libicaro_lib.a(i2cdevlib.o)
                0x000005aa                wire_request_from
 .text.wire_available
                0x0000063a       0x10 C:\Users\fcvil\Projects\icaro\icaro\icaro_lib\Debug\libicaro_lib.a(i2cdevlib.o)
                0x0000063a                wire_available
 .text.wire_read
                0x0000064a       0x28 C:\Users\fcvil\Projects\icaro\icaro\icaro_lib\Debug\libicaro_lib.a(i2cdevlib.o)
                0x0000064a                wire_read
 .text.i2c_read_bytes
                0x00000672      0x16e C:\Users\fcvil\Projects\icaro\icaro\icaro_lib\Debug\libicaro_lib.a(i2cdevlib.o)
                0x00000672                i2c_read_bytes
 .text.i2c_read_byte
                0x000007e0       0x14 C:\Users\fcvil\Projects\icaro\icaro\icaro_lib\Debug\libicaro_lib.a(i2cdevlib.o)
                0x000007e0                i2c_read_byte
 .text.i2c_write_bytes
                0x000007f4       0x58 C:\Users\fcvil\Projects\icaro\icaro\icaro_lib\Debug\libicaro_lib.a(i2cdevlib.o)
                0x000007f4                i2c_write_bytes
 .text.i2c_write_byte
                0x0000084c       0x20 C:\Users\fcvil\Projects\icaro\icaro\icaro_lib\Debug\libicaro_lib.a(i2cdevlib.o)
                0x0000084c                i2c_write_byte
 .text.twi_init
                0x0000086c       0x2c C:\Users\fcvil\Projects\icaro\icaro\icaro_lib\Debug\libicaro_lib.a(twi.o)
                0x0000086c                twi_init
 .text.twi_attach_slave_rx_event
                0x00000898        0xa C:\Users\fcvil\Projects\icaro\icaro\icaro_lib\Debug\libicaro_lib.a(twi.o)
                0x00000898                twi_attach_slave_rx_event
 .text.twi_attach_slave_tx_event
                0x000008a2        0xa C:\Users\fcvil\Projects\icaro\icaro\icaro_lib\Debug\libicaro_lib.a(twi.o)
                0x000008a2                twi_attach_slave_tx_event
 .text.twi_read
                0x000008ac       0xa4 C:\Users\fcvil\Projects\icaro\icaro\icaro_lib\Debug\libicaro_lib.a(twi.o)
                0x000008ac                twi_read
 .text.twi_write
                0x00000950       0xc0 C:\Users\fcvil\Projects\icaro\icaro\icaro_lib\Debug\libicaro_lib.a(twi.o)
                0x00000950                twi_write
 .text.twi_transmit
                0x00000a10       0x54 C:\Users\fcvil\Projects\icaro\icaro\icaro_lib\Debug\libicaro_lib.a(twi.o)
                0x00000a10                twi_transmit
 .text.twi_stop
                0x00000a64       0x16 C:\Users\fcvil\Projects\icaro\icaro\icaro_lib\Debug\libicaro_lib.a(twi.o)
                0x00000a64                twi_stop
 .text.twi_release_bus
                0x00000a7a        0xc C:\Users\fcvil\Projects\icaro\icaro\icaro_lib\Debug\libicaro_lib.a(twi.o)
                0x00000a7a                twi_release_bus
 .text.__vector_24
                0x00000a86      0x242 C:\Users\fcvil\Projects\icaro\icaro\icaro_lib\Debug\libicaro_lib.a(twi.o)
                0x00000a86                __vector_24
 .text.__vector_18
                0x00000cc8       0x56 C:\Users\fcvil\Projects\icaro\icaro\icaro_lib\Debug\libicaro_lib.a(uart.o)
                0x00000cc8                __vector_18
 .text.__vector_19
                0x00000d1e       0x54 C:\Users\fcvil\Projects\icaro\icaro\icaro_lib\Debug\libicaro_lib.a(uart.o)
                0x00000d1e                __vector_19
 .text.uart_init
                0x00000d72       0x32 C:\Users\fcvil\Projects\icaro\icaro\icaro_lib\Debug\libicaro_lib.a(uart.o)
                0x00000d72                uart_init
 .text.avr-libc
                0x00000da4      0x6fa c:/program files (x86)/atmel/studio/7.0/toolchain/avr8/avr8-gnu-toolchain/bin/../lib/gcc/avr/5.4.0/../../../../avr/lib/avr5\libprintf_flt.a(vfprintf_flt.o)
                0x00000da4                vfprintf
 .text.libgcc.div
                0x0000149e       0x44 c:/program files (x86)/atmel/studio/7.0/toolchain/avr8/avr8-gnu-toolchain/bin/../lib/gcc/avr/5.4.0/avr5\libgcc.a(_udivmodsi4.o)
                0x0000149e                __udivmodsi4
 .text.libgcc   0x000014e2        0xc c:/program files (x86)/atmel/studio/7.0/toolchain/avr8/avr8-gnu-toolchain/bin/../lib/gcc/avr/5.4.0/avr5\libgcc.a(_tablejump2.o)
                0x000014e2                __tablejump2__
 .text.libgcc.prologue
                0x000014ee       0x38 c:/program files (x86)/atmel/studio/7.0/toolchain/avr8/avr8-gnu-toolchain/bin/../lib/gcc/avr/5.4.0/avr5\libgcc.a(_prologue.o)
                0x000014ee                __prologue_saves__
 .text.libgcc.prologue
                0x00001526       0x36 c:/program files (x86)/atmel/studio/7.0/toolchain/avr8/avr8-gnu-toolchain/bin/../lib/gcc/avr/5.4.0/avr5\libgcc.a(_epilogue.o)
                0x00001526                __epilogue_restores__
 .text.avr-libc
                0x0000155c      0x1b0 c:/program files (x86)/atmel/studio/7.0/toolchain/avr8/avr8-gnu-toolchain/bin/../lib/gcc/avr/5.4.0/../../../../avr/lib/avr5\libc.a(ftoa_engine.o)
                0x0000155c                __ftoa_engine
 .text.avr-libc
                0x0000170c       0x16 c:/program files (x86)/atmel/studio/7.0/toolchain/avr8/avr8-gnu-toolchain/bin/../lib/gcc/avr/5.4.0/../../../../avr/lib/avr5\libc.a(strnlen_P.o)
                0x0000170c                strnlen_P
 .text.avr-libc
                0x00001722       0x16 c:/program files (x86)/atmel/studio/7.0/toolchain/avr8/avr8-gnu-toolchain/bin/../lib/gcc/avr/5.4.0/../../../../avr/lib/avr5\libc.a(strnlen.o)
                0x00001722                strnlen
 .text.avr-libc
                0x00001738       0x78 c:/program files (x86)/atmel/studio/7.0/toolchain/avr8/avr8-gnu-toolchain/bin/../lib/gcc/avr/5.4.0/../../../../avr/lib/avr5\libc.a(fputc.o)
                0x00001738                fputc
 .text.avr-libc
                0x000017b0       0xbc c:/program files (x86)/atmel/studio/7.0/toolchain/avr8/avr8-gnu-toolchain/bin/../lib/gcc/avr/5.4.0/../../../../avr/lib/avr5\libc.a(ultoa_invert.o)
                0x000017b0                __ultoa_invert
                0x0000186c                . = ALIGN (0x2)
 *(.fini9)
 .fini9         0x0000186c        0x0 c:/program files (x86)/atmel/studio/7.0/toolchain/avr8/avr8-gnu-toolchain/bin/../lib/gcc/avr/5.4.0/avr5\libgcc.a(_exit.o)
                0x0000186c                _exit
                0x0000186c                exit
 *(.fini9)
 *(.fini8)
 *(.fini8)
 *(.fini7)
 *(.fini7)
 *(.fini6)
 *(.fini6)
 *(.fini5)
 *(.fini5)
 *(.fini4)
 *(.fini4)
 *(.fini3)
 *(.fini3)
 *(.fini2)
 *(.fini2)
 *(.fini1)
 *(.fini1)
 *(.fini0)
 .fini0         0x0000186c        0x4 c:/program files (x86)/atmel/studio/7.0/toolchain/avr8/avr8-gnu-toolchain/bin/../lib/gcc/avr/5.4.0/avr5\libgcc.a(_exit.o)
 *(.fini0)
                0x00001870                _etext = .

.data           0x00800100        0x0 load address 0x00001870
                [!provide]                PROVIDE (__data_start, .)
 *(.data)
 *(.data*)
 *(.gnu.linkonce.d*)
 *(.rodata)
 *(.rodata*)
 *(.gnu.linkonce.r*)
                0x00800100                . = ALIGN (0x2)
                0x00800100                _edata = .
                [!provide]                PROVIDE (__data_end, .)

.bss            0x00800100      0x105
                0x00800100                PROVIDE (__bss_start, .)
 *(.bss)
 *(.bss*)
 .bss.last_time
                0x00800100        0x4 main.o
                0x00800100                last_time
 .bss.transmitting
                0x00800104        0x1 C:\Users\fcvil\Projects\icaro\icaro\icaro_lib\Debug\libicaro_lib.a(i2cdevlib.o)
                0x00800104                transmitting
 .bss.tx_buffer_length
                0x00800105        0x1 C:\Users\fcvil\Projects\icaro\icaro\icaro_lib\Debug\libicaro_lib.a(i2cdevlib.o)
                0x00800105                tx_buffer_length
 .bss.tx_buffer_index
                0x00800106        0x1 C:\Users\fcvil\Projects\icaro\icaro\icaro_lib\Debug\libicaro_lib.a(i2cdevlib.o)
                0x00800106                tx_buffer_index
 .bss.tx_address
                0x00800107        0x1 C:\Users\fcvil\Projects\icaro\icaro\icaro_lib\Debug\libicaro_lib.a(i2cdevlib.o)
                0x00800107                tx_address
 .bss.rx_buffer_length
                0x00800108        0x1 C:\Users\fcvil\Projects\icaro\icaro\icaro_lib\Debug\libicaro_lib.a(i2cdevlib.o)
                0x00800108                rx_buffer_length
 .bss.rx_buffer_index
                0x00800109        0x1 C:\Users\fcvil\Projects\icaro\icaro\icaro_lib\Debug\libicaro_lib.a(i2cdevlib.o)
                0x00800109                rx_buffer_index
 .bss.user_on_receive
                0x0080010a        0x2 C:\Users\fcvil\Projects\icaro\icaro\icaro_lib\Debug\libicaro_lib.a(i2cdevlib.o)
 .bss.user_on_request
                0x0080010c        0x2 C:\Users\fcvil\Projects\icaro\icaro\icaro_lib\Debug\libicaro_lib.a(i2cdevlib.o)
 .bss.twi_rx_buffer_index
                0x0080010e        0x1 C:\Users\fcvil\Projects\icaro\icaro\icaro_lib\Debug\libicaro_lib.a(twi.o)
 .bss.twi_rx_buffer
                0x0080010f       0x20 C:\Users\fcvil\Projects\icaro\icaro\icaro_lib\Debug\libicaro_lib.a(twi.o)
 .bss.twi_tx_buffer_length
                0x0080012f        0x1 C:\Users\fcvil\Projects\icaro\icaro\icaro_lib\Debug\libicaro_lib.a(twi.o)
 .bss.twi_tx_buffer_index
                0x00800130        0x1 C:\Users\fcvil\Projects\icaro\icaro\icaro_lib\Debug\libicaro_lib.a(twi.o)
 .bss.twi_tx_buffer
                0x00800131       0x20 C:\Users\fcvil\Projects\icaro\icaro\icaro_lib\Debug\libicaro_lib.a(twi.o)
 .bss.twi_master_buffer_length
                0x00800151        0x1 C:\Users\fcvil\Projects\icaro\icaro\icaro_lib\Debug\libicaro_lib.a(twi.o)
 .bss.twi_master_buffer_index
                0x00800152        0x1 C:\Users\fcvil\Projects\icaro\icaro\icaro_lib\Debug\libicaro_lib.a(twi.o)
 .bss.twi_master_buffer
                0x00800153       0x20 C:\Users\fcvil\Projects\icaro\icaro\icaro_lib\Debug\libicaro_lib.a(twi.o)
 .bss.twi_on_slave_receive
                0x00800173        0x2 C:\Users\fcvil\Projects\icaro\icaro\icaro_lib\Debug\libicaro_lib.a(twi.o)
 .bss.twi_on_slave_transmit
                0x00800175        0x2 C:\Users\fcvil\Projects\icaro\icaro\icaro_lib\Debug\libicaro_lib.a(twi.o)
 .bss.twi_error
                0x00800177        0x1 C:\Users\fcvil\Projects\icaro\icaro\icaro_lib\Debug\libicaro_lib.a(twi.o)
 .bss.twi_slarw
                0x00800178        0x1 C:\Users\fcvil\Projects\icaro\icaro\icaro_lib\Debug\libicaro_lib.a(twi.o)
 .bss.twi_in_rep_start
                0x00800179        0x1 C:\Users\fcvil\Projects\icaro\icaro\icaro_lib\Debug\libicaro_lib.a(twi.o)
 .bss.twi_send_stop
                0x0080017a        0x1 C:\Users\fcvil\Projects\icaro\icaro\icaro_lib\Debug\libicaro_lib.a(twi.o)
 .bss.twi_state
                0x0080017b        0x1 C:\Users\fcvil\Projects\icaro\icaro\icaro_lib\Debug\libicaro_lib.a(twi.o)
 .bss.UART_LastRxError
                0x0080017c        0x1 C:\Users\fcvil\Projects\icaro\icaro\icaro_lib\Debug\libicaro_lib.a(uart.o)
 .bss.UART_RxTail
                0x0080017d        0x1 C:\Users\fcvil\Projects\icaro\icaro\icaro_lib\Debug\libicaro_lib.a(uart.o)
 .bss.UART_RxHead
                0x0080017e        0x1 C:\Users\fcvil\Projects\icaro\icaro\icaro_lib\Debug\libicaro_lib.a(uart.o)
 .bss.UART_TxTail
                0x0080017f        0x1 C:\Users\fcvil\Projects\icaro\icaro\icaro_lib\Debug\libicaro_lib.a(uart.o)
 .bss.UART_TxHead
                0x00800180        0x1 C:\Users\fcvil\Projects\icaro\icaro\icaro_lib\Debug\libicaro_lib.a(uart.o)
 .bss.UART_RxBuf
                0x00800181       0x20 C:\Users\fcvil\Projects\icaro\icaro\icaro_lib\Debug\libicaro_lib.a(uart.o)
 .bss.UART_TxBuf
                0x008001a1       0x20 C:\Users\fcvil\Projects\icaro\icaro\icaro_lib\Debug\libicaro_lib.a(uart.o)
 *(COMMON)
 COMMON         0x008001c1        0x4 C:\Users\fcvil\Projects\icaro\icaro\icaro_lib\Debug\libicaro_lib.a(timer.o)
                0x008001c1                timer1_millis
 COMMON         0x008001c5       0x40 C:\Users\fcvil\Projects\icaro\icaro\icaro_lib\Debug\libicaro_lib.a(i2cdevlib.o)
                0x008001c5                rx_buffer
                0x008001e5                tx_buffer
                0x00800205                PROVIDE (__bss_end, .)
                0x00001870                __data_load_start = LOADADDR (.data)
                0x00001870                __data_load_end = (__data_load_start + SIZEOF (.data))

.noinit         0x00800205        0x0
                [!provide]                PROVIDE (__noinit_start, .)
 *(.noinit*)
                [!provide]                PROVIDE (__noinit_end, .)
                0x00800205                _end = .
                [!provide]                PROVIDE (__heap_start, .)

.eeprom         0x00810000        0x0
 *(.eeprom*)
                0x00810000                __eeprom_end = .

.fuse
 *(.fuse)
 *(.lfuse)
 *(.hfuse)
 *(.efuse)

.lock
 *(.lock*)

.signature
 *(.signature*)

.user_signatures
 *(.user_signatures*)

.stab
 *(.stab)

.stabstr
 *(.stabstr)

.stab.excl
 *(.stab.excl)

.stab.exclstr
 *(.stab.exclstr)

.stab.index
 *(.stab.index)

.stab.indexstr
 *(.stab.indexstr)

.comment        0x00000000       0x5c
 *(.comment)
 .comment       0x00000000       0x30 main.o
                                 0x31 (size before relaxing)
 .comment       0x00000030       0x31 C:\Users\fcvil\Projects\icaro\icaro\icaro_lib\Debug\libicaro_lib.a(timer.o)
 .comment       0x00000030       0x31 C:\Users\fcvil\Projects\icaro\icaro\icaro_lib\Debug\libicaro_lib.a(i2cdevlib.o)
 .comment       0x00000030       0x31 C:\Users\fcvil\Projects\icaro\icaro\icaro_lib\Debug\libicaro_lib.a(twi.o)
 .comment       0x00000030       0x31 C:\Users\fcvil\Projects\icaro\icaro\icaro_lib\Debug\libicaro_lib.a(uart.o)
 .comment       0x00000030       0x2c c:/program files (x86)/atmel/studio/7.0/toolchain/avr8/avr8-gnu-toolchain/bin/../lib/gcc/avr/5.4.0/../../../../avr/lib/avr5\libprintf_flt.a(vfprintf_flt.o)
                                 0x2d (size before relaxing)
 .comment       0x0000005c       0x31 c:/program files (x86)/atmel/studio/7.0/toolchain/avr8/avr8-gnu-toolchain/bin/../lib/gcc/avr/5.4.0/../../../../avr/lib/avr5\libc.a(fputc.o)

.note.gnu.avr.deviceinfo
                0x00000000       0x40
 .note.gnu.avr.deviceinfo
                0x00000000       0x40 C:/Program Files (x86)/Atmel/Studio/7.0/Packs/Atmel/ATmega_DFP/1.4.351/gcc/dev/atmega328p/avr5/crtatmega328p.o

.note.gnu.build-id
 *(.note.gnu.build-id)

.debug
 *(.debug)

.line
 *(.line)

.debug_srcinfo
 *(.debug_srcinfo)

.debug_sfnames
 *(.debug_sfnames)

.debug_aranges  0x00000000      0x238
 *(.debug_aranges)
 .debug_aranges
                0x00000000       0x28 main.o
 .debug_aranges
                0x00000028       0x30 C:\Users\fcvil\Projects\icaro\icaro\icaro_lib\Debug\libicaro_lib.a(timer.o)
 .debug_aranges
                0x00000058      0x100 C:\Users\fcvil\Projects\icaro\icaro\icaro_lib\Debug\libicaro_lib.a(i2cdevlib.o)
 .debug_aranges
                0x00000158       0x80 C:\Users\fcvil\Projects\icaro\icaro\icaro_lib\Debug\libicaro_lib.a(twi.o)
 .debug_aranges
                0x000001d8       0x60 C:\Users\fcvil\Projects\icaro\icaro\icaro_lib\Debug\libicaro_lib.a(uart.o)

.debug_pubnames
 *(.debug_pubnames)

.debug_info     0x00000000     0x2501
 *(.debug_info .gnu.linkonce.wi.*)
 .debug_info    0x00000000      0x5f4 C:/Program Files (x86)/Atmel/Studio/7.0/Packs/Atmel/ATmega_DFP/1.4.351/gcc/dev/atmega328p/avr5/crtatmega328p.o
 .debug_info    0x000005f4      0x225 main.o
 .debug_info    0x00000819      0x193 C:\Users\fcvil\Projects\icaro\icaro\icaro_lib\Debug\libicaro_lib.a(timer.o)
 .debug_info    0x000009ac     0x1241 C:\Users\fcvil\Projects\icaro\icaro\icaro_lib\Debug\libicaro_lib.a(i2cdevlib.o)
 .debug_info    0x00001bed      0x5e6 C:\Users\fcvil\Projects\icaro\icaro\icaro_lib\Debug\libicaro_lib.a(twi.o)
 .debug_info    0x000021d3      0x32e C:\Users\fcvil\Projects\icaro\icaro\icaro_lib\Debug\libicaro_lib.a(uart.o)

.debug_abbrev   0x00000000      0xd47
 *(.debug_abbrev)
 .debug_abbrev  0x00000000      0x5a2 C:/Program Files (x86)/Atmel/Studio/7.0/Packs/Atmel/ATmega_DFP/1.4.351/gcc/dev/atmega328p/avr5/crtatmega328p.o
 .debug_abbrev  0x000005a2       0xfd main.o
 .debug_abbrev  0x0000069f      0x139 C:\Users\fcvil\Projects\icaro\icaro\icaro_lib\Debug\libicaro_lib.a(timer.o)
 .debug_abbrev  0x000007d8      0x25a C:\Users\fcvil\Projects\icaro\icaro\icaro_lib\Debug\libicaro_lib.a(i2cdevlib.o)
 .debug_abbrev  0x00000a32      0x1d2 C:\Users\fcvil\Projects\icaro\icaro\icaro_lib\Debug\libicaro_lib.a(twi.o)
 .debug_abbrev  0x00000c04      0x143 C:\Users\fcvil\Projects\icaro\icaro\icaro_lib\Debug\libicaro_lib.a(uart.o)

.debug_line     0x00000000     0x13cd
 *(.debug_line .debug_line.* .debug_line_end)
 .debug_line    0x00000000      0x134 C:/Program Files (x86)/Atmel/Studio/7.0/Packs/Atmel/ATmega_DFP/1.4.351/gcc/dev/atmega328p/avr5/crtatmega328p.o
 .debug_line    0x00000134      0x189 main.o
 .debug_line    0x000002bd      0x180 C:\Users\fcvil\Projects\icaro\icaro\icaro_lib\Debug\libicaro_lib.a(timer.o)
 .debug_line    0x0000043d      0x7ff C:\Users\fcvil\Projects\icaro\icaro\icaro_lib\Debug\libicaro_lib.a(i2cdevlib.o)
 .debug_line    0x00000c3c      0x531 C:\Users\fcvil\Projects\icaro\icaro\icaro_lib\Debug\libicaro_lib.a(twi.o)
 .debug_line    0x0000116d      0x260 C:\Users\fcvil\Projects\icaro\icaro\icaro_lib\Debug\libicaro_lib.a(uart.o)

.debug_frame    0x00000000      0x7bc
 *(.debug_frame)
 .debug_frame   0x00000000       0x50 main.o
 .debug_frame   0x00000050       0x64 C:\Users\fcvil\Projects\icaro\icaro\icaro_lib\Debug\libicaro_lib.a(timer.o)
 .debug_frame   0x000000b4      0x4d4 C:\Users\fcvil\Projects\icaro\icaro\icaro_lib\Debug\libicaro_lib.a(i2cdevlib.o)
 .debug_frame   0x00000588      0x134 C:\Users\fcvil\Projects\icaro\icaro\icaro_lib\Debug\libicaro_lib.a(twi.o)
 .debug_frame   0x000006bc      0x100 C:\Users\fcvil\Projects\icaro\icaro\icaro_lib\Debug\libicaro_lib.a(uart.o)

.debug_str      0x00000000      0x9ec
 *(.debug_str)
 .debug_str     0x00000000      0x208 C:/Program Files (x86)/Atmel/Studio/7.0/Packs/Atmel/ATmega_DFP/1.4.351/gcc/dev/atmega328p/avr5/crtatmega328p.o
 .debug_str     0x00000208      0x18b main.o
                                0x1cb (size before relaxing)
 .debug_str     0x00000393       0xb9 C:\Users\fcvil\Projects\icaro\icaro\icaro_lib\Debug\libicaro_lib.a(timer.o)
                                0x1e6 (size before relaxing)
 .debug_str     0x0000044c      0x33a C:\Users\fcvil\Projects\icaro\icaro\icaro_lib\Debug\libicaro_lib.a(i2cdevlib.o)
                                0x52b (size before relaxing)
 .debug_str     0x00000786      0x15a C:\Users\fcvil\Projects\icaro\icaro\icaro_lib\Debug\libicaro_lib.a(twi.o)
                                0x363 (size before relaxing)
 .debug_str     0x000008e0      0x10c C:\Users\fcvil\Projects\icaro\icaro\icaro_lib\Debug\libicaro_lib.a(uart.o)
                                0x280 (size before relaxing)

.debug_loc      0x00000000     0x2411
 *(.debug_loc)
 .debug_loc     0x00000000       0xb7 main.o
 .debug_loc     0x000000b7       0xdb C:\Users\fcvil\Projects\icaro\icaro\icaro_lib\Debug\libicaro_lib.a(timer.o)
 .debug_loc     0x00000192     0x1a43 C:\Users\fcvil\Projects\icaro\icaro\icaro_lib\Debug\libicaro_lib.a(i2cdevlib.o)
 .debug_loc     0x00001bd5      0x508 C:\Users\fcvil\Projects\icaro\icaro\icaro_lib\Debug\libicaro_lib.a(twi.o)
 .debug_loc     0x000020dd      0x334 C:\Users\fcvil\Projects\icaro\icaro\icaro_lib\Debug\libicaro_lib.a(uart.o)

.debug_macinfo
 *(.debug_macinfo)

.debug_weaknames
 *(.debug_weaknames)

.debug_funcnames
 *(.debug_funcnames)

.debug_typenames
 *(.debug_typenames)

.debug_varnames
 *(.debug_varnames)

.debug_pubtypes
 *(.debug_pubtypes)

.debug_ranges   0x00000000      0x218
 *(.debug_ranges)
 .debug_ranges  0x00000000       0x18 main.o
 .debug_ranges  0x00000018       0x20 C:\Users\fcvil\Projects\icaro\icaro\icaro_lib\Debug\libicaro_lib.a(timer.o)
 .debug_ranges  0x00000038      0x108 C:\Users\fcvil\Projects\icaro\icaro\icaro_lib\Debug\libicaro_lib.a(i2cdevlib.o)
 .debug_ranges  0x00000140       0x70 C:\Users\fcvil\Projects\icaro\icaro\icaro_lib\Debug\libicaro_lib.a(twi.o)
 .debug_ranges  0x000001b0       0x68 C:\Users\fcvil\Projects\icaro\icaro\icaro_lib\Debug\libicaro_lib.a(uart.o)

.debug_macro
 *(.debug_macro)
OUTPUT(master.elf elf32-avr)
LOAD linker stubs
