Archive member included to satisfy reference by file (symbol)

c:/program files (x86)/atmel/studio/7.0/toolchain/avr8/avr8-gnu-toolchain/bin/../lib/gcc/avr/5.4.0/../../../../avr/lib/avr5\libm.a(addsf3.o)
                              mahony.o (__subsf3)
c:/program files (x86)/atmel/studio/7.0/toolchain/avr8/avr8-gnu-toolchain/bin/../lib/gcc/avr/5.4.0/../../../../avr/lib/avr5\libm.a(addsf3x.o)
                              c:/program files (x86)/atmel/studio/7.0/toolchain/avr8/avr8-gnu-toolchain/bin/../lib/gcc/avr/5.4.0/../../../../avr/lib/avr5\libm.a(addsf3.o) (__addsf3x)
c:/program files (x86)/atmel/studio/7.0/toolchain/avr8/avr8-gnu-toolchain/bin/../lib/gcc/avr/5.4.0/../../../../avr/lib/avr5\libm.a(asin.o)
                              mahony.o (asin)
c:/program files (x86)/atmel/studio/7.0/toolchain/avr8/avr8-gnu-toolchain/bin/../lib/gcc/avr/5.4.0/../../../../avr/lib/avr5\libm.a(atan2.o)
                              mahony.o (atan2)
c:/program files (x86)/atmel/studio/7.0/toolchain/avr8/avr8-gnu-toolchain/bin/../lib/gcc/avr/5.4.0/../../../../avr/lib/avr5\libm.a(atan.o)
                              c:/program files (x86)/atmel/studio/7.0/toolchain/avr8/avr8-gnu-toolchain/bin/../lib/gcc/avr/5.4.0/../../../../avr/lib/avr5\libm.a(atan2.o) (atan)
c:/program files (x86)/atmel/studio/7.0/toolchain/avr8/avr8-gnu-toolchain/bin/../lib/gcc/avr/5.4.0/../../../../avr/lib/avr5\libm.a(cmpsf2.o)
                              mahony.o (__eqsf2)
c:/program files (x86)/atmel/studio/7.0/toolchain/avr8/avr8-gnu-toolchain/bin/../lib/gcc/avr/5.4.0/../../../../avr/lib/avr5\libm.a(divsf3.o)
                              mahony.o (__divsf3)
c:/program files (x86)/atmel/studio/7.0/toolchain/avr8/avr8-gnu-toolchain/bin/../lib/gcc/avr/5.4.0/../../../../avr/lib/avr5\libm.a(divsf3x.o)
                              c:/program files (x86)/atmel/studio/7.0/toolchain/avr8/avr8-gnu-toolchain/bin/../lib/gcc/avr/5.4.0/../../../../avr/lib/avr5\libm.a(divsf3.o) (__divsf3x)
c:/program files (x86)/atmel/studio/7.0/toolchain/avr8/avr8-gnu-toolchain/bin/../lib/gcc/avr/5.4.0/../../../../avr/lib/avr5\libm.a(floatsisf.o)
                              sensors/mpu6050.o (__floatunsisf)
c:/program files (x86)/atmel/studio/7.0/toolchain/avr8/avr8-gnu-toolchain/bin/../lib/gcc/avr/5.4.0/../../../../avr/lib/avr5\libm.a(fp_arccos.o)
                              c:/program files (x86)/atmel/studio/7.0/toolchain/avr8/avr8-gnu-toolchain/bin/../lib/gcc/avr/5.4.0/../../../../avr/lib/avr5\libm.a(asin.o) (__fp_arccos)
c:/program files (x86)/atmel/studio/7.0/toolchain/avr8/avr8-gnu-toolchain/bin/../lib/gcc/avr/5.4.0/../../../../avr/lib/avr5\libm.a(fp_cmp.o)
                              c:/program files (x86)/atmel/studio/7.0/toolchain/avr8/avr8-gnu-toolchain/bin/../lib/gcc/avr/5.4.0/../../../../avr/lib/avr5\libm.a(cmpsf2.o) (__fp_cmp)
c:/program files (x86)/atmel/studio/7.0/toolchain/avr8/avr8-gnu-toolchain/bin/../lib/gcc/avr/5.4.0/../../../../avr/lib/avr5\libm.a(fp_inf.o)
                              c:/program files (x86)/atmel/studio/7.0/toolchain/avr8/avr8-gnu-toolchain/bin/../lib/gcc/avr/5.4.0/../../../../avr/lib/avr5\libm.a(addsf3x.o) (__fp_inf)
c:/program files (x86)/atmel/studio/7.0/toolchain/avr8/avr8-gnu-toolchain/bin/../lib/gcc/avr/5.4.0/../../../../avr/lib/avr5\libm.a(fp_nan.o)
                              c:/program files (x86)/atmel/studio/7.0/toolchain/avr8/avr8-gnu-toolchain/bin/../lib/gcc/avr/5.4.0/../../../../avr/lib/avr5\libm.a(addsf3x.o) (__fp_nan)
c:/program files (x86)/atmel/studio/7.0/toolchain/avr8/avr8-gnu-toolchain/bin/../lib/gcc/avr/5.4.0/../../../../avr/lib/avr5\libm.a(fp_powser.o)
                              c:/program files (x86)/atmel/studio/7.0/toolchain/avr8/avr8-gnu-toolchain/bin/../lib/gcc/avr/5.4.0/../../../../avr/lib/avr5\libm.a(atan.o) (__fp_powser)
c:/program files (x86)/atmel/studio/7.0/toolchain/avr8/avr8-gnu-toolchain/bin/../lib/gcc/avr/5.4.0/../../../../avr/lib/avr5\libm.a(fp_powsodd.o)
                              c:/program files (x86)/atmel/studio/7.0/toolchain/avr8/avr8-gnu-toolchain/bin/../lib/gcc/avr/5.4.0/../../../../avr/lib/avr5\libm.a(asin.o) (__fp_powsodd)
c:/program files (x86)/atmel/studio/7.0/toolchain/avr8/avr8-gnu-toolchain/bin/../lib/gcc/avr/5.4.0/../../../../avr/lib/avr5\libm.a(fp_pscA.o)
                              c:/program files (x86)/atmel/studio/7.0/toolchain/avr8/avr8-gnu-toolchain/bin/../lib/gcc/avr/5.4.0/../../../../avr/lib/avr5\libm.a(addsf3x.o) (__fp_pscA)
c:/program files (x86)/atmel/studio/7.0/toolchain/avr8/avr8-gnu-toolchain/bin/../lib/gcc/avr/5.4.0/../../../../avr/lib/avr5\libm.a(fp_pscB.o)
                              c:/program files (x86)/atmel/studio/7.0/toolchain/avr8/avr8-gnu-toolchain/bin/../lib/gcc/avr/5.4.0/../../../../avr/lib/avr5\libm.a(addsf3x.o) (__fp_pscB)
c:/program files (x86)/atmel/studio/7.0/toolchain/avr8/avr8-gnu-toolchain/bin/../lib/gcc/avr/5.4.0/../../../../avr/lib/avr5\libm.a(fp_round.o)
[...]
Memory Configuration

Name             Origin             Length             Attributes
text             0x00000000         0x00008000         xr
data             0x00800100         0x00000800         rw !x
eeprom           0x00810000         0x00000400         rw !x
fuse             0x00820000         0x00000003         rw !x
lock             0x00830000         0x00000400         rw !x
signature        0x00840000         0x00000400         rw !x
user_signatures  0x00850000         0x00000400         rw !x
*default*        0x00000000         0xffffffff

Linker script and memory map

Address of section .data set to 0x800100
LOAD C:/Program Files (x86)/Atmel/Studio/7.0/Packs/Atmel/ATmega_DFP/1.4.351/gcc/dev/atmega328p/avr5/crtatmega328p.o
LOAD eeprom/eeprom.o
LOAD mahony.o
LOAD main.o
LOAD sensors/hcm5883l.o
LOAD sensors/mpu6050.o
START GROUP
LOAD c:/program files (x86)/atmel/studio/7.0/toolchain/avr8/avr8-gnu-toolchain/bin/../lib/gcc/avr/5.4.0/../../../../avr/lib/avr5\libm.a
LOAD C:\Users\fcvil\Projects\icaro\icaro\icaro_lib\Debug\libicaro_lib.a
END GROUP
LOAD c:/program files (x86)/atmel/studio/7.0/toolchain/avr8/avr8-gnu-toolchain/bin/../lib/gcc/avr/5.4.0/../../../../avr/lib/avr5\libprintf_flt.a
START GROUP
LOAD c:/program files (x86)/atmel/studio/7.0/toolchain/avr8/avr8-gnu-toolchain/bin/../lib/gcc/avr/5.4.0/avr5\libgcc.a
LOAD c:/program files (x86)/atmel/studio/7.0/toolchain/avr8/avr8-gnu-toolchain/bin/../lib/gcc/avr/5.4.0/../../../../avr/lib/avr5\libm.a
LOAD c:/program files (x86)/atmel/studio/7.0/toolchain/avr8/avr8-gnu-toolchain/bin/../lib/gcc/avr/5.4.0/../../../../avr/lib/avr5\libc.a
LOAD C:/Program Files (x86)/Atmel/Studio/7.0/Packs/Atmel/ATmega_DFP/1.4.351/gcc/dev/atmega328p/avr5\libatmega328p.a
END GROUP
                0x00000000                __TEXT_REGION_ORIGIN__ = DEFINED (__TEXT_REGION_ORIGIN__)?__TEXT_REGION_ORIGIN__:0x0
                [0x00800100]                __DATA_REGION_ORIGIN__ = DEFINED (__DATA_REGION_ORIGIN__)?__DATA_REGION_ORIGIN__:0x800060
                [0x00008000]                __TEXT_REGION_LENGTH__ = DEFINED (__TEXT_REGION_LENGTH__)?__TEXT_REGION_LENGTH__:0x20000
                [0x00000800]                __DATA_REGION_LENGTH__ = DEFINED (__DATA_REGION_LENGTH__)?__DATA_REGION_LENGTH__:0xffa0
                [0x00000400]                __EEPROM_REGION_LENGTH__ = DEFINED (__EEPROM_REGION_LENGTH__)?__EEPROM_REGION_LENGTH__:0x10000
                [0x00000003]                __FUSE_REGION_LENGTH__ = DEFINED (__FUSE_REGION_LENGTH__)?__FUSE_REGION_LENGTH__:0x400
                0x00000400                __LOCK_REGION_LENGTH__ = DEFINED (__LOCK_REGION_LENGTH__)?__LOCK_REGION_LENGTH__:0x400
                0x00000400                __SIGNATURE_REGION_LENGTH__ = DEFINED (__SIGNATURE_REGION_LENGTH__)?__SIGNATURE_REGION_LENGTH__:0x400
                0x00000400                __USER_SIGNATURE_REGION_LENGTH__ = DEFINED (__USER_SIGNATURE_REGION_LENGTH__)?__USER_SIGNATURE_REGION_LENGTH__:0x400

.hash
 *(.hash)

.dynsym
 *(.dynsym)

.dynstr
 *(.dynstr)

.gnu.version
 *(.gnu.version)

.gnu.version_d
 *(.gnu.version_d)

.gnu.version_r
 *(.gnu.version_r)

.rel.init
 *(.rel.init)

.rela.init
 *(.rela.init)

.rel.text
 *(.rel.text)
 *(.rel.text.*)
 *(.rel.gnu.linkonce.t*)

.rela.text
 *(.rela.text)
 *(.rela.text.*)
 *(.rela.gnu.linkonce.t*)

.rel.fini
 *(.rel.fini)

.rela.fini
 *(.rela.fini)

.rel.rodata
 *(.rel.rodata)
 *(.rel.rodata.*)
 *(.rel.gnu.linkonce.r*)

.rela.rodata
 *(.rela.rodata)
 *(.rela.rodata.*)
 *(.rela.gnu.linkonce.r*)

.rel.data
 *(.rel.data)
 *(.rel.data.*)
 *(.rel.gnu.linkonce.d*)

.rela.data
 *(.rela.data)
 *(.rela.data.*)
 *(.rela.gnu.linkonce.d*)

.rel.ctors
 *(.rel.ctors)

.rela.ctors
 *(.rela.ctors)

.rel.dtors
 *(.rel.dtors)

.rela.dtors
 *(.rela.dtors)

.rel.got
 *(.rel.got)

.rela.got
 *(.rela.got)

.rel.bss
 *(.rel.bss)

.rela.bss
 *(.rela.bss)

.rel.plt
 *(.rel.plt)

.rela.plt
 *(.rela.plt)

.text           0x00000000     0x4af6
 *(.vectors)
 .vectors       0x00000000       0x68 C:/Program Files (x86)/Atmel/Studio/7.0/Packs/Atmel/ATmega_DFP/1.4.351/gcc/dev/atmega328p/avr5/crtatmega328p.o
                0x00000000                __vector_default
                0x00000000                __vectors
 *(.vectors)
 *(.progmem.gcc*)
 .progmem.gcc_fplib
                0x00000068       0x14 c:/program files (x86)/atmel/studio/7.0/toolchain/avr8/avr8-gnu-toolchain/bin/../lib/gcc/avr/5.4.0/../../../../avr/lib/avr5\libm.a(asin.o)
 .progmem.gcc_fplib
                0x0000007c       0x2d c:/program files (x86)/atmel/studio/7.0/toolchain/avr8/avr8-gnu-toolchain/bin/../lib/gcc/avr/5.4.0/../../../../avr/lib/avr5\libm.a(atan.o)
 .progmem.gcc_fplib
                0x000000a9       0x28 c:/program files (x86)/atmel/studio/7.0/toolchain/avr8/avr8-gnu-toolchain/bin/../lib/gcc/avr/5.4.0/../../../../avr/lib/avr5\libm.a(fp_arccos.o)
 *fill*         0x000000d1        0x1 
 .progmem.gcc_sw_table.__vector_24
                0x000000d2      0x192 C:\Users\fcvil\Projects\icaro\icaro\icaro_lib\Debug\libicaro_lib.a(twi.o)
                0x00000264                . = ALIGN (0x2)
                0x00000264                __trampolines_start = .
 *(.trampolines)
 .trampolines   0x00000264        0x0 linker stubs
 *(.trampolines*)
                0x00000264                __trampolines_end = .
 *libprintf_flt.a:*(.progmem.data)
 .progmem.data  0x00000264        0x8 c:/program files (x86)/atmel/studio/7.0/toolchain/avr8/avr8-gnu-toolchain/bin/../lib/gcc/avr/5.4.0/../../../../avr/lib/avr5\libprintf_flt.a(vfprintf_flt.o)
 *libc.a:*(.progmem.data)
 .progmem.data  0x0000026c       0xfa c:/program files (x86)/atmel/studio/7.0/toolchain/avr8/avr8-gnu-toolchain/bin/../lib/gcc/avr/5.4.0/../../../../avr/lib/avr5\libc.a(ftoa_engine.o)
 *(.progmem*)
                0x00000366                . = ALIGN (0x2)
 *(.jumptables)
 *(.jumptables*)
 *(.lowtext)
 *(.lowtext*)
                0x00000366                __ctors_start = .
 *(.ctors)
                0x00000366                __ctors_end = .
                0x00000366                __dtors_start = .
 *(.dtors)
                0x00000366                __dtors_end = .
 SORT(*)(.ctors)
 SORT(*)(.dtors)
 *(.init0)
 .init0         0x00000366        0x0 C:/Program Files (x86)/Atmel/Studio/7.0/Packs/Atmel/ATmega_DFP/1.4.351/gcc/dev/atmega328p/avr5/crtatmega328p.o
                0x00000366                __init
 *(.init0)
 *(.init1)
 *(.init1)
 *(.init2)
 .init2         0x00000366        0xc C:/Program Files (x86)/Atmel/Studio/7.0/Packs/Atmel/ATmega_DFP/1.4.351/gcc/dev/atmega328p/avr5/crtatmega328p.o
 *(.init2)
 *(.init3)
 *(.init3)
 *(.init4)
 .init4         0x00000372       0x16 c:/program files (x86)/atmel/studio/7.0/toolchain/avr8/avr8-gnu-toolchain/bin/../lib/gcc/avr/5.4.0/avr5\libgcc.a(_copy_data.o)
                0x00000372                __do_copy_data
 .init4         0x00000388       0x10 c:/program files (x86)/atmel/studio/7.0/toolchain/avr8/avr8-gnu-toolchain/bin/../lib/gcc/avr/5.4.0/avr5\libgcc.a(_clear_bss.o)
                0x00000388                __do_clear_bss
 *(.init4)
 *(.init5)
 *(.init5)
 *(.init6)
 *(.init6)
 *(.init7)
 *(.init7)
 *(.init8)
 *(.init8)
 *(.init9)
 .init9         0x00000398        0x8 C:/Program Files (x86)/Atmel/Studio/7.0/Packs/Atmel/ATmega_DFP/1.4.351/gcc/dev/atmega328p/avr5/crtatmega328p.o
 *(.init9)
 *(.text)
 .text          0x000003a0        0x4 C:/Program Files (x86)/Atmel/Studio/7.0/Packs/Atmel/ATmega_DFP/1.4.351/gcc/dev/atmega328p/avr5/crtatmega328p.o
                0x000003a0                __vector_22
                0x000003a0                __vector_1
                0x000003a0                __vector_12
                0x000003a0                __bad_interrupt
                0x000003a0                __vector_6
                0x000003a0                __vector_3
                0x000003a0                __vector_23
                0x000003a0                __vector_25
                0x000003a0                __vector_13
                0x000003a0                __vector_17
                0x000003a0                __vector_7
                0x000003a0                __vector_5
                0x000003a0                __vector_4
                0x000003a0                __vector_9
                0x000003a0                __vector_2
                0x000003a0                __vector_21
                0x000003a0                __vector_15
                0x000003a0                __vector_8
                0x000003a0                __vector_14
                0x000003a0                __vector_10
                0x000003a0                __vector_16
                0x000003a0                __vector_20
                0x000003a4                . = ALIGN (0x2)
 *(.text.*)
 .text.fetch_mpu6050_calibration
                0x000003a4       0x54 eeprom/eeprom.o
                0x000003a4                fetch_mpu6050_calibration
 .text.save_mpu6050_calibration
                0x000003f8       0x54 eeprom/eeprom.o
                0x000003f8                save_mpu6050_calibration
 .text.mahony_init
                0x0000044c       0xbe mahony.o
                0x0000044c                mahony_init
 .text.invSqrt  0x0000050a       0xba mahony.o
                0x0000050a                invSqrt
 .text.mahony_updateIMU
                0x000005c4      0x876 mahony.o
                0x000005c4                mahony_updateIMU
 .text.mahony_update
                0x00000e3a      0xe60 mahony.o
                0x00000e3a                mahony_update
 .text.computeAngles
                0x00001c9a      0x214 mahony.o
                0x00001c9a                computeAngles
 .text.getRoll  0x00001eae       0x2a mahony.o
                0x00001eae                getRoll
 .text.getPitch
                0x00001ed8       0x2a mahony.o
                0x00001ed8                getPitch
 .text.getYaw   0x00001f02       0x36 mahony.o
                0x00001f02                getYaw
 .text.on_receive
                0x00001f38       0x3a main.o
                0x00001f38                on_receive
 .text.on_request
                0x00001f72       0x2a main.o
                0x00001f72                on_request
 .text.calibrate_gyro_accel
                0x00001f9c       0x90 main.o
                0x00001f9c                calibrate_gyro_accel
 .text.setup    0x0000202c       0xf2 main.o
                0x0000202c                setup
 .text.setup_sensors
                0x0000211e       0xb8 main.o
                0x0000211e                setup_sensors
 .text.calculate_roll_pitch_yaw
                0x000021d6      0x274 main.o
                0x000021d6                calculate_roll_pitch_yaw
 .text.main     0x0000244a       0xbc main.o
                0x0000244a                main
 .text.setGain  0x00002506       0x12 sensors/hcm5883l.o
                0x00002506                setGain
 .text.setMode  0x00002518       0x16 sensors/hcm5883l.o
                0x00002518                setMode
 .text.hcm5883l_initialize
                0x0000252e       0x18 sensors/hcm5883l.o
                0x0000252e                hcm5883l_initialize
 .text.hcm5883l_get_heading
                0x00002546       0x84 sensors/hcm5883l.o
                0x00002546                hcm5883l_get_heading
 .text.mpu6050_set_clock_source
                0x000025ca       0x14 sensors/mpu6050.o
                0x000025ca                mpu6050_set_clock_source
 .text.mpu6050_set_full_scale_gyro_range
                0x000025de       0x14 sensors/mpu6050.o
                0x000025de                mpu6050_set_full_scale_gyro_range
 .text.mpu6050_set_full_scale_accel_range
                0x000025f2       0x14 sensors/mpu6050.o
                0x000025f2                mpu6050_set_full_scale_accel_range
 .text.mpu6050_set_sleep_enabled
                0x00002606        0xe sensors/mpu6050.o
                0x00002606                mpu6050_set_sleep_enabled
 .text.mpu6050_set_I2C_master_mode_enabled
                0x00002614        0xe sensors/mpu6050.o
                0x00002614                mpu6050_set_I2C_master_mode_enabled
 .text.mpu6050_set_I2C_bypass_enabled
                0x00002622        0xe sensors/mpu6050.o
                0x00002622                mpu6050_set_I2C_bypass_enabled
 .text.mpu6050_initialize
                0x00002630       0x26 sensors/mpu6050.o
                0x00002630                mpu6050_initialize
 .text.mpu6050_get_motion_6
                0x00002656       0xe8 sensors/mpu6050.o
                0x00002656                mpu6050_get_motion_6
 .text.mpu6050_set_x_accel_offset
                0x0000273e        0xc sensors/mpu6050.o
                0x0000273e                mpu6050_set_x_accel_offset
 .text.mpu6050_set_y_accel_offset
                0x0000274a        0xc sensors/mpu6050.o
                0x0000274a                mpu6050_set_y_accel_offset
 .text.mpu6050_set_z_accel_offset
                0x00002756        0xc sensors/mpu6050.o
                0x00002756                mpu6050_set_z_accel_offset
 .text.mpu6050_set_x_gyro_offset
                0x00002762        0xc sensors/mpu6050.o
                0x00002762                mpu6050_set_x_gyro_offset
 .text.mpu6050_set_y_gyro_offset
                0x0000276e        0xc sensors/mpu6050.o
                0x0000276e                mpu6050_set_y_gyro_offset
 .text.mpu6050_set_z_gyro_offset
                0x0000277a        0xc sensors/mpu6050.o
                0x0000277a                mpu6050_set_z_gyro_offset
 .text.meansensors
                0x00002786      0x28a sensors/mpu6050.o
                0x00002786                meansensors
 .text.calibration
                0x00002a10      0x280 sensors/mpu6050.o
                0x00002a10                calibration
 .text.mpu6050_run_calibration
                0x00002c90       0x72 sensors/mpu6050.o
                0x00002c90                mpu6050_run_calibration
 .text.avr-libc.fplib
                0x00002d02        0xe c:/program files (x86)/atmel/studio/7.0/toolchain/avr8/avr8-gnu-toolchain/bin/../lib/gcc/avr/5.4.0/../../../../avr/lib/avr5\libm.a(addsf3.o)
                0x00002d02                __subsf3
                0x00002d04                __addsf3
 .text.avr-libc.fplib
                0x00002d10       0xcc c:/program files (x86)/atmel/studio/7.0/toolchain/avr8/avr8-gnu-toolchain/bin/../lib/gcc/avr/5.4.0/../../../../avr/lib/avr5\libm.a(addsf3x.o)
                0x00002d32                __addsf3x
 .text.avr-libc.fplib
                0x00002ddc       0x36 c:/program files (x86)/atmel/studio/7.0/toolchain/avr8/avr8-gnu-toolchain/bin/../lib/gcc/avr/5.4.0/../../../../avr/lib/avr5\libm.a(asin.o)
                0x00002ddc                asin
 .text.avr-libc.fplib
                0x00002e12       0x86 c:/program files (x86)/atmel/studio/7.0/toolchain/avr8/avr8-gnu-toolchain/bin/../lib/gcc/avr/5.4.0/../../../../avr/lib/avr5\libm.a(atan2.o)
                0x00002e38                atan2
 .text.avr-libc.fplib
                0x00002e98       0x5e c:/program files (x86)/atmel/studio/7.0/toolchain/avr8/avr8-gnu-toolchain/bin/../lib/gcc/avr/5.4.0/../../../../avr/lib/avr5\libm.a(atan.o)
                0x00002e98                atan
 .text.avr-libc.fplib
                0x00002ef6        0xa c:/program files (x86)/atmel/studio/7.0/toolchain/avr8/avr8-gnu-toolchain/bin/../lib/gcc/avr/5.4.0/../../../../avr/lib/avr5\libm.a(cmpsf2.o)
                0x00002ef6                __nesf2
                0x00002ef6                __eqsf2
                0x00002ef6                __cmpsf2
                0x00002ef6                __ltsf2
                0x00002ef6                __lesf2
 .text.avr-libc.fplib
                0x00002f00        0x8 c:/program files (x86)/atmel/studio/7.0/toolchain/avr8/avr8-gnu-toolchain/bin/../lib/gcc/avr/5.4.0/../../../../avr/lib/avr5\libm.a(divsf3.o)
                0x00002f00                __divsf3
 .text.avr-libc.fplib
                0x00002f08       0xdc c:/program files (x86)/atmel/studio/7.0/toolchain/avr8/avr8-gnu-toolchain/bin/../lib/gcc/avr/5.4.0/../../../../avr/lib/avr5\libm.a(divsf3x.o)
                0x00002f28                __divsf3x
                0x00002f2e                __divsf3_pse
 .text.avr-libc.fplib
                0x00002fe4       0x7a c:/program files (x86)/atmel/studio/7.0/toolchain/avr8/avr8-gnu-toolchain/bin/../lib/gcc/avr/5.4.0/../../../../avr/lib/avr5\libm.a(floatsisf.o)
                0x00002fe4                __floatunsisf
                0x00002fe8                __floatsisf
 .text.avr-libc.fplib
                0x0000305e       0x40 c:/program files (x86)/atmel/studio/7.0/toolchain/avr8/avr8-gnu-toolchain/bin/../lib/gcc/avr/5.4.0/../../../../avr/lib/avr5\libm.a(fp_arccos.o)
                0x0000305e                __fp_arccos
 .text.avr-libc.fplib
                0x0000309e       0x48 c:/program files (x86)/atmel/studio/7.0/toolchain/avr8/avr8-gnu-toolchain/bin/../lib/gcc/avr/5.4.0/../../../../avr/lib/avr5\libm.a(fp_cmp.o)
                0x0000309e                __fp_cmp
 .text.avr-libc.fplib
                0x000030e6        0xc c:/program files (x86)/atmel/studio/7.0/toolchain/avr8/avr8-gnu-toolchain/bin/../lib/gcc/avr/5.4.0/../../../../avr/lib/avr5\libm.a(fp_inf.o)
                0x000030e6                __fp_inf
 .text.avr-libc.fplib
                0x000030f2        0x6 c:/program files (x86)/atmel/studio/7.0/toolchain/avr8/avr8-gnu-toolchain/bin/../lib/gcc/avr/5.4.0/../../../../avr/lib/avr5\libm.a(fp_nan.o)
                0x000030f2                __fp_nan
 .text.avr-libc.fplib
                0x000030f8       0x4e c:/program files (x86)/atmel/studio/7.0/toolchain/avr8/avr8-gnu-toolchain/bin/../lib/gcc/avr/5.4.0/../../../../avr/lib/avr5\libm.a(fp_powser.o)
                0x000030f8                __fp_powser
 .text.avr-libc.fplib
                0x00003146       0x28 c:/program files (x86)/atmel/studio/7.0/toolchain/avr8/avr8-gnu-toolchain/bin/../lib/gcc/avr/5.4.0/../../../../avr/lib/avr5\libm.a(fp_powsodd.o)
                0x00003146                __fp_powsodd
 .text.avr-libc.fplib
                0x0000316e        0xe c:/program files (x86)/atmel/studio/7.0/toolchain/avr8/avr8-gnu-toolchain/bin/../lib/gcc/avr/5.4.0/../../../../avr/lib/avr5\libm.a(fp_pscA.o)
                0x0000316e                __fp_pscA
 .text.avr-libc.fplib
                0x0000317c        0xe c:/program files (x86)/atmel/studio/7.0/toolchain/avr8/avr8-gnu-toolchain/bin/../lib/gcc/avr/5.4.0/../../../../avr/lib/avr5\libm.a(fp_pscB.o)
                0x0000317c                __fp_pscB
 .text.avr-libc.fplib
                0x0000318a       0x22 c:/program files (x86)/atmel/studio/7.0/toolchain/avr8/avr8-gnu-toolchain/bin/../lib/gcc/avr/5.4.0/../../../../avr/lib/avr5\libm.a(fp_round.o)
                0x0000318a                __fp_round
 .text.avr-libc.fplib
                0x000031ac       0x44 c:/program files (x86)/atmel/studio/7.0/toolchain/avr8/avr8-gnu-toolchain/bin/../lib/gcc/avr/5.4.0/../../../../avr/lib/avr5\libm.a(fp_split3.o)
                0x000031ac                __fp_split3
                0x000031bc                __fp_splitA
 .text.avr-libc.fplib
                0x000031f0        0xe c:/program files (x86)/atmel/studio/7.0/toolchain/avr8/avr8-gnu-toolchain/bin/../lib/gcc/avr/5.4.0/../../../../avr/lib/avr5\libm.a(fp_zero.o)
                0x000031f0                __fp_zero
                0x000031f2                __fp_szero
 .text.avr-libc.fplib
                0x000031fe        0xa c:/program files (x86)/atmel/studio/7.0/toolchain/avr8/avr8-gnu-toolchain/bin/../lib/gcc/avr/5.4.0/../../../../avr/lib/avr5\libm.a(gesf2.o)
                0x000031fe                __gesf2
                0x000031fe                __gtsf2
 .text.avr-libc.fplib
                0x00003208       0x10 c:/program files (x86)/atmel/studio/7.0/toolchain/avr8/avr8-gnu-toolchain/bin/../lib/gcc/avr/5.4.0/../../../../avr/lib/avr5\libm.a(inverse.o)
                0x00003208                inverse
 .text.avr-libc.fplib
                0x00003218        0x8 c:/program files (x86)/atmel/studio/7.0/toolchain/avr8/avr8-gnu-toolchain/bin/../lib/gcc/avr/5.4.0/../../../../avr/lib/avr5\libm.a(mulsf3.o)
                0x00003218                __mulsf3
 .text.avr-libc.fplib
                0x00003220       0xd2 c:/program files (x86)/atmel/studio/7.0/toolchain/avr8/avr8-gnu-toolchain/bin/../lib/gcc/avr/5.4.0/../../../../avr/lib/avr5\libm.a(mulsf3x.o)
                0x0000323e                __mulsf3x
                0x00003244                __mulsf3_pse
 .text.avr-libc.fplib
                0x000032f2       0x8c c:/program files (x86)/atmel/studio/7.0/toolchain/avr8/avr8-gnu-toolchain/bin/../lib/gcc/avr/5.4.0/../../../../avr/lib/avr5\libm.a(sqrt.o)
                0x000032fe                sqrtf
                0x000032fe                sqrt
 .text.avr-libc.fplib
                0x0000337e        0x8 c:/program files (x86)/atmel/studio/7.0/toolchain/avr8/avr8-gnu-toolchain/bin/../lib/gcc/avr/5.4.0/../../../../avr/lib/avr5\libm.a(square.o)
                0x0000337e                square
 .text.avr-libc.fplib
                0x00003386       0x1c c:/program files (x86)/atmel/studio/7.0/toolchain/avr8/avr8-gnu-toolchain/bin/../lib/gcc/avr/5.4.0/../../../../avr/lib/avr5\libm.a(fp_mpack.o)
                0x00003386                __fp_mpack
                0x0000338a                __fp_mpack_finite
 .text.avr-libc.fplib
                0x000033a2        0xe c:/program files (x86)/atmel/studio/7.0/toolchain/avr8/avr8-gnu-toolchain/bin/../lib/gcc/avr/5.4.0/../../../../avr/lib/avr5\libm.a(fp_norm2.o)
                0x000033a2                __fp_norm2
 .text.__vector_11
                0x000033b0       0x4a C:\Users\fcvil\Projects\icaro\icaro\icaro_lib\Debug\libicaro_lib.a(timer.o)
                0x000033b0                __vector_11
 .text.init_millis
                0x000033fa       0x32 C:\Users\fcvil\Projects\icaro\icaro\icaro_lib\Debug\libicaro_lib.a(timer.o)
                0x000033fa                init_millis
 .text.millis   0x0000342c       0x16 C:\Users\fcvil\Projects\icaro\icaro\icaro_lib\Debug\libicaro_lib.a(timer.o)
                0x0000342c                millis
 .text.wire_on_receive_service
                0x00003442       0x58 C:\Users\fcvil\Projects\icaro\icaro\icaro_lib\Debug\libicaro_lib.a(i2cdevlib.o)
                0x00003442                wire_on_receive_service
 .text.wire_on_request_service
                0x0000349a       0x18 C:\Users\fcvil\Projects\icaro\icaro\icaro_lib\Debug\libicaro_lib.a(i2cdevlib.o)
                0x0000349a                wire_on_request_service
 .text.wire_init
                0x000034b2       0x26 C:\Users\fcvil\Projects\icaro\icaro\icaro_lib\Debug\libicaro_lib.a(i2cdevlib.o)
                0x000034b2                wire_init
 .text.wire_set_address
                0x000034d8        0x6 C:\Users\fcvil\Projects\icaro\icaro\icaro_lib\Debug\libicaro_lib.a(i2cdevlib.o)
                0x000034d8                wire_set_address
 .text.wire_get_status
                0x000034de        0x6 C:\Users\fcvil\Projects\icaro\icaro\icaro_lib\Debug\libicaro_lib.a(i2cdevlib.o)
                0x000034de                wire_get_status
 .text.wire_begin_transmission
                0x000034e4       0x14 C:\Users\fcvil\Projects\icaro\icaro\icaro_lib\Debug\libicaro_lib.a(i2cdevlib.o)
                0x000034e4                wire_begin_transmission
 .text.wire_end_transmission
                0x000034f8       0x26 C:\Users\fcvil\Projects\icaro\icaro\icaro_lib\Debug\libicaro_lib.a(i2cdevlib.o)
                0x000034f8                wire_end_transmission
 .text.wire_write
                0x0000351e       0x58 C:\Users\fcvil\Projects\icaro\icaro\icaro_lib\Debug\libicaro_lib.a(i2cdevlib.o)
                0x0000351e                wire_write
 .text.wire_request_from
                0x00003576       0x90 C:\Users\fcvil\Projects\icaro\icaro\icaro_lib\Debug\libicaro_lib.a(i2cdevlib.o)
                0x00003576                wire_request_from
 .text.wire_available
                0x00003606       0x10 C:\Users\fcvil\Projects\icaro\icaro\icaro_lib\Debug\libicaro_lib.a(i2cdevlib.o)
                0x00003606                wire_available
 .text.wire_read
                0x00003616       0x28 C:\Users\fcvil\Projects\icaro\icaro\icaro_lib\Debug\libicaro_lib.a(i2cdevlib.o)
                0x00003616                wire_read
 .text.wire_set_on_receive
                0x0000363e        0xa C:\Users\fcvil\Projects\icaro\icaro\icaro_lib\Debug\libicaro_lib.a(i2cdevlib.o)
                0x0000363e                wire_set_on_receive
 .text.wire_set_on_request
                0x00003648        0xa C:\Users\fcvil\Projects\icaro\icaro\icaro_lib\Debug\libicaro_lib.a(i2cdevlib.o)
                0x00003648                wire_set_on_request
 .text.i2c_read_bytes
                0x00003652      0x16e C:\Users\fcvil\Projects\icaro\icaro\icaro_lib\Debug\libicaro_lib.a(i2cdevlib.o)
                0x00003652                i2c_read_bytes
 .text.i2c_read_byte
                0x000037c0       0x14 C:\Users\fcvil\Projects\icaro\icaro\icaro_lib\Debug\libicaro_lib.a(i2cdevlib.o)
                0x000037c0                i2c_read_byte
 .text.i2c_write_bytes
                0x000037d4       0x58 C:\Users\fcvil\Projects\icaro\icaro\icaro_lib\Debug\libicaro_lib.a(i2cdevlib.o)
                0x000037d4                i2c_write_bytes
 .text.i2c_write_byte
                0x0000382c       0x20 C:\Users\fcvil\Projects\icaro\icaro\icaro_lib\Debug\libicaro_lib.a(i2cdevlib.o)
                0x0000382c                i2c_write_byte
 .text.i2c_write_bit
                0x0000384c       0x6e C:\Users\fcvil\Projects\icaro\icaro\icaro_lib\Debug\libicaro_lib.a(i2cdevlib.o)
                0x0000384c                i2c_write_bit
 .text.i2c_write_bits
                0x000038ba       0x92 C:\Users\fcvil\Projects\icaro\icaro\icaro_lib\Debug\libicaro_lib.a(i2cdevlib.o)
                0x000038ba                i2c_write_bits
 .text.i2c_write_words
                0x0000394c       0x58 C:\Users\fcvil\Projects\icaro\icaro\icaro_lib\Debug\libicaro_lib.a(i2cdevlib.o)
                0x0000394c                i2c_write_words
 .text.i2c_write_word
                0x000039a4       0x24 C:\Users\fcvil\Projects\icaro\icaro\icaro_lib\Debug\libicaro_lib.a(i2cdevlib.o)
                0x000039a4                i2c_write_word
 .text.twi_init
                0x000039c8       0x2c C:\Users\fcvil\Projects\icaro\icaro\icaro_lib\Debug\libicaro_lib.a(twi.o)
                0x000039c8                twi_init
 .text.twi_get_state
                0x000039f4        0x6 C:\Users\fcvil\Projects\icaro\icaro\icaro_lib\Debug\libicaro_lib.a(twi.o)
                0x000039f4                twi_get_state
 .text.twi_set_address
                0x000039fa        0x8 C:\Users\fcvil\Projects\icaro\icaro\icaro_lib\Debug\libicaro_lib.a(twi.o)
                0x000039fa                twi_set_address
 .text.twi_attach_slave_rx_event
                0x00003a02        0xa C:\Users\fcvil\Projects\icaro\icaro\icaro_lib\Debug\libicaro_lib.a(twi.o)
                0x00003a02                twi_attach_slave_rx_event
 .text.twi_attach_slave_tx_event
                0x00003a0c        0xa C:\Users\fcvil\Projects\icaro\icaro\icaro_lib\Debug\libicaro_lib.a(twi.o)
                0x00003a0c                twi_attach_slave_tx_event
 .text.twi_read
                0x00003a16       0xa4 C:\Users\fcvil\Projects\icaro\icaro\icaro_lib\Debug\libicaro_lib.a(twi.o)
                0x00003a16                twi_read
 .text.twi_write
                0x00003aba       0xc0 C:\Users\fcvil\Projects\icaro\icaro\icaro_lib\Debug\libicaro_lib.a(twi.o)
                0x00003aba                twi_write
 .text.twi_transmit
                0x00003b7a       0x54 C:\Users\fcvil\Projects\icaro\icaro\icaro_lib\Debug\libicaro_lib.a(twi.o)
                0x00003b7a                twi_transmit
 .text.twi_stop
                0x00003bce       0x16 C:\Users\fcvil\Projects\icaro\icaro\icaro_lib\Debug\libicaro_lib.a(twi.o)
                0x00003bce                twi_stop
 .text.twi_release_bus
                0x00003be4        0xc C:\Users\fcvil\Projects\icaro\icaro\icaro_lib\Debug\libicaro_lib.a(twi.o)
                0x00003be4                twi_release_bus
 .text.__vector_24
                0x00003bf0      0x242 C:\Users\fcvil\Projects\icaro\icaro\icaro_lib\Debug\libicaro_lib.a(twi.o)
                0x00003bf0                __vector_24
 .text.__vector_18
                0x00003e32       0x56 C:\Users\fcvil\Projects\icaro\icaro\icaro_lib\Debug\libicaro_lib.a(uart.o)
                0x00003e32                __vector_18
 .text.__vector_19
                0x00003e88       0x54 C:\Users\fcvil\Projects\icaro\icaro\icaro_lib\Debug\libicaro_lib.a(uart.o)
                0x00003e88                __vector_19
 .text.uart_init
                0x00003edc       0x32 C:\Users\fcvil\Projects\icaro\icaro\icaro_lib\Debug\libicaro_lib.a(uart.o)
                0x00003edc                uart_init
 .text.uart_putc
                0x00003f0e       0x2a C:\Users\fcvil\Projects\icaro\icaro\icaro_lib\Debug\libicaro_lib.a(uart.o)
                0x00003f0e                uart_putc
 .text.uart_puts
                0x00003f38       0x1e C:\Users\fcvil\Projects\icaro\icaro\icaro_lib\Debug\libicaro_lib.a(uart.o)
                0x00003f38                uart_puts
 .text.avr-libc
                0x00003f56      0x6fa c:/program files (x86)/atmel/studio/7.0/toolchain/avr8/avr8-gnu-toolchain/bin/../lib/gcc/avr/5.4.0/../../../../avr/lib/avr5\libprintf_flt.a(vfprintf_flt.o)
                0x00003f56                vfprintf
 .text.libgcc.div
                0x00004650       0x44 c:/program files (x86)/atmel/studio/7.0/toolchain/avr8/avr8-gnu-toolchain/bin/../lib/gcc/avr/5.4.0/avr5\libgcc.a(_udivmodsi4.o)
                0x00004650                __udivmodsi4
 .text.libgcc.div
                0x00004694       0x2e c:/program files (x86)/atmel/studio/7.0/toolchain/avr8/avr8-gnu-toolchain/bin/../lib/gcc/avr/5.4.0/avr5\libgcc.a(_divmodsi4.o)
                0x00004694                __divmodsi4
 .text.libgcc.div
                0x000046c2       0x10 c:/program files (x86)/atmel/studio/7.0/toolchain/avr8/avr8-gnu-toolchain/bin/../lib/gcc/avr/5.4.0/avr5\libgcc.a(_negsi2.o)
                0x000046c2                __negsi2
 .text.libgcc   0x000046d2        0xc c:/program files (x86)/atmel/studio/7.0/toolchain/avr8/avr8-gnu-toolchain/bin/../lib/gcc/avr/5.4.0/avr5\libgcc.a(_tablejump2.o)
                0x000046d2                __tablejump2__
 .text.libgcc.prologue
                0x000046de       0x38 c:/program files (x86)/atmel/studio/7.0/toolchain/avr8/avr8-gnu-toolchain/bin/../lib/gcc/avr/5.4.0/avr5\libgcc.a(_prologue.o)
                0x000046de                __prologue_saves__
 .text.libgcc.prologue
                0x00004716       0x36 c:/program files (x86)/atmel/studio/7.0/toolchain/avr8/avr8-gnu-toolchain/bin/../lib/gcc/avr/5.4.0/avr5\libgcc.a(_epilogue.o)
                0x00004716                __epilogue_restores__
 .text.avr-libc
                0x0000474c      0x1b0 c:/program files (x86)/atmel/studio/7.0/toolchain/avr8/avr8-gnu-toolchain/bin/../lib/gcc/avr/5.4.0/../../../../avr/lib/avr5\libc.a(ftoa_engine.o)
                0x0000474c                __ftoa_engine
 .text.avr-libc
                0x000048fc       0x16 c:/program files (x86)/atmel/studio/7.0/toolchain/avr8/avr8-gnu-toolchain/bin/../lib/gcc/avr/5.4.0/../../../../avr/lib/avr5\libc.a(strnlen_P.o)
                0x000048fc                strnlen_P
 .text.avr-libc
                0x00004912       0x16 c:/program files (x86)/atmel/studio/7.0/toolchain/avr8/avr8-gnu-toolchain/bin/../lib/gcc/avr/5.4.0/../../../../avr/lib/avr5\libc.a(strnlen.o)
                0x00004912                strnlen
 .text.avr-libc
                0x00004928       0x78 c:/program files (x86)/atmel/studio/7.0/toolchain/avr8/avr8-gnu-toolchain/bin/../lib/gcc/avr/5.4.0/../../../../avr/lib/avr5\libc.a(fputc.o)
                0x00004928                fputc
 .text.avr-libc
                0x000049a0       0x44 c:/program files (x86)/atmel/studio/7.0/toolchain/avr8/avr8-gnu-toolchain/bin/../lib/gcc/avr/5.4.0/../../../../avr/lib/avr5\libc.a(sprintf.o)
                0x000049a0                sprintf
 .text.avr-libc
                0x000049e4       0xbc c:/program files (x86)/atmel/studio/7.0/toolchain/avr8/avr8-gnu-toolchain/bin/../lib/gcc/avr/5.4.0/../../../../avr/lib/avr5\libc.a(ultoa_invert.o)
                0x000049e4                __ultoa_invert
 .text.avr-libc
                0x00004aa0        0xc C:/Program Files (x86)/Atmel/Studio/7.0/Packs/Atmel/ATmega_DFP/1.4.351/gcc/dev/atmega328p/avr5\libatmega328p.a(eerd_word.o)
                0x00004aa0                eeprom_read_word
 .text.avr-libc
                0x00004aac        0xa C:/Program Files (x86)/Atmel/Studio/7.0/Packs/Atmel/ATmega_DFP/1.4.351/gcc/dev/atmega328p/avr5\libatmega328p.a(eewr_word.o)
                0x00004aac                eeprom_write_word
 .text.avr-libc
                0x00004ab6       0x20 C:/Program Files (x86)/Atmel/Studio/7.0/Packs/Atmel/ATmega_DFP/1.4.351/gcc/dev/atmega328p/avr5\libatmega328p.a(eerd_block.o)
                0x00004ab6                eeprom_read_block
                0x00004aba                eeprom_read_blraw
 .text.avr-libc
                0x00004ad6       0x1c C:/Program Files (x86)/Atmel/Studio/7.0/Packs/Atmel/ATmega_DFP/1.4.351/gcc/dev/atmega328p/avr5\libatmega328p.a(eewr_byte.o)
                0x00004ad6                eeprom_write_byte
                0x00004ad8                eeprom_write_r18
                0x00004af2                . = ALIGN (0x2)
 *(.fini9)
 .fini9         0x00004af2        0x0 c:/program files (x86)/atmel/studio/7.0/toolchain/avr8/avr8-gnu-toolchain/bin/../lib/gcc/avr/5.4.0/avr5\libgcc.a(_exit.o)
                0x00004af2                _exit
                0x00004af2                exit
 *(.fini9)
 *(.fini8)
 *(.fini8)
 *(.fini7)
 *(.fini7)
 *(.fini6)
 *(.fini6)
 *(.fini5)
 *(.fini5)
 *(.fini4)
 *(.fini4)
 *(.fini3)
 *(.fini3)
 *(.fini2)
 *(.fini2)
 *(.fini1)
 *(.fini1)
 *(.fini0)
 .fini0         0x00004af2        0x4 c:/program files (x86)/atmel/studio/7.0/toolchain/avr8/avr8-gnu-toolchain/bin/../lib/gcc/avr/5.4.0/avr5\libgcc.a(_exit.o)
 *(.fini0)
                0x00004af6                _etext = .

.data           0x00800100       0x96 load address 0x00004af6
                0x00800100                PROVIDE (__data_start, .)
 *(.data)
 *(.data*)
 *(.gnu.linkonce.d*)
 *(.rodata)
 *(.rodata*)
 .rodata.str1.1
                0x00800100       0x95 main.o
                                 0xbc (size before relaxing)
 *(.gnu.linkonce.r*)
                0x00800196                . = ALIGN (0x2)
 *fill*         0x00800195        0x1 
                0x00800196                _edata = .
                0x00800196                PROVIDE (__data_end, .)

.bss            0x00800196      0x1f9
                0x00800196                PROVIDE (__bss_start, .)
 *(.bss)
 *(.bss*)
 .bss.anglesComputed
                0x00800196        0x1 mahony.o
 .bss.yaw       0x00800197        0x4 mahony.o
 .bss.pitch     0x0080019b        0x4 mahony.o
 .bss.roll      0x0080019f        0x4 mahony.o
 .bss.invSampleFreq
                0x008001a3        0x4 mahony.o
 .bss.integralFBz
                0x008001a7        0x4 mahony.o
 .bss.integralFBy
                0x008001ab        0x4 mahony.o
 .bss.integralFBx
                0x008001af        0x4 mahony.o
 .bss.q3        0x008001b3        0x4 mahony.o
 .bss.q2        0x008001b7        0x4 mahony.o
 .bss.q1        0x008001bb        0x4 mahony.o
 .bss.q0        0x008001bf        0x4 mahony.o
 .bss.twoKi     0x008001c3        0x4 mahony.o
 .bss.twoKp     0x008001c7        0x4 mahony.o
 .bss.twi_request_address
                0x008001cb        0x1 main.o
                0x008001cb                twi_request_address
 .bss.REGISTER  0x008001cc        0xd main.o
                0x008001cc                REGISTER
 .bss.count     0x008001d9        0x2 main.o
                0x008001d9                count
 .bss.BUFFER    0x008001db       0x96 main.o
                0x008001db                BUFFER
 .bss.transmitting
                0x00800271        0x1 C:\Users\fcvil\Projects\icaro\icaro\icaro_lib\Debug\libicaro_lib.a(i2cdevlib.o)
                0x00800271                transmitting
 .bss.tx_buffer_length
                0x00800272        0x1 C:\Users\fcvil\Projects\icaro\icaro\icaro_lib\Debug\libicaro_lib.a(i2cdevlib.o)
                0x00800272                tx_buffer_length
 .bss.tx_buffer_index
                0x00800273        0x1 C:\Users\fcvil\Projects\icaro\icaro\icaro_lib\Debug\libicaro_lib.a(i2cdevlib.o)
                0x00800273                tx_buffer_index
 .bss.tx_address
                0x00800274        0x1 C:\Users\fcvil\Projects\icaro\icaro\icaro_lib\Debug\libicaro_lib.a(i2cdevlib.o)
                0x00800274                tx_address
 .bss.rx_buffer_length
                0x00800275        0x1 C:\Users\fcvil\Projects\icaro\icaro\icaro_lib\Debug\libicaro_lib.a(i2cdevlib.o)
                0x00800275                rx_buffer_length
 .bss.rx_buffer_index
                0x00800276        0x1 C:\Users\fcvil\Projects\icaro\icaro\icaro_lib\Debug\libicaro_lib.a(i2cdevlib.o)
                0x00800276                rx_buffer_index
 .bss.user_on_receive
                0x00800277        0x2 C:\Users\fcvil\Projects\icaro\icaro\icaro_lib\Debug\libicaro_lib.a(i2cdevlib.o)
 .bss.user_on_request
                0x00800279        0x2 C:\Users\fcvil\Projects\icaro\icaro\icaro_lib\Debug\libicaro_lib.a(i2cdevlib.o)
 .bss.twi_rx_buffer_index
                0x0080027b        0x1 C:\Users\fcvil\Projects\icaro\icaro\icaro_lib\Debug\libicaro_lib.a(twi.o)
 .bss.twi_rx_buffer
                0x0080027c       0x20 C:\Users\fcvil\Projects\icaro\icaro\icaro_lib\Debug\libicaro_lib.a(twi.o)
 .bss.twi_tx_buffer_length
                0x0080029c        0x1 C:\Users\fcvil\Projects\icaro\icaro\icaro_lib\Debug\libicaro_lib.a(twi.o)
 .bss.twi_tx_buffer_index
                0x0080029d        0x1 C:\Users\fcvil\Projects\icaro\icaro\icaro_lib\Debug\libicaro_lib.a(twi.o)
 .bss.twi_tx_buffer
                0x0080029e       0x20 C:\Users\fcvil\Projects\icaro\icaro\icaro_lib\Debug\libicaro_lib.a(twi.o)
 .bss.twi_master_buffer_length
                0x008002be        0x1 C:\Users\fcvil\Projects\icaro\icaro\icaro_lib\Debug\libicaro_lib.a(twi.o)
 .bss.twi_master_buffer_index
                0x008002bf        0x1 C:\Users\fcvil\Projects\icaro\icaro\icaro_lib\Debug\libicaro_lib.a(twi.o)
 .bss.twi_master_buffer
                0x008002c0       0x20 C:\Users\fcvil\Projects\icaro\icaro\icaro_lib\Debug\libicaro_lib.a(twi.o)
 .bss.twi_on_slave_receive
                0x008002e0        0x2 C:\Users\fcvil\Projects\icaro\icaro\icaro_lib\Debug\libicaro_lib.a(twi.o)
 .bss.twi_on_slave_transmit
                0x008002e2        0x2 C:\Users\fcvil\Projects\icaro\icaro\icaro_lib\Debug\libicaro_lib.a(twi.o)
 .bss.twi_error
                0x008002e4        0x1 C:\Users\fcvil\Projects\icaro\icaro\icaro_lib\Debug\libicaro_lib.a(twi.o)
 .bss.twi_slarw
                0x008002e5        0x1 C:\Users\fcvil\Projects\icaro\icaro\icaro_lib\Debug\libicaro_lib.a(twi.o)
 .bss.twi_in_rep_start
                0x008002e6        0x1 C:\Users\fcvil\Projects\icaro\icaro\icaro_lib\Debug\libicaro_lib.a(twi.o)
 .bss.twi_send_stop
                0x008002e7        0x1 C:\Users\fcvil\Projects\icaro\icaro\icaro_lib\Debug\libicaro_lib.a(twi.o)
 .bss.twi_state
                0x008002e8        0x1 C:\Users\fcvil\Projects\icaro\icaro\icaro_lib\Debug\libicaro_lib.a(twi.o)
 .bss.UART_LastRxError
                0x008002e9        0x1 C:\Users\fcvil\Projects\icaro\icaro\icaro_lib\Debug\libicaro_lib.a(uart.o)
 .bss.UART_RxTail
                0x008002ea        0x1 C:\Users\fcvil\Projects\icaro\icaro\icaro_lib\Debug\libicaro_lib.a(uart.o)
 .bss.UART_RxHead
                0x008002eb        0x1 C:\Users\fcvil\Projects\icaro\icaro\icaro_lib\Debug\libicaro_lib.a(uart.o)
 .bss.UART_TxTail
                0x008002ec        0x1 C:\Users\fcvil\Projects\icaro\icaro\icaro_lib\Debug\libicaro_lib.a(uart.o)
 .bss.UART_TxHead
                0x008002ed        0x1 C:\Users\fcvil\Projects\icaro\icaro\icaro_lib\Debug\libicaro_lib.a(uart.o)
 .bss.UART_RxBuf
                0x008002ee       0x20 C:\Users\fcvil\Projects\icaro\icaro\icaro_lib\Debug\libicaro_lib.a(uart.o)
 .bss.UART_TxBuf
                0x0080030e       0x20 C:\Users\fcvil\Projects\icaro\icaro\icaro_lib\Debug\libicaro_lib.a(uart.o)
 *(COMMON)
 COMMON         0x0080032e       0x16 main.o
                0x0080032e                f
                0x00800332                gy
                0x00800334                az
                0x00800336                my
                0x00800338                ax
                0x0080033a                gz
                0x0080033c                mz
                0x0080033e                gx
                0x00800340                ay
                0x00800342                mx
 COMMON         0x00800344        0x7 sensors/hcm5883l.o
                0x00800344                mode
                0x00800345                mag_buffer
 COMMON         0x0080034b        0x4 C:\Users\fcvil\Projects\icaro\icaro\icaro_lib\Debug\libicaro_lib.a(timer.o)
                0x0080034b                timer1_millis
 COMMON         0x0080034f       0x40 C:\Users\fcvil\Projects\icaro\icaro\icaro_lib\Debug\libicaro_lib.a(i2cdevlib.o)
                0x0080034f                rx_buffer
                0x0080036f                tx_buffer
                0x0080038f                PROVIDE (__bss_end, .)
                0x00004af6                __data_load_start = LOADADDR (.data)
                0x00004b8c                __data_load_end = (__data_load_start + SIZEOF (.data))

.noinit         0x0080038f        0x0
                [!provide]                PROVIDE (__noinit_start, .)
 *(.noinit*)
                [!provide]                PROVIDE (__noinit_end, .)
                0x0080038f                _end = .
                [!provide]                PROVIDE (__heap_start, .)

.eeprom         0x00810000        0x0
 *(.eeprom*)
                0x00810000                __eeprom_end = .

.fuse
 *(.fuse)
 *(.lfuse)
 *(.hfuse)
 *(.efuse)

.lock
 *(.lock*)

.signature
 *(.signature*)

.user_signatures
 *(.user_signatures*)

.stab
 *(.stab)

.stabstr
 *(.stabstr)

.stab.excl
 *(.stab.excl)

.stab.exclstr
 *(.stab.exclstr)

.stab.index
 *(.stab.index)

.stab.indexstr
 *(.stab.indexstr)

.comment        0x00000000       0x5c
 *(.comment)
 .comment       0x00000000       0x30 eeprom/eeprom.o
                                 0x31 (size before relaxing)
 .comment       0x00000030       0x31 mahony.o
 .comment       0x00000030       0x31 main.o
 .comment       0x00000030       0x31 sensors/hcm5883l.o
 .comment       0x00000030       0x31 sensors/mpu6050.o
 .comment       0x00000030       0x31 C:\Users\fcvil\Projects\icaro\icaro\icaro_lib\Debug\libicaro_lib.a(timer.o)
 .comment       0x00000030       0x31 C:\Users\fcvil\Projects\icaro\icaro\icaro_lib\Debug\libicaro_lib.a(i2cdevlib.o)
 .comment       0x00000030       0x31 C:\Users\fcvil\Projects\icaro\icaro\icaro_lib\Debug\libicaro_lib.a(twi.o)
 .comment       0x00000030       0x31 C:\Users\fcvil\Projects\icaro\icaro\icaro_lib\Debug\libicaro_lib.a(uart.o)
 .comment       0x00000030       0x2c c:/program files (x86)/atmel/studio/7.0/toolchain/avr8/avr8-gnu-toolchain/bin/../lib/gcc/avr/5.4.0/../../../../avr/lib/avr5\libprintf_flt.a(vfprintf_flt.o)
                                 0x2d (size before relaxing)
 .comment       0x0000005c       0x31 c:/program files (x86)/atmel/studio/7.0/toolchain/avr8/avr8-gnu-toolchain/bin/../lib/gcc/avr/5.4.0/../../../../avr/lib/avr5\libc.a(fputc.o)
 .comment       0x0000005c       0x31 c:/program files (x86)/atmel/studio/7.0/toolchain/avr8/avr8-gnu-toolchain/bin/../lib/gcc/avr/5.4.0/../../../../avr/lib/avr5\libc.a(sprintf.o)

.note.gnu.avr.deviceinfo
                0x00000000       0x40
 .note.gnu.avr.deviceinfo
                0x00000000       0x40 C:/Program Files (x86)/Atmel/Studio/7.0/Packs/Atmel/ATmega_DFP/1.4.351/gcc/dev/atmega328p/avr5/crtatmega328p.o

.note.gnu.build-id
 *(.note.gnu.build-id)

.debug
 *(.debug)

.line
 *(.line)

.debug_srcinfo
 *(.debug_srcinfo)

.debug_sfnames
 *(.debug_sfnames)

.debug_aranges  0x00000000      0x470
 *(.debug_aranges)
 .debug_aranges
                0x00000000       0x28 eeprom/eeprom.o
 .debug_aranges
                0x00000028       0x78 mahony.o
 .debug_aranges
                0x000000a0       0x50 main.o
 .debug_aranges
                0x000000f0       0x38 sensors/hcm5883l.o
 .debug_aranges
                0x00000128       0xb8 sensors/mpu6050.o
 .debug_aranges
                0x000001e0       0x30 C:\Users\fcvil\Projects\icaro\icaro\icaro_lib\Debug\libicaro_lib.a(timer.o)
 .debug_aranges
                0x00000210      0x100 C:\Users\fcvil\Projects\icaro\icaro\icaro_lib\Debug\libicaro_lib.a(i2cdevlib.o)
 .debug_aranges
                0x00000310       0x80 C:\Users\fcvil\Projects\icaro\icaro\icaro_lib\Debug\libicaro_lib.a(twi.o)
 .debug_aranges
                0x00000390       0x60 C:\Users\fcvil\Projects\icaro\icaro\icaro_lib\Debug\libicaro_lib.a(uart.o)
 .debug_aranges
                0x000003f0       0x20 C:/Program Files (x86)/Atmel/Studio/7.0/Packs/Atmel/ATmega_DFP/1.4.351/gcc/dev/atmega328p/avr5\libatmega328p.a(eerd_word.o)
 .debug_aranges
                0x00000410       0x20 C:/Program Files (x86)/Atmel/Studio/7.0/Packs/Atmel/ATmega_DFP/1.4.351/gcc/dev/atmega328p/avr5\libatmega328p.a(eewr_word.o)
 .debug_aranges
                0x00000430       0x20 C:/Program Files (x86)/Atmel/Studio/7.0/Packs/Atmel/ATmega_DFP/1.4.351/gcc/dev/atmega328p/avr5\libatmega328p.a(eerd_block.o)
 .debug_aranges
                0x00000450       0x20 C:/Program Files (x86)/Atmel/Studio/7.0/Packs/Atmel/ATmega_DFP/1.4.351/gcc/dev/atmega328p/avr5\libatmega328p.a(eewr_byte.o)

.debug_pubnames
 *(.debug_pubnames)

.debug_info     0x00000000     0x4779
 *(.debug_info .gnu.linkonce.wi.*)
 .debug_info    0x00000000      0x5f4 C:/Program Files (x86)/Atmel/Studio/7.0/Packs/Atmel/ATmega_DFP/1.4.351/gcc/dev/atmega328p/avr5/crtatmega328p.o
 .debug_info    0x000005f4      0x204 eeprom/eeprom.o
 .debug_info    0x000007f8      0x6fc mahony.o
 .debug_info    0x00000ef4      0x99c main.o
 .debug_info    0x00001890      0x25e sensors/hcm5883l.o
 .debug_info    0x00001aee      0xd3a sensors/mpu6050.o
 .debug_info    0x00002828      0x193 C:\Users\fcvil\Projects\icaro\icaro\icaro_lib\Debug\libicaro_lib.a(timer.o)
 .debug_info    0x000029bb     0x1241 C:\Users\fcvil\Projects\icaro\icaro\icaro_lib\Debug\libicaro_lib.a(i2cdevlib.o)
 .debug_info    0x00003bfc      0x5e6 C:\Users\fcvil\Projects\icaro\icaro\icaro_lib\Debug\libicaro_lib.a(twi.o)
 .debug_info    0x000041e2      0x32e C:\Users\fcvil\Projects\icaro\icaro\icaro_lib\Debug\libicaro_lib.a(uart.o)
 .debug_info    0x00004510       0x9a C:/Program Files (x86)/Atmel/Studio/7.0/Packs/Atmel/ATmega_DFP/1.4.351/gcc/dev/atmega328p/avr5\libatmega328p.a(eerd_word.o)
 .debug_info    0x000045aa       0x9a C:/Program Files (x86)/Atmel/Studio/7.0/Packs/Atmel/ATmega_DFP/1.4.351/gcc/dev/atmega328p/avr5\libatmega328p.a(eewr_word.o)
 .debug_info    0x00004644       0x9b C:/Program Files (x86)/Atmel/Studio/7.0/Packs/Atmel/ATmega_DFP/1.4.351/gcc/dev/atmega328p/avr5\libatmega328p.a(eerd_block.o)
 .debug_info    0x000046df       0x9a C:/Program Files (x86)/Atmel/Studio/7.0/Packs/Atmel/ATmega_DFP/1.4.351/gcc/dev/atmega328p/avr5\libatmega328p.a(eewr_byte.o)

.debug_abbrev   0x00000000     0x1476
 *(.debug_abbrev)
 .debug_abbrev  0x00000000      0x5a2 C:/Program Files (x86)/Atmel/Studio/7.0/Packs/Atmel/ATmega_DFP/1.4.351/gcc/dev/atmega328p/avr5/crtatmega328p.o
 .debug_abbrev  0x000005a2       0xa1 eeprom/eeprom.o
 .debug_abbrev  0x00000643      0x191 mahony.o
 .debug_abbrev  0x000007d4      0x1e1 main.o
 .debug_abbrev  0x000009b5      0x105 sensors/hcm5883l.o
 .debug_abbrev  0x00000aba      0x2c4 sensors/mpu6050.o
 .debug_abbrev  0x00000d7e      0x139 C:\Users\fcvil\Projects\icaro\icaro\icaro_lib\Debug\libicaro_lib.a(timer.o)
 .debug_abbrev  0x00000eb7      0x25a C:\Users\fcvil\Projects\icaro\icaro\icaro_lib\Debug\libicaro_lib.a(i2cdevlib.o)
 .debug_abbrev  0x00001111      0x1d2 C:\Users\fcvil\Projects\icaro\icaro\icaro_lib\Debug\libicaro_lib.a(twi.o)
 .debug_abbrev  0x000012e3      0x143 C:\Users\fcvil\Projects\icaro\icaro\icaro_lib\Debug\libicaro_lib.a(uart.o)
 .debug_abbrev  0x00001426       0x14 C:/Program Files (x86)/Atmel/Studio/7.0/Packs/Atmel/ATmega_DFP/1.4.351/gcc/dev/atmega328p/avr5\libatmega328p.a(eerd_word.o)
 .debug_abbrev  0x0000143a       0x14 C:/Program Files (x86)/Atmel/Studio/7.0/Packs/Atmel/ATmega_DFP/1.4.351/gcc/dev/atmega328p/avr5\libatmega328p.a(eewr_word.o)
 .debug_abbrev  0x0000144e       0x14 C:/Program Files (x86)/Atmel/Studio/7.0/Packs/Atmel/ATmega_DFP/1.4.351/gcc/dev/atmega328p/avr5\libatmega328p.a(eerd_block.o)
 .debug_abbrev  0x00001462       0x14 C:/Program Files (x86)/Atmel/Studio/7.0/Packs/Atmel/ATmega_DFP/1.4.351/gcc/dev/atmega328p/avr5\libatmega328p.a(eewr_byte.o)

.debug_line     0x00000000     0x2774
 *(.debug_line .debug_line.* .debug_line_end)
 .debug_line    0x00000000      0x134 C:/Program Files (x86)/Atmel/Studio/7.0/Packs/Atmel/ATmega_DFP/1.4.351/gcc/dev/atmega328p/avr5/crtatmega328p.o
 .debug_line    0x00000134      0x16a eeprom/eeprom.o
 .debug_line    0x0000029e      0x55c mahony.o
 .debug_line    0x000007fa      0x50c main.o
 .debug_line    0x00000d06      0x156 sensors/hcm5883l.o
 .debug_line    0x00000e5c      0x5fd sensors/mpu6050.o
 .debug_line    0x00001459      0x180 C:\Users\fcvil\Projects\icaro\icaro\icaro_lib\Debug\libicaro_lib.a(timer.o)
 .debug_line    0x000015d9      0x7ff C:\Users\fcvil\Projects\icaro\icaro\icaro_lib\Debug\libicaro_lib.a(i2cdevlib.o)
 .debug_line    0x00001dd8      0x531 C:\Users\fcvil\Projects\icaro\icaro\icaro_lib\Debug\libicaro_lib.a(twi.o)
 .debug_line    0x00002309      0x260 C:\Users\fcvil\Projects\icaro\icaro\icaro_lib\Debug\libicaro_lib.a(uart.o)
 .debug_line    0x00002569       0x67 C:/Program Files (x86)/Atmel/Studio/7.0/Packs/Atmel/ATmega_DFP/1.4.351/gcc/dev/atmega328p/avr5\libatmega328p.a(eerd_word.o)
 .debug_line    0x000025d0       0x5b C:/Program Files (x86)/Atmel/Studio/7.0/Packs/Atmel/ATmega_DFP/1.4.351/gcc/dev/atmega328p/avr5\libatmega328p.a(eewr_word.o)
 .debug_line    0x0000262b       0xab C:/Program Files (x86)/Atmel/Studio/7.0/Packs/Atmel/ATmega_DFP/1.4.351/gcc/dev/atmega328p/avr5\libatmega328p.a(eerd_block.o)
 .debug_line    0x000026d6       0x9e C:/Program Files (x86)/Atmel/Studio/7.0/Packs/Atmel/ATmega_DFP/1.4.351/gcc/dev/atmega328p/avr5\libatmega328p.a(eewr_byte.o)

.debug_frame    0x00000000      0xe58
 *(.debug_frame)
 .debug_frame   0x00000000       0x4c eeprom/eeprom.o
 .debug_frame   0x0000004c      0x200 mahony.o
 .debug_frame   0x0000024c      0x118 main.o
 .debug_frame   0x00000364       0x84 sensors/hcm5883l.o
 .debug_frame   0x000003e8      0x304 sensors/mpu6050.o
 .debug_frame   0x000006ec       0x64 C:\Users\fcvil\Projects\icaro\icaro\icaro_lib\Debug\libicaro_lib.a(timer.o)
 .debug_frame   0x00000750      0x4d4 C:\Users\fcvil\Projects\icaro\icaro\icaro_lib\Debug\libicaro_lib.a(i2cdevlib.o)
 .debug_frame   0x00000c24      0x134 C:\Users\fcvil\Projects\icaro\icaro\icaro_lib\Debug\libicaro_lib.a(twi.o)
 .debug_frame   0x00000d58      0x100 C:\Users\fcvil\Projects\icaro\icaro\icaro_lib\Debug\libicaro_lib.a(uart.o)

.debug_str      0x00000000      0xfe1
 *(.debug_str)
 .debug_str     0x00000000      0x208 C:/Program Files (x86)/Atmel/Studio/7.0/Packs/Atmel/ATmega_DFP/1.4.351/gcc/dev/atmega328p/avr5/crtatmega328p.o
 .debug_str     0x00000208      0x184 eeprom/eeprom.o
                                0x1c7 (size before relaxing)
 .debug_str     0x0000038c      0x194 mahony.o
                                0x299 (size before relaxing)
 .debug_str     0x00000520      0x2c8 main.o
                                0x4b2 (size before relaxing)
 .debug_str     0x000007e8       0x61 sensors/hcm5883l.o
                                0x1e9 (size before relaxing)
 .debug_str     0x00000849      0x213 sensors/mpu6050.o
                                0x506 (size before relaxing)
 .debug_str     0x00000a5c       0xb9 C:\Users\fcvil\Projects\icaro\icaro\icaro_lib\Debug\libicaro_lib.a(timer.o)
                                0x1e6 (size before relaxing)
 .debug_str     0x00000b15      0x270 C:\Users\fcvil\Projects\icaro\icaro\icaro_lib\Debug\libicaro_lib.a(i2cdevlib.o)
                                0x52b (size before relaxing)
 .debug_str     0x00000d85      0x15a C:\Users\fcvil\Projects\icaro\icaro\icaro_lib\Debug\libicaro_lib.a(twi.o)
                                0x363 (size before relaxing)
 .debug_str     0x00000edf      0x102 C:\Users\fcvil\Projects\icaro\icaro\icaro_lib\Debug\libicaro_lib.a(uart.o)
                                0x280 (size before relaxing)

.debug_loc      0x00000000     0x46e1
 *(.debug_loc)
 .debug_loc     0x00000000       0xca eeprom/eeprom.o
 .debug_loc     0x000000ca     0x1059 mahony.o
 .debug_loc     0x00001123      0x3c4 main.o
 .debug_loc     0x000014e7      0x19c sensors/hcm5883l.o
 .debug_loc     0x00001683      0xd04 sensors/mpu6050.o
 .debug_loc     0x00002387       0xdb C:\Users\fcvil\Projects\icaro\icaro\icaro_lib\Debug\libicaro_lib.a(timer.o)
 .debug_loc     0x00002462     0x1a43 C:\Users\fcvil\Projects\icaro\icaro\icaro_lib\Debug\libicaro_lib.a(i2cdevlib.o)
 .debug_loc     0x00003ea5      0x508 C:\Users\fcvil\Projects\icaro\icaro\icaro_lib\Debug\libicaro_lib.a(twi.o)
 .debug_loc     0x000043ad      0x334 C:\Users\fcvil\Projects\icaro\icaro\icaro_lib\Debug\libicaro_lib.a(uart.o)

.debug_macinfo
 *(.debug_macinfo)

.debug_weaknames
 *(.debug_weaknames)

.debug_funcnames
 *(.debug_funcnames)

.debug_typenames
 *(.debug_typenames)

.debug_varnames
 *(.debug_varnames)

.debug_pubtypes
 *(.debug_pubtypes)

.debug_ranges   0x00000000      0x3a8
 *(.debug_ranges)
 .debug_ranges  0x00000000       0x18 eeprom/eeprom.o
 .debug_ranges  0x00000018       0x68 mahony.o
 .debug_ranges  0x00000080       0x40 main.o
 .debug_ranges  0x000000c0       0x28 sensors/hcm5883l.o
 .debug_ranges  0x000000e8       0xc0 sensors/mpu6050.o
 .debug_ranges  0x000001a8       0x20 C:\Users\fcvil\Projects\icaro\icaro\icaro_lib\Debug\libicaro_lib.a(timer.o)
 .debug_ranges  0x000001c8      0x108 C:\Users\fcvil\Projects\icaro\icaro\icaro_lib\Debug\libicaro_lib.a(i2cdevlib.o)
 .debug_ranges  0x000002d0       0x70 C:\Users\fcvil\Projects\icaro\icaro\icaro_lib\Debug\libicaro_lib.a(twi.o)
 .debug_ranges  0x00000340       0x68 C:\Users\fcvil\Projects\icaro\icaro\icaro_lib\Debug\libicaro_lib.a(uart.o)

.debug_macro
 *(.debug_macro)
OUTPUT(icaro_imu.elf elf32-avr)
LOAD linker stubs
