Archive member included to satisfy reference by file (symbol)

C:\Users\fcvil\Projects\icaro\icaro\icaro_lib\Debug\libicaro_lib.a(timer.o)
                              main.o (init_millis)
C:\Users\fcvil\Projects\icaro\icaro\icaro_lib\Debug\libicaro_lib.a(i2cdevlib.o)
                              main.o (i2c_read_bits)
C:\Users\fcvil\Projects\icaro\icaro\icaro_lib\Debug\libicaro_lib.a(twi.o)
                              main.o (twi_init)
C:\Users\fcvil\Projects\icaro\icaro\icaro_lib\Debug\libicaro_lib.a(uart.o)
                              main.o (uart_init)
c:/program files (x86)/atmel/studio/7.0/toolchain/avr8/avr8-gnu-toolchain/bin/../lib/gcc/avr/5.4.0/../../../../avr/lib/avr5\libprintf_flt.a(vfprintf_flt.o)
                              (vfprintf)
c:/program files (x86)/atmel/studio/7.0/toolchain/avr8/avr8-gnu-toolchain/bin/../lib/gcc/avr/5.4.0/avr5\libgcc.a(_divmodhi4.o)
                              C:\Users\fcvil\Projects\icaro\icaro\icaro_lib\Debug\libicaro_lib.a(uart.o) (__divmodhi4)
c:/program files (x86)/atmel/studio/7.0/toolchain/avr8/avr8-gnu-toolchain/bin/../lib/gcc/avr/5.4.0/avr5\libgcc.a(_udivmodsi4.o)
                              C:\Users\fcvil\Projects\icaro\icaro\icaro_lib\Debug\libicaro_lib.a(timer.o) (__udivmodsi4)
c:/program files (x86)/atmel/studio/7.0/toolchain/avr8/avr8-gnu-toolchain/bin/../lib/gcc/avr/5.4.0/avr5\libgcc.a(_exit.o)
                              C:/Program Files (x86)/Atmel/Studio/7.0/Packs/Atmel/ATmega_DFP/1.4.351/gcc/dev/atmega328p/avr5/crtatmega328p.o (exit)
c:/program files (x86)/atmel/studio/7.0/toolchain/avr8/avr8-gnu-toolchain/bin/../lib/gcc/avr/5.4.0/avr5\libgcc.a(_tablejump2.o)
                              C:\Users\fcvil\Projects\icaro\icaro\icaro_lib\Debug\libicaro_lib.a(twi.o) (__tablejump2__)
c:/program files (x86)/atmel/studio/7.0/toolchain/avr8/avr8-gnu-toolchain/bin/../lib/gcc/avr/5.4.0/avr5\libgcc.a(_copy_data.o)
                              main.o (__do_copy_data)
c:/program files (x86)/atmel/studio/7.0/toolchain/avr8/avr8-gnu-toolchain/bin/../lib/gcc/avr/5.4.0/avr5\libgcc.a(_clear_bss.o)
                              main.o (__do_clear_bss)
c:/program files (x86)/atmel/studio/7.0/toolchain/avr8/avr8-gnu-toolchain/bin/../lib/gcc/avr/5.4.0/avr5\libgcc.a(_prologue.o)
                              c:/program files (x86)/atmel/studio/7.0/toolchain/avr8/avr8-gnu-toolchain/bin/../lib/gcc/avr/5.4.0/../../../../avr/lib/avr5\libprintf_flt.a(vfprintf_flt.o) (__prologue_saves__)
c:/program files (x86)/atmel/studio/7.0/toolchain/avr8/avr8-gnu-toolchain/bin/../lib/gcc/avr/5.4.0/avr5\libgcc.a(_epilogue.o)
                              c:/program files (x86)/atmel/studio/7.0/toolchain/avr8/avr8-gnu-toolchain/bin/../lib/gcc/avr/5.4.0/../../../../avr/lib/avr5\libprintf_flt.a(vfprintf_flt.o) (__epilogue_restores__)
c:/program files (x86)/atmel/studio/7.0/toolchain/avr8/avr8-gnu-toolchain/bin/../lib/gcc/avr/5.4.0/avr5\libgcc.a(_udivmodhi4.o)
                              c:/program files (x86)/atmel/studio/7.0/toolchain/avr8/avr8-gnu-toolchain/bin/../lib/gcc/avr/5.4.0/avr5\libgcc.a(_divmodhi4.o) (__udivmodhi4)
c:/program files (x86)/atmel/studio/7.0/toolchain/avr8/avr8-gnu-toolchain/bin/../lib/gcc/avr/5.4.0/../../../../avr/lib/avr5\libc.a(ftoa_engine.o)
                              c:/program files (x86)/atmel/studio/7.0/toolchain/avr8/avr8-gnu-toolchain/bin/../lib/gcc/avr/5.4.0/../../../../avr/lib/avr5\libprintf_flt.a(vfprintf_flt.o) (__ftoa_engine)
c:/program files (x86)/atmel/studio/7.0/toolchain/avr8/avr8-gnu-toolchain/bin/../lib/gcc/avr/5.4.0/../../../../avr/lib/avr5\libc.a(strnlen_P.o)
                              c:/program files (x86)/atmel/studio/7.0/toolchain/avr8/avr8-gnu-toolchain/bin/../lib/gcc/avr/5.4.0/../../../../avr/lib/avr5\libprintf_flt.a(vfprintf_flt.o) (strnlen_P)
c:/program files (x86)/atmel/studio/7.0/toolchain/avr8/avr8-gnu-toolchain/bin/../lib/gcc/avr/5.4.0/../../../../avr/lib/avr5\libc.a(strnlen.o)
                              c:/program files (x86)/atmel/studio/7.0/toolchain/avr8/avr8-gnu-toolchain/bin/../lib/gcc/avr/5.4.0/../../../../avr/lib/avr5\libprintf_flt.a(vfprintf_flt.o) (strnlen)
c:/program files (x86)/atmel/studio/7.0/toolchain/avr8/avr8-gnu-toolchain/bin/../lib/gcc/avr/5.4.0/../../../../avr/lib/avr5\libc.a(fputc.o)
                              c:/program files (x86)/atmel/studio/7.0/toolchain/avr8/avr8-gnu-toolchain/bin/../lib/gcc/avr/5.4.0/../../../../avr/lib/avr5\libprintf_flt.a(vfprintf_flt.o) (fputc)
c:/program files (x86)/atmel/studio/7.0/toolchain/avr8/avr8-gnu-toolchain/bin/../lib/gcc/avr/5.4.0/../../../../avr/lib/avr5\libc.a(sprintf.o)
                              main.o (sprintf)
c:/program files (x86)/atmel/studio/7.0/toolchain/avr8/avr8-gnu-toolchain/bin/../lib/gcc/avr/5.4.0/../../../../avr/lib/avr5\libc.a(ultoa_invert.o)
                              c:/program files (x86)/atmel/studio/7.0/toolchain/avr8/avr8-gnu-toolchain/bin/../lib/gcc/avr/5.4.0/../../../../avr/lib/avr5\libprintf_flt.a(vfprintf_flt.o) (__ultoa_invert)

Allocating common symbols
Common symbol       size              file

rx_buffer           0x20              C:\Users\fcvil\Projects\icaro\icaro\icaro_lib\Debug\libicaro_lib.a(i2cdevlib.o)
tx_buffer           0x20              C:\Users\fcvil\Projects\icaro\icaro\icaro_lib\Debug\libicaro_lib.a(i2cdevlib.o)
timer1_millis       0x4               C:\Users\fcvil\Projects\icaro\icaro\icaro_lib\Debug\libicaro_lib.a(timer.o)

Discarded input sections

 .data          0x00000000        0x0 C:/Program Files (x86)/Atmel/Studio/7.0/Packs/Atmel/ATmega_DFP/1.4.351/gcc/dev/atmega328p/avr5/crtatmega328p.o
 .bss           0x00000000        0x0 C:/Program Files (x86)/Atmel/Studio/7.0/Packs/Atmel/ATmega_DFP/1.4.351/gcc/dev/atmega328p/avr5/crtatmega328p.o
 .text          0x00000000        0x0 main.o
 .data          0x00000000        0x0 main.o
 .bss           0x00000000        0x0 main.o
 .text          0x00000000        0x0 C:\Users\fcvil\Projects\icaro\icaro\icaro_lib\Debug\libicaro_lib.a(timer.o)
 .data          0x00000000        0x0 C:\Users\fcvil\Projects\icaro\icaro\icaro_lib\Debug\libicaro_lib.a(timer.o)
 .bss           0x00000000        0x0 C:\Users\fcvil\Projects\icaro\icaro\icaro_lib\Debug\libicaro_lib.a(timer.o)
 .text          0x00000000        0x0 C:\Users\fcvil\Projects\icaro\icaro\icaro_lib\Debug\libicaro_lib.a(i2cdevlib.o)
 .data          0x00000000        0x0 C:\Users\fcvil\Projects\icaro\icaro\icaro_lib\Debug\libicaro_lib.a(i2cdevlib.o)
 .bss           0x00000000        0x0 C:\Users\fcvil\Projects\icaro\icaro\icaro_lib\Debug\libicaro_lib.a(i2cdevlib.o)
 .text.i2c_read_bit
                0x00000000       0x4c C:\Users\fcvil\Projects\icaro\icaro\icaro_lib\Debug\libicaro_lib.a(i2cdevlib.o)
 .text.i2c_read_words
                0x00000000      0x1d2 C:\Users\fcvil\Projects\icaro\icaro\icaro_lib\Debug\libicaro_lib.a(i2cdevlib.o)
 .text.i2c_read_word
                0x00000000       0x14 C:\Users\fcvil\Projects\icaro\icaro\icaro_lib\Debug\libicaro_lib.a(i2cdevlib.o)
 .text.i2c_read_bit_word
                0x00000000       0x54 C:\Users\fcvil\Projects\icaro\icaro\icaro_lib\Debug\libicaro_lib.a(i2cdevlib.o)
 .text.i2c_read_bits_word
                0x00000000       0x82 C:\Users\fcvil\Projects\icaro\icaro\icaro_lib\Debug\libicaro_lib.a(i2cdevlib.o)
 .text.i2c_write_bytes
                0x00000000       0x58 C:\Users\fcvil\Projects\icaro\icaro\icaro_lib\Debug\libicaro_lib.a(i2cdevlib.o)
 .text.i2c_write_byte
                0x00000000       0x20 C:\Users\fcvil\Projects\icaro\icaro\icaro_lib\Debug\libicaro_lib.a(i2cdevlib.o)
 .text.i2c_write_bit
                0x00000000       0x6e C:\Users\fcvil\Projects\icaro\icaro\icaro_lib\Debug\libicaro_lib.a(i2cdevlib.o)
 .text.i2c_write_bits
                0x00000000       0x92 C:\Users\fcvil\Projects\icaro\icaro\icaro_lib\Debug\libicaro_lib.a(i2cdevlib.o)
 .text.i2c_write_words
                0x00000000       0x58 C:\Users\fcvil\Projects\icaro\icaro\icaro_lib\Debug\libicaro_lib.a(i2cdevlib.o)
 .text.i2c_write_word
                0x00000000       0x24 C:\Users\fcvil\Projects\icaro\icaro\icaro_lib\Debug\libicaro_lib.a(i2cdevlib.o)
 .text.i2c_write_bit_word
                0x00000000       0x80 C:\Users\fcvil\Projects\icaro\icaro\icaro_lib\Debug\libicaro_lib.a(i2cdevlib.o)
 .text.i2c_write_bits_word
                0x00000000       0x98 C:\Users\fcvil\Projects\icaro\icaro\icaro_lib\Debug\libicaro_lib.a(i2cdevlib.o)
 .bss.transmitting
                0x00000000        0x1 C:\Users\fcvil\Projects\icaro\icaro\icaro_lib\Debug\libicaro_lib.a(i2cdevlib.o)
 .bss.tx_buffer_length
                0x00000000        0x1 C:\Users\fcvil\Projects\icaro\icaro\icaro_lib\Debug\libicaro_lib.a(i2cdevlib.o)
 .bss.tx_buffer_index
                0x00000000        0x1 C:\Users\fcvil\Projects\icaro\icaro\icaro_lib\Debug\libicaro_lib.a(i2cdevlib.o)
 .bss.tx_address
                0x00000000        0x1 C:\Users\fcvil\Projects\icaro\icaro\icaro_lib\Debug\libicaro_lib.a(i2cdevlib.o)
 .bss.rx_buffer_length
                0x00000000        0x1 C:\Users\fcvil\Projects\icaro\icaro\icaro_lib\Debug\libicaro_lib.a(i2cdevlib.o)
 .bss.rx_buffer_index
                0x00000000        0x1 C:\Users\fcvil\Projects\icaro\icaro\icaro_lib\Debug\libicaro_lib.a(i2cdevlib.o)
 COMMON         0x00000000       0x40 C:\Users\fcvil\Projects\icaro\icaro\icaro_lib\Debug\libicaro_lib.a(i2cdevlib.o)
 .text          0x00000000        0x0 C:\Users\fcvil\Projects\icaro\icaro\icaro_lib\Debug\libicaro_lib.a(twi.o)
 .data          0x00000000        0x0 C:\Users\fcvil\Projects\icaro\icaro\icaro_lib\Debug\libicaro_lib.a(twi.o)
 .bss           0x00000000        0x0 C:\Users\fcvil\Projects\icaro\icaro\icaro_lib\Debug\libicaro_lib.a(twi.o)
 .text.twi_get_state
                0x00000000        0x6 C:\Users\fcvil\Projects\icaro\icaro\icaro_lib\Debug\libicaro_lib.a(twi.o)
 .text.twi_disable
                0x00000000        0xc C:\Users\fcvil\Projects\icaro\icaro\icaro_lib\Debug\libicaro_lib.a(twi.o)
 .text.twi_set_address
                0x00000000        0x8 C:\Users\fcvil\Projects\icaro\icaro\icaro_lib\Debug\libicaro_lib.a(twi.o)
 .text.twi_attach_slave_rx_event
                0x00000000        0xa C:\Users\fcvil\Projects\icaro\icaro\icaro_lib\Debug\libicaro_lib.a(twi.o)
 .text.twi_attach_slave_tx_event
                0x00000000        0xa C:\Users\fcvil\Projects\icaro\icaro\icaro_lib\Debug\libicaro_lib.a(twi.o)
 .text.twi_read
                0x00000000       0xa4 C:\Users\fcvil\Projects\icaro\icaro\icaro_lib\Debug\libicaro_lib.a(twi.o)
 .text.twi_write
                0x00000000       0xc0 C:\Users\fcvil\Projects\icaro\icaro\icaro_lib\Debug\libicaro_lib.a(twi.o)
 .text.twi_transmit
                0x00000000       0x54 C:\Users\fcvil\Projects\icaro\icaro\icaro_lib\Debug\libicaro_lib.a(twi.o)
 .text.twi_reply
                0x00000000       0x14 C:\Users\fcvil\Projects\icaro\icaro\icaro_lib\Debug\libicaro_lib.a(twi.o)
 .text          0x00000000        0x0 C:\Users\fcvil\Projects\icaro\icaro\icaro_lib\Debug\libicaro_lib.a(uart.o)
 .data          0x00000000        0x0 C:\Users\fcvil\Projects\icaro\icaro\icaro_lib\Debug\libicaro_lib.a(uart.o)
 .bss           0x00000000        0x0 C:\Users\fcvil\Projects\icaro\icaro\icaro_lib\Debug\libicaro_lib.a(uart.o)
 .text.uart_getc
                0x00000000       0x36 C:\Users\fcvil\Projects\icaro\icaro\icaro_lib\Debug\libicaro_lib.a(uart.o)
 .text.uart_puts_p
                0x00000000       0x24 C:\Users\fcvil\Projects\icaro\icaro\icaro_lib\Debug\libicaro_lib.a(uart.o)
 .text.uart_available
                0x00000000       0x1a C:\Users\fcvil\Projects\icaro\icaro\icaro_lib\Debug\libicaro_lib.a(uart.o)
 .text.uart_flush
                0x00000000        0xa C:\Users\fcvil\Projects\icaro\icaro\icaro_lib\Debug\libicaro_lib.a(uart.o)
 .text          0x00000000        0x0 c:/program files (x86)/atmel/studio/7.0/toolchain/avr8/avr8-gnu-toolchain/bin/../lib/gcc/avr/5.4.0/../../../../avr/lib/avr5\libprintf_flt.a(vfprintf_flt.o)
 .data          0x00000000        0x0 c:/program files (x86)/atmel/studio/7.0/toolchain/avr8/avr8-gnu-toolchain/bin/../lib/gcc/avr/5.4.0/../../../../avr/lib/avr5\libprintf_flt.a(vfprintf_flt.o)
 .bss           0x00000000        0x0 c:/program files (x86)/atmel/studio/7.0/toolchain/avr8/avr8-gnu-toolchain/bin/../lib/gcc/avr/5.4.0/../../../../avr/lib/avr5\libprintf_flt.a(vfprintf_flt.o)
 .text          0x00000000        0x0 c:/program files (x86)/atmel/studio/7.0/toolchain/avr8/avr8-gnu-toolchain/bin/../lib/gcc/avr/5.4.0/avr5\libgcc.a(_divmodhi4.o)
 .data          0x00000000        0x0 c:/program files (x86)/atmel/studio/7.0/toolchain/avr8/avr8-gnu-toolchain/bin/../lib/gcc/avr/5.4.0/avr5\libgcc.a(_divmodhi4.o)
 .bss           0x00000000        0x0 c:/program files (x86)/atmel/studio/7.0/toolchain/avr8/avr8-gnu-toolchain/bin/../lib/gcc/avr/5.4.0/avr5\libgcc.a(_divmodhi4.o)
 .text.libgcc.mul
                0x00000000        0x0 c:/program files (x86)/atmel/studio/7.0/toolchain/avr8/avr8-gnu-toolchain/bin/../lib/gcc/avr/5.4.0/avr5\libgcc.a(_divmodhi4.o)
 .text.libgcc.div
                0x00000000       0x28 c:/program files (x86)/atmel/studio/7.0/toolchain/avr8/avr8-gnu-toolchain/bin/../lib/gcc/avr/5.4.0/avr5\libgcc.a(_divmodhi4.o)
 .text.libgcc   0x00000000        0x0 c:/program files (x86)/atmel/studio/7.0/toolchain/avr8/avr8-gnu-toolchain/bin/../lib/gcc/avr/5.4.0/avr5\libgcc.a(_divmodhi4.o)
 .text.libgcc.prologue
                0x00000000        0x0 c:/program files (x86)/atmel/studio/7.0/toolchain/avr8/avr8-gnu-toolchain/bin/../lib/gcc/avr/5.4.0/avr5\libgcc.a(_divmodhi4.o)
 .text.libgcc.builtins
                0x00000000        0x0 c:/program files (x86)/atmel/studio/7.0/toolchain/avr8/avr8-gnu-toolchain/bin/../lib/gcc/avr/5.4.0/avr5\libgcc.a(_divmodhi4.o)
 .text.libgcc.fmul
                0x00000000        0x0 c:/program files (x86)/atmel/studio/7.0/toolchain/avr8/avr8-gnu-toolchain/bin/../lib/gcc/avr/5.4.0/avr5\libgcc.a(_divmodhi4.o)
 .text.libgcc.fixed
                0x00000000        0x0 c:/program files (x86)/atmel/studio/7.0/toolchain/avr8/avr8-gnu-toolchain/bin/../lib/gcc/avr/5.4.0/avr5\libgcc.a(_divmodhi4.o)
 .text          0x00000000        0x0 c:/program files (x86)/atmel/studio/7.0/toolchain/avr8/avr8-gnu-toolchain/bin/../lib/gcc/avr/5.4.0/avr5\libgcc.a(_udivmodsi4.o)
 .data          0x00000000        0x0 c:/program files (x86)/atmel/studio/7.0/toolchain/avr8/avr8-gnu-toolchain/bin/../lib/gcc/avr/5.4.0/avr5\libgcc.a(_udivmodsi4.o)
 .bss           0x00000000        0x0 c:/program files (x86)/atmel/studio/7.0/toolchain/avr8/avr8-gnu-toolchain/bin/../lib/gcc/avr/5.4.0/avr5\libgcc.a(_udivmodsi4.o)
 .text.libgcc.mul
                0x00000000        0x0 c:/program files (x86)/atmel/studio/7.0/toolchain/avr8/avr8-gnu-toolchain/bin/../lib/gcc/avr/5.4.0/avr5\libgcc.a(_udivmodsi4.o)
 .text.libgcc   0x00000000        0x0 c:/program files (x86)/atmel/studio/7.0/toolchain/avr8/avr8-gnu-toolchain/bin/../lib/gcc/avr/5.4.0/avr5\libgcc.a(_udivmodsi4.o)
 .text.libgcc.prologue
                0x00000000        0x0 c:/program files (x86)/atmel/studio/7.0/toolchain/avr8/avr8-gnu-toolchain/bin/../lib/gcc/avr/5.4.0/avr5\libgcc.a(_udivmodsi4.o)
 .text.libgcc.builtins
                0x00000000        0x0 c:/program files (x86)/atmel/studio/7.0/toolchain/avr8/avr8-gnu-toolchain/bin/../lib/gcc/avr/5.4.0/avr5\libgcc.a(_udivmodsi4.o)
 .text.libgcc.fmul
                0x00000000        0x0 c:/program files (x86)/atmel/studio/7.0/toolchain/avr8/avr8-gnu-toolchain/bin/../lib/gcc/avr/5.4.0/avr5\libgcc.a(_udivmodsi4.o)
 .text.libgcc.fixed
                0x00000000        0x0 c:/program files (x86)/atmel/studio/7.0/toolchain/avr8/avr8-gnu-toolchain/bin/../lib/gcc/avr/5.4.0/avr5\libgcc.a(_udivmodsi4.o)
 .text          0x00000000        0x0 c:/program files (x86)/atmel/studio/7.0/toolchain/avr8/avr8-gnu-toolchain/bin/../lib/gcc/avr/5.4.0/avr5\libgcc.a(_exit.o)
 .data          0x00000000        0x0 c:/program files (x86)/atmel/studio/7.0/toolchain/avr8/avr8-gnu-toolchain/bin/../lib/gcc/avr/5.4.0/avr5\libgcc.a(_exit.o)
 .bss           0x00000000        0x0 c:/program files (x86)/atmel/studio/7.0/toolchain/avr8/avr8-gnu-toolchain/bin/../lib/gcc/avr/5.4.0/avr5\libgcc.a(_exit.o)
 .text.libgcc.mul
                0x00000000        0x0 c:/program files (x86)/atmel/studio/7.0/toolchain/avr8/avr8-gnu-toolchain/bin/../lib/gcc/avr/5.4.0/avr5\libgcc.a(_exit.o)
 .text.libgcc.div
                0x00000000        0x0 c:/program files (x86)/atmel/studio/7.0/toolchain/avr8/avr8-gnu-toolchain/bin/../lib/gcc/avr/5.4.0/avr5\libgcc.a(_exit.o)
 .text.libgcc   0x00000000        0x0 c:/program files (x86)/atmel/studio/7.0/toolchain/avr8/avr8-gnu-toolchain/bin/../lib/gcc/avr/5.4.0/avr5\libgcc.a(_exit.o)
 .text.libgcc.prologue
                0x00000000        0x0 c:/program files (x86)/atmel/studio/7.0/toolchain/avr8/avr8-gnu-toolchain/bin/../lib/gcc/avr/5.4.0/avr5\libgcc.a(_exit.o)
 .text.libgcc.builtins
                0x00000000        0x0 c:/program files (x86)/atmel/studio/7.0/toolchain/avr8/avr8-gnu-toolchain/bin/../lib/gcc/avr/5.4.0/avr5\libgcc.a(_exit.o)
 .text.libgcc.fmul
                0x00000000        0x0 c:/program files (x86)/atmel/studio/7.0/toolchain/avr8/avr8-gnu-toolchain/bin/../lib/gcc/avr/5.4.0/avr5\libgcc.a(_exit.o)
 .text.libgcc.fixed
                0x00000000        0x0 c:/program files (x86)/atmel/studio/7.0/toolchain/avr8/avr8-gnu-toolchain/bin/../lib/gcc/avr/5.4.0/avr5\libgcc.a(_exit.o)
 .text          0x00000000        0x0 c:/program files (x86)/atmel/studio/7.0/toolchain/avr8/avr8-gnu-toolchain/bin/../lib/gcc/avr/5.4.0/avr5\libgcc.a(_tablejump2.o)
 .data          0x00000000        0x0 c:/program files (x86)/atmel/studio/7.0/toolchain/avr8/avr8-gnu-toolchain/bin/../lib/gcc/avr/5.4.0/avr5\libgcc.a(_tablejump2.o)
 .bss           0x00000000        0x0 c:/program files (x86)/atmel/studio/7.0/toolchain/avr8/avr8-gnu-toolchain/bin/../lib/gcc/avr/5.4.0/avr5\libgcc.a(_tablejump2.o)
 .text.libgcc.mul
                0x00000000        0x0 c:/program files (x86)/atmel/studio/7.0/toolchain/avr8/avr8-gnu-toolchain/bin/../lib/gcc/avr/5.4.0/avr5\libgcc.a(_tablejump2.o)
 .text.libgcc.div
                0x00000000        0x0 c:/program files (x86)/atmel/studio/7.0/toolchain/avr8/avr8-gnu-toolchain/bin/../lib/gcc/avr/5.4.0/avr5\libgcc.a(_tablejump2.o)
 .text.libgcc.prologue
                0x00000000        0x0 c:/program files (x86)/atmel/studio/7.0/toolchain/avr8/avr8-gnu-toolchain/bin/../lib/gcc/avr/5.4.0/avr5\libgcc.a(_tablejump2.o)
 .text.libgcc.builtins
                0x00000000        0x0 c:/program files (x86)/atmel/studio/7.0/toolchain/avr8/avr8-gnu-toolchain/bin/../lib/gcc/avr/5.4.0/avr5\libgcc.a(_tablejump2.o)
 .text.libgcc.fmul
                0x00000000        0x0 c:/program files (x86)/atmel/studio/7.0/toolchain/avr8/avr8-gnu-toolchain/bin/../lib/gcc/avr/5.4.0/avr5\libgcc.a(_tablejump2.o)
 .text.libgcc.fixed
                0x00000000        0x0 c:/program files (x86)/atmel/studio/7.0/toolchain/avr8/avr8-gnu-toolchain/bin/../lib/gcc/avr/5.4.0/avr5\libgcc.a(_tablejump2.o)
 .text          0x00000000        0x0 c:/program files (x86)/atmel/studio/7.0/toolchain/avr8/avr8-gnu-toolchain/bin/../lib/gcc/avr/5.4.0/avr5\libgcc.a(_copy_data.o)
 .data          0x00000000        0x0 c:/program files (x86)/atmel/studio/7.0/toolchain/avr8/avr8-gnu-toolchain/bin/../lib/gcc/avr/5.4.0/avr5\libgcc.a(_copy_data.o)
 .bss           0x00000000        0x0 c:/program files (x86)/atmel/studio/7.0/toolchain/avr8/avr8-gnu-toolchain/bin/../lib/gcc/avr/5.4.0/avr5\libgcc.a(_copy_data.o)
 .text.libgcc.mul
                0x00000000        0x0 c:/program files (x86)/atmel/studio/7.0/toolchain/avr8/avr8-gnu-toolchain/bin/../lib/gcc/avr/5.4.0/avr5\libgcc.a(_copy_data.o)
 .text.libgcc.div
                0x00000000        0x0 c:/program files (x86)/atmel/studio/7.0/toolchain/avr8/avr8-gnu-toolchain/bin/../lib/gcc/avr/5.4.0/avr5\libgcc.a(_copy_data.o)
 .text.libgcc   0x00000000        0x0 c:/program files (x86)/atmel/studio/7.0/toolchain/avr8/avr8-gnu-toolchain/bin/../lib/gcc/avr/5.4.0/avr5\libgcc.a(_copy_data.o)
 .text.libgcc.prologue
                0x00000000        0x0 c:/program files (x86)/atmel/studio/7.0/toolchain/avr8/avr8-gnu-toolchain/bin/../lib/gcc/avr/5.4.0/avr5\libgcc.a(_copy_data.o)
 .text.libgcc.builtins
                0x00000000        0x0 c:/program files (x86)/atmel/studio/7.0/toolchain/avr8/avr8-gnu-toolchain/bin/../lib/gcc/avr/5.4.0/avr5\libgcc.a(_copy_data.o)
 .text.libgcc.fmul
                0x00000000        0x0 c:/program files (x86)/atmel/studio/7.0/toolchain/avr8/avr8-gnu-toolchain/bin/../lib/gcc/avr/5.4.0/avr5\libgcc.a(_copy_data.o)
 .text.libgcc.fixed
                0x00000000        0x0 c:/program files (x86)/atmel/studio/7.0/toolchain/avr8/avr8-gnu-toolchain/bin/../lib/gcc/avr/5.4.0/avr5\libgcc.a(_copy_data.o)
 .text          0x00000000        0x0 c:/program files (x86)/atmel/studio/7.0/toolchain/avr8/avr8-gnu-toolchain/bin/../lib/gcc/avr/5.4.0/avr5\libgcc.a(_clear_bss.o)
 .data          0x00000000        0x0 c:/program files (x86)/atmel/studio/7.0/toolchain/avr8/avr8-gnu-toolchain/bin/../lib/gcc/avr/5.4.0/avr5\libgcc.a(_clear_bss.o)
 .bss           0x00000000        0x0 c:/program files (x86)/atmel/studio/7.0/toolchain/avr8/avr8-gnu-toolchain/bin/../lib/gcc/avr/5.4.0/avr5\libgcc.a(_clear_bss.o)
 .text.libgcc.mul
                0x00000000        0x0 c:/program files (x86)/atmel/studio/7.0/toolchain/avr8/avr8-gnu-toolchain/bin/../lib/gcc/avr/5.4.0/avr5\libgcc.a(_clear_bss.o)
 .text.libgcc.div
                0x00000000        0x0 c:/program files (x86)/atmel/studio/7.0/toolchain/avr8/avr8-gnu-toolchain/bin/../lib/gcc/avr/5.4.0/avr5\libgcc.a(_clear_bss.o)
 .text.libgcc   0x00000000        0x0 c:/program files (x86)/atmel/studio/7.0/toolchain/avr8/avr8-gnu-toolchain/bin/../lib/gcc/avr/5.4.0/avr5\libgcc.a(_clear_bss.o)
 .text.libgcc.prologue
                0x00000000        0x0 c:/program files (x86)/atmel/studio/7.0/toolchain/avr8/avr8-gnu-toolchain/bin/../lib/gcc/avr/5.4.0/avr5\libgcc.a(_clear_bss.o)
 .text.libgcc.builtins
                0x00000000        0x0 c:/program files (x86)/atmel/studio/7.0/toolchain/avr8/avr8-gnu-toolchain/bin/../lib/gcc/avr/5.4.0/avr5\libgcc.a(_clear_bss.o)
 .text.libgcc.fmul
                0x00000000        0x0 c:/program files (x86)/atmel/studio/7.0/toolchain/avr8/avr8-gnu-toolchain/bin/../lib/gcc/avr/5.4.0/avr5\libgcc.a(_clear_bss.o)
 .text.libgcc.fixed
                0x00000000        0x0 c:/program files (x86)/atmel/studio/7.0/toolchain/avr8/avr8-gnu-toolchain/bin/../lib/gcc/avr/5.4.0/avr5\libgcc.a(_clear_bss.o)
 .text          0x00000000        0x0 c:/program files (x86)/atmel/studio/7.0/toolchain/avr8/avr8-gnu-toolchain/bin/../lib/gcc/avr/5.4.0/avr5\libgcc.a(_prologue.o)
 .data          0x00000000        0x0 c:/program files (x86)/atmel/studio/7.0/toolchain/avr8/avr8-gnu-toolchain/bin/../lib/gcc/avr/5.4.0/avr5\libgcc.a(_prologue.o)
 .bss           0x00000000        0x0 c:/program files (x86)/atmel/studio/7.0/toolchain/avr8/avr8-gnu-toolchain/bin/../lib/gcc/avr/5.4.0/avr5\libgcc.a(_prologue.o)
 .text.libgcc.mul
                0x00000000        0x0 c:/program files (x86)/atmel/studio/7.0/toolchain/avr8/avr8-gnu-toolchain/bin/../lib/gcc/avr/5.4.0/avr5\libgcc.a(_prologue.o)
 .text.libgcc.div
                0x00000000        0x0 c:/program files (x86)/atmel/studio/7.0/toolchain/avr8/avr8-gnu-toolchain/bin/../lib/gcc/avr/5.4.0/avr5\libgcc.a(_prologue.o)
 .text.libgcc   0x00000000        0x0 c:/program files (x86)/atmel/studio/7.0/toolchain/avr8/avr8-gnu-toolchain/bin/../lib/gcc/avr/5.4.0/avr5\libgcc.a(_prologue.o)
 .text.libgcc.builtins
                0x00000000        0x0 c:/program files (x86)/atmel/studio/7.0/toolchain/avr8/avr8-gnu-toolchain/bin/../lib/gcc/avr/5.4.0/avr5\libgcc.a(_prologue.o)
 .text.libgcc.fmul
                0x00000000        0x0 c:/program files (x86)/atmel/studio/7.0/toolchain/avr8/avr8-gnu-toolchain/bin/../lib/gcc/avr/5.4.0/avr5\libgcc.a(_prologue.o)
 .text.libgcc.fixed
                0x00000000        0x0 c:/program files (x86)/atmel/studio/7.0/toolchain/avr8/avr8-gnu-toolchain/bin/../lib/gcc/avr/5.4.0/avr5\libgcc.a(_prologue.o)
 .text          0x00000000        0x0 c:/program files (x86)/atmel/studio/7.0/toolchain/avr8/avr8-gnu-toolchain/bin/../lib/gcc/avr/5.4.0/avr5\libgcc.a(_epilogue.o)
 .data          0x00000000        0x0 c:/program files (x86)/atmel/studio/7.0/toolchain/avr8/avr8-gnu-toolchain/bin/../lib/gcc/avr/5.4.0/avr5\libgcc.a(_epilogue.o)
 .bss           0x00000000        0x0 c:/program files (x86)/atmel/studio/7.0/toolchain/avr8/avr8-gnu-toolchain/bin/../lib/gcc/avr/5.4.0/avr5\libgcc.a(_epilogue.o)
 .text.libgcc.mul
                0x00000000        0x0 c:/program files (x86)/atmel/studio/7.0/toolchain/avr8/avr8-gnu-toolchain/bin/../lib/gcc/avr/5.4.0/avr5\libgcc.a(_epilogue.o)
 .text.libgcc.div
                0x00000000        0x0 c:/program files (x86)/atmel/studio/7.0/toolchain/avr8/avr8-gnu-toolchain/bin/../lib/gcc/avr/5.4.0/avr5\libgcc.a(_epilogue.o)
 .text.libgcc   0x00000000        0x0 c:/program files (x86)/atmel/studio/7.0/toolchain/avr8/avr8-gnu-toolchain/bin/../lib/gcc/avr/5.4.0/avr5\libgcc.a(_epilogue.o)
 .text.libgcc.builtins
                0x00000000        0x0 c:/program files (x86)/atmel/studio/7.0/toolchain/avr8/avr8-gnu-toolchain/bin/../lib/gcc/avr/5.4.0/avr5\libgcc.a(_epilogue.o)
 .text.libgcc.fmul
                0x00000000        0x0 c:/program files (x86)/atmel/studio/7.0/toolchain/avr8/avr8-gnu-toolchain/bin/../lib/gcc/avr/5.4.0/avr5\libgcc.a(_epilogue.o)
 .text.libgcc.fixed
                0x00000000        0x0 c:/program files (x86)/atmel/studio/7.0/toolchain/avr8/avr8-gnu-toolchain/bin/../lib/gcc/avr/5.4.0/avr5\libgcc.a(_epilogue.o)
 .text          0x00000000        0x0 c:/program files (x86)/atmel/studio/7.0/toolchain/avr8/avr8-gnu-toolchain/bin/../lib/gcc/avr/5.4.0/avr5\libgcc.a(_udivmodhi4.o)
 .data          0x00000000        0x0 c:/program files (x86)/atmel/studio/7.0/toolchain/avr8/avr8-gnu-toolchain/bin/../lib/gcc/avr/5.4.0/avr5\libgcc.a(_udivmodhi4.o)
 .bss           0x00000000        0x0 c:/program files (x86)/atmel/studio/7.0/toolchain/avr8/avr8-gnu-toolchain/bin/../lib/gcc/avr/5.4.0/avr5\libgcc.a(_udivmodhi4.o)
 .text.libgcc.mul
                0x00000000        0x0 c:/program files (x86)/atmel/studio/7.0/toolchain/avr8/avr8-gnu-toolchain/bin/../lib/gcc/avr/5.4.0/avr5\libgcc.a(_udivmodhi4.o)
 .text.libgcc.div
                0x00000000       0x28 c:/program files (x86)/atmel/studio/7.0/toolchain/avr8/avr8-gnu-toolchain/bin/../lib/gcc/avr/5.4.0/avr5\libgcc.a(_udivmodhi4.o)
 .text.libgcc   0x00000000        0x0 c:/program files (x86)/atmel/studio/7.0/toolchain/avr8/avr8-gnu-toolchain/bin/../lib/gcc/avr/5.4.0/avr5\libgcc.a(_udivmodhi4.o)
 .text.libgcc.prologue
                0x00000000        0x0 c:/program files (x86)/atmel/studio/7.0/toolchain/avr8/avr8-gnu-toolchain/bin/../lib/gcc/avr/5.4.0/avr5\libgcc.a(_udivmodhi4.o)
 .text.libgcc.builtins
                0x00000000        0x0 c:/program files (x86)/atmel/studio/7.0/toolchain/avr8/avr8-gnu-toolchain/bin/../lib/gcc/avr/5.4.0/avr5\libgcc.a(_udivmodhi4.o)
 .text.libgcc.fmul
                0x00000000        0x0 c:/program files (x86)/atmel/studio/7.0/toolchain/avr8/avr8-gnu-toolchain/bin/../lib/gcc/avr/5.4.0/avr5\libgcc.a(_udivmodhi4.o)
 .text.libgcc.fixed
                0x00000000        0x0 c:/program files (x86)/atmel/studio/7.0/toolchain/avr8/avr8-gnu-toolchain/bin/../lib/gcc/avr/5.4.0/avr5\libgcc.a(_udivmodhi4.o)
 .text          0x00000000        0x0 c:/program files (x86)/atmel/studio/7.0/toolchain/avr8/avr8-gnu-toolchain/bin/../lib/gcc/avr/5.4.0/../../../../avr/lib/avr5\libc.a(ftoa_engine.o)
 .data          0x00000000        0x0 c:/program files (x86)/atmel/studio/7.0/toolchain/avr8/avr8-gnu-toolchain/bin/../lib/gcc/avr/5.4.0/../../../../avr/lib/avr5\libc.a(ftoa_engine.o)
 .bss           0x00000000        0x0 c:/program files (x86)/atmel/studio/7.0/toolchain/avr8/avr8-gnu-toolchain/bin/../lib/gcc/avr/5.4.0/../../../../avr/lib/avr5\libc.a(ftoa_engine.o)
 .text          0x00000000        0x0 c:/program files (x86)/atmel/studio/7.0/toolchain/avr8/avr8-gnu-toolchain/bin/../lib/gcc/avr/5.4.0/../../../../avr/lib/avr5\libc.a(strnlen_P.o)
 .data          0x00000000        0x0 c:/program files (x86)/atmel/studio/7.0/toolchain/avr8/avr8-gnu-toolchain/bin/../lib/gcc/avr/5.4.0/../../../../avr/lib/avr5\libc.a(strnlen_P.o)
 .bss           0x00000000        0x0 c:/program files (x86)/atmel/studio/7.0/toolchain/avr8/avr8-gnu-toolchain/bin/../lib/gcc/avr/5.4.0/../../../../avr/lib/avr5\libc.a(strnlen_P.o)
 .text          0x00000000        0x0 c:/program files (x86)/atmel/studio/7.0/toolchain/avr8/avr8-gnu-toolchain/bin/../lib/gcc/avr/5.4.0/../../../../avr/lib/avr5\libc.a(strnlen.o)
 .data          0x00000000        0x0 c:/program files (x86)/atmel/studio/7.0/toolchain/avr8/avr8-gnu-toolchain/bin/../lib/gcc/avr/5.4.0/../../../../avr/lib/avr5\libc.a(strnlen.o)
 .bss           0x00000000        0x0 c:/program files (x86)/atmel/studio/7.0/toolchain/avr8/avr8-gnu-toolchain/bin/../lib/gcc/avr/5.4.0/../../../../avr/lib/avr5\libc.a(strnlen.o)
 .text          0x00000000        0x0 c:/program files (x86)/atmel/studio/7.0/toolchain/avr8/avr8-gnu-toolchain/bin/../lib/gcc/avr/5.4.0/../../../../avr/lib/avr5\libc.a(fputc.o)
 .data          0x00000000        0x0 c:/program files (x86)/atmel/studio/7.0/toolchain/avr8/avr8-gnu-toolchain/bin/../lib/gcc/avr/5.4.0/../../../../avr/lib/avr5\libc.a(fputc.o)
 .bss           0x00000000        0x0 c:/program files (x86)/atmel/studio/7.0/toolchain/avr8/avr8-gnu-toolchain/bin/../lib/gcc/avr/5.4.0/../../../../avr/lib/avr5\libc.a(fputc.o)
 .text          0x00000000        0x0 c:/program files (x86)/atmel/studio/7.0/toolchain/avr8/avr8-gnu-toolchain/bin/../lib/gcc/avr/5.4.0/../../../../avr/lib/avr5\libc.a(sprintf.o)
 .data          0x00000000        0x0 c:/program files (x86)/atmel/studio/7.0/toolchain/avr8/avr8-gnu-toolchain/bin/../lib/gcc/avr/5.4.0/../../../../avr/lib/avr5\libc.a(sprintf.o)
 .bss           0x00000000        0x0 c:/program files (x86)/atmel/studio/7.0/toolchain/avr8/avr8-gnu-toolchain/bin/../lib/gcc/avr/5.4.0/../../../../avr/lib/avr5\libc.a(sprintf.o)
 .text          0x00000000        0x0 c:/program files (x86)/atmel/studio/7.0/toolchain/avr8/avr8-gnu-toolchain/bin/../lib/gcc/avr/5.4.0/../../../../avr/lib/avr5\libc.a(ultoa_invert.o)
 .data          0x00000000        0x0 c:/program files (x86)/atmel/studio/7.0/toolchain/avr8/avr8-gnu-toolchain/bin/../lib/gcc/avr/5.4.0/../../../../avr/lib/avr5\libc.a(ultoa_invert.o)
 .bss           0x00000000        0x0 c:/program files (x86)/atmel/studio/7.0/toolchain/avr8/avr8-gnu-toolchain/bin/../lib/gcc/avr/5.4.0/../../../../avr/lib/avr5\libc.a(ultoa_invert.o)

Memory Configuration

Name             Origin             Length             Attributes
text             0x00000000         0x00008000         xr
data             0x00800100         0x00000800         rw !x
eeprom           0x00810000         0x00000400         rw !x
fuse             0x00820000         0x00000003         rw !x
lock             0x00830000         0x00000400         rw !x
signature        0x00840000         0x00000400         rw !x
user_signatures  0x00850000         0x00000400         rw !x
*default*        0x00000000         0xffffffff

Linker script and memory map

Address of section .data set to 0x800100
LOAD C:/Program Files (x86)/Atmel/Studio/7.0/Packs/Atmel/ATmega_DFP/1.4.351/gcc/dev/atmega328p/avr5/crtatmega328p.o
LOAD main.o
START GROUP
LOAD c:/program files (x86)/atmel/studio/7.0/toolchain/avr8/avr8-gnu-toolchain/bin/../lib/gcc/avr/5.4.0/../../../../avr/lib/avr5\libm.a
LOAD C:\Users\fcvil\Projects\icaro\icaro\icaro_lib\Debug\libicaro_lib.a
END GROUP
LOAD c:/program files (x86)/atmel/studio/7.0/toolchain/avr8/avr8-gnu-toolchain/bin/../lib/gcc/avr/5.4.0/../../../../avr/lib/avr5\libprintf_flt.a
START GROUP
LOAD c:/program files (x86)/atmel/studio/7.0/toolchain/avr8/avr8-gnu-toolchain/bin/../lib/gcc/avr/5.4.0/avr5\libgcc.a
LOAD c:/program files (x86)/atmel/studio/7.0/toolchain/avr8/avr8-gnu-toolchain/bin/../lib/gcc/avr/5.4.0/../../../../avr/lib/avr5\libm.a
LOAD c:/program files (x86)/atmel/studio/7.0/toolchain/avr8/avr8-gnu-toolchain/bin/../lib/gcc/avr/5.4.0/../../../../avr/lib/avr5\libc.a
LOAD C:/Program Files (x86)/Atmel/Studio/7.0/Packs/Atmel/ATmega_DFP/1.4.351/gcc/dev/atmega328p/avr5\libatmega328p.a
END GROUP
                0x00000000                __TEXT_REGION_ORIGIN__ = DEFINED (__TEXT_REGION_ORIGIN__)?__TEXT_REGION_ORIGIN__:0x0
                [0x00800100]                __DATA_REGION_ORIGIN__ = DEFINED (__DATA_REGION_ORIGIN__)?__DATA_REGION_ORIGIN__:0x800060
                [0x00008000]                __TEXT_REGION_LENGTH__ = DEFINED (__TEXT_REGION_LENGTH__)?__TEXT_REGION_LENGTH__:0x20000
                [0x00000800]                __DATA_REGION_LENGTH__ = DEFINED (__DATA_REGION_LENGTH__)?__DATA_REGION_LENGTH__:0xffa0
                [0x00000400]                __EEPROM_REGION_LENGTH__ = DEFINED (__EEPROM_REGION_LENGTH__)?__EEPROM_REGION_LENGTH__:0x10000
                [0x00000003]                __FUSE_REGION_LENGTH__ = DEFINED (__FUSE_REGION_LENGTH__)?__FUSE_REGION_LENGTH__:0x400
                0x00000400                __LOCK_REGION_LENGTH__ = DEFINED (__LOCK_REGION_LENGTH__)?__LOCK_REGION_LENGTH__:0x400
                0x00000400                __SIGNATURE_REGION_LENGTH__ = DEFINED (__SIGNATURE_REGION_LENGTH__)?__SIGNATURE_REGION_LENGTH__:0x400
                0x00000400                __USER_SIGNATURE_REGION_LENGTH__ = DEFINED (__USER_SIGNATURE_REGION_LENGTH__)?__USER_SIGNATURE_REGION_LENGTH__:0x400

.hash
 *(.hash)

.dynsym
 *(.dynsym)

.dynstr
 *(.dynstr)

.gnu.version
 *(.gnu.version)

.gnu.version_d
 *(.gnu.version_d)

.gnu.version_r
 *(.gnu.version_r)

.rel.init
 *(.rel.init)

.rela.init
 *(.rela.init)

.rel.text
 *(.rel.text)
 *(.rel.text.*)
 *(.rel.gnu.linkonce.t*)

.rela.text
 *(.rela.text)
 *(.rela.text.*)
 *(.rela.gnu.linkonce.t*)

.rel.fini
 *(.rel.fini)

.rela.fini
 *(.rela.fini)

.rel.rodata
 *(.rel.rodata)
 *(.rel.rodata.*)
 *(.rel.gnu.linkonce.r*)

.rela.rodata
 *(.rela.rodata)
 *(.rela.rodata.*)
 *(.rela.gnu.linkonce.r*)

.rel.data
 *(.rel.data)
 *(.rel.data.*)
 *(.rel.gnu.linkonce.d*)

.rela.data
 *(.rela.data)
 *(.rela.data.*)
 *(.rela.gnu.linkonce.d*)

.rel.ctors
 *(.rel.ctors)

.rela.ctors
 *(.rela.ctors)

.rel.dtors
 *(.rel.dtors)

.rela.dtors
 *(.rela.dtors)

.rel.got
 *(.rel.got)

.rela.got
 *(.rela.got)

.rel.bss
 *(.rel.bss)

.rela.bss
 *(.rela.bss)

.rel.plt
 *(.rel.plt)

.rela.plt
 *(.rela.plt)

.text           0x00000000     0x1522
 *(.vectors)
 .vectors       0x00000000       0x68 C:/Program Files (x86)/Atmel/Studio/7.0/Packs/Atmel/ATmega_DFP/1.4.351/gcc/dev/atmega328p/avr5/crtatmega328p.o
                0x00000000                __vector_default
                0x00000000                __vectors
 *(.vectors)
 *(.progmem.gcc*)
 .progmem.gcc_sw_table.__vector_24
                0x00000068      0x192 C:\Users\fcvil\Projects\icaro\icaro\icaro_lib\Debug\libicaro_lib.a(twi.o)
                0x000001fa                . = ALIGN (0x2)
                0x000001fa                __trampolines_start = .
 *(.trampolines)
 .trampolines   0x000001fa        0x0 linker stubs
 *(.trampolines*)
                0x000001fa                __trampolines_end = .
 *libprintf_flt.a:*(.progmem.data)
 .progmem.data  0x000001fa        0x8 c:/program files (x86)/atmel/studio/7.0/toolchain/avr8/avr8-gnu-toolchain/bin/../lib/gcc/avr/5.4.0/../../../../avr/lib/avr5\libprintf_flt.a(vfprintf_flt.o)
 *libc.a:*(.progmem.data)
 .progmem.data  0x00000202       0xfa c:/program files (x86)/atmel/studio/7.0/toolchain/avr8/avr8-gnu-toolchain/bin/../lib/gcc/avr/5.4.0/../../../../avr/lib/avr5\libc.a(ftoa_engine.o)
 *(.progmem*)
                0x000002fc                . = ALIGN (0x2)
 *(.jumptables)
 *(.jumptables*)
 *(.lowtext)
 *(.lowtext*)
                0x000002fc                __ctors_start = .
 *(.ctors)
                0x000002fc                __ctors_end = .
                0x000002fc                __dtors_start = .
 *(.dtors)
                0x000002fc                __dtors_end = .
 SORT(*)(.ctors)
 SORT(*)(.dtors)
 *(.init0)
 .init0         0x000002fc        0x0 C:/Program Files (x86)/Atmel/Studio/7.0/Packs/Atmel/ATmega_DFP/1.4.351/gcc/dev/atmega328p/avr5/crtatmega328p.o
                0x000002fc                __init
 *(.init0)
 *(.init1)
 *(.init1)
 *(.init2)
 .init2         0x000002fc        0xc C:/Program Files (x86)/Atmel/Studio/7.0/Packs/Atmel/ATmega_DFP/1.4.351/gcc/dev/atmega328p/avr5/crtatmega328p.o
 *(.init2)
 *(.init3)
 *(.init3)
 *(.init4)
 .init4         0x00000308       0x16 c:/program files (x86)/atmel/studio/7.0/toolchain/avr8/avr8-gnu-toolchain/bin/../lib/gcc/avr/5.4.0/avr5\libgcc.a(_copy_data.o)
                0x00000308                __do_copy_data
 .init4         0x0000031e       0x10 c:/program files (x86)/atmel/studio/7.0/toolchain/avr8/avr8-gnu-toolchain/bin/../lib/gcc/avr/5.4.0/avr5\libgcc.a(_clear_bss.o)
                0x0000031e                __do_clear_bss
 *(.init4)
 *(.init5)
 *(.init5)
 *(.init6)
 *(.init6)
 *(.init7)
 *(.init7)
 *(.init8)
 *(.init8)
 *(.init9)
 .init9         0x0000032e        0x8 C:/Program Files (x86)/Atmel/Studio/7.0/Packs/Atmel/ATmega_DFP/1.4.351/gcc/dev/atmega328p/avr5/crtatmega328p.o
 *(.init9)
 *(.text)
 .text          0x00000336        0x4 C:/Program Files (x86)/Atmel/Studio/7.0/Packs/Atmel/ATmega_DFP/1.4.351/gcc/dev/atmega328p/avr5/crtatmega328p.o
                0x00000336                __vector_22
                0x00000336                __vector_1
                0x00000336                __vector_12
                0x00000336                __bad_interrupt
                0x00000336                __vector_6
                0x00000336                __vector_3
                0x00000336                __vector_23
                0x00000336                __vector_25
                0x00000336                __vector_13
                0x00000336                __vector_17
                0x00000336                __vector_7
                0x00000336                __vector_5
                0x00000336                __vector_4
                0x00000336                __vector_9
                0x00000336                __vector_2
                0x00000336                __vector_21
                0x00000336                __vector_15
                0x00000336                __vector_8
                0x00000336                __vector_14
                0x00000336                __vector_10
                0x00000336                __vector_16
                0x00000336                __vector_20
                0x0000033a                . = ALIGN (0x2)
 *(.text.*)
 .text.setup    0x0000033a       0x24 main.o
                0x0000033a                setup
 .text.main     0x0000035e       0x70 main.o
                0x0000035e                main
 .text.__vector_11
                0x000003ce       0x4a C:\Users\fcvil\Projects\icaro\icaro\icaro_lib\Debug\libicaro_lib.a(timer.o)
                0x000003ce                __vector_11
 .text.init_millis
                0x00000418       0x32 C:\Users\fcvil\Projects\icaro\icaro\icaro_lib\Debug\libicaro_lib.a(timer.o)
                0x00000418                init_millis
 .text.millis   0x0000044a       0x16 C:\Users\fcvil\Projects\icaro\icaro\icaro_lib\Debug\libicaro_lib.a(timer.o)
                0x0000044a                millis
 .text.i2c_read_bytes
                0x00000460      0x16e C:\Users\fcvil\Projects\icaro\icaro\icaro_lib\Debug\libicaro_lib.a(i2cdevlib.o)
                0x00000460                i2c_read_bytes
 .text.i2c_read_byte
                0x000005ce       0x14 C:\Users\fcvil\Projects\icaro\icaro\icaro_lib\Debug\libicaro_lib.a(i2cdevlib.o)
                0x000005ce                i2c_read_byte
 .text.i2c_read_bits
                0x000005e2       0x7c C:\Users\fcvil\Projects\icaro\icaro\icaro_lib\Debug\libicaro_lib.a(i2cdevlib.o)
                0x000005e2                i2c_read_bits
 .text.twi_init
                0x0000065e       0x2c C:\Users\fcvil\Projects\icaro\icaro\icaro_lib\Debug\libicaro_lib.a(twi.o)
                0x0000065e                twi_init
 .text.twi_stop
                0x0000068a       0x16 C:\Users\fcvil\Projects\icaro\icaro\icaro_lib\Debug\libicaro_lib.a(twi.o)
                0x0000068a                twi_stop
 .text.twi_release_bus
                0x000006a0        0xc C:\Users\fcvil\Projects\icaro\icaro\icaro_lib\Debug\libicaro_lib.a(twi.o)
                0x000006a0                twi_release_bus
 .text.__vector_24
                0x000006ac      0x242 C:\Users\fcvil\Projects\icaro\icaro\icaro_lib\Debug\libicaro_lib.a(twi.o)
                0x000006ac                __vector_24
 .text.__vector_18
                0x000008ee       0x56 C:\Users\fcvil\Projects\icaro\icaro\icaro_lib\Debug\libicaro_lib.a(uart.o)
                0x000008ee                __vector_18
 .text.__vector_19
                0x00000944       0x54 C:\Users\fcvil\Projects\icaro\icaro\icaro_lib\Debug\libicaro_lib.a(uart.o)
                0x00000944                __vector_19
 .text.uart_init
                0x00000998       0x32 C:\Users\fcvil\Projects\icaro\icaro\icaro_lib\Debug\libicaro_lib.a(uart.o)
                0x00000998                uart_init
 .text.uart_putc
                0x000009ca       0x2a C:\Users\fcvil\Projects\icaro\icaro\icaro_lib\Debug\libicaro_lib.a(uart.o)
                0x000009ca                uart_putc
 .text.uart_puts
                0x000009f4       0x1e C:\Users\fcvil\Projects\icaro\icaro\icaro_lib\Debug\libicaro_lib.a(uart.o)
                0x000009f4                uart_puts
 .text.avr-libc
                0x00000a12      0x6fa c:/program files (x86)/atmel/studio/7.0/toolchain/avr8/avr8-gnu-toolchain/bin/../lib/gcc/avr/5.4.0/../../../../avr/lib/avr5\libprintf_flt.a(vfprintf_flt.o)
                0x00000a12                vfprintf
 .text.libgcc.div
                0x0000110c       0x44 c:/program files (x86)/atmel/studio/7.0/toolchain/avr8/avr8-gnu-toolchain/bin/../lib/gcc/avr/5.4.0/avr5\libgcc.a(_udivmodsi4.o)
                0x0000110c                __udivmodsi4
 .text.libgcc   0x00001150        0xc c:/program files (x86)/atmel/studio/7.0/toolchain/avr8/avr8-gnu-toolchain/bin/../lib/gcc/avr/5.4.0/avr5\libgcc.a(_tablejump2.o)
                0x00001150                __tablejump2__
 .text.libgcc.prologue
                0x0000115c       0x38 c:/program files (x86)/atmel/studio/7.0/toolchain/avr8/avr8-gnu-toolchain/bin/../lib/gcc/avr/5.4.0/avr5\libgcc.a(_prologue.o)
                0x0000115c                __prologue_saves__
 .text.libgcc.prologue
                0x00001194       0x36 c:/program files (x86)/atmel/studio/7.0/toolchain/avr8/avr8-gnu-toolchain/bin/../lib/gcc/avr/5.4.0/avr5\libgcc.a(_epilogue.o)
                0x00001194                __epilogue_restores__
 .text.avr-libc
                0x000011ca      0x1b0 c:/program files (x86)/atmel/studio/7.0/toolchain/avr8/avr8-gnu-toolchain/bin/../lib/gcc/avr/5.4.0/../../../../avr/lib/avr5\libc.a(ftoa_engine.o)
                0x000011ca                __ftoa_engine
 .text.avr-libc
                0x0000137a       0x16 c:/program files (x86)/atmel/studio/7.0/toolchain/avr8/avr8-gnu-toolchain/bin/../lib/gcc/avr/5.4.0/../../../../avr/lib/avr5\libc.a(strnlen_P.o)
                0x0000137a                strnlen_P
 .text.avr-libc
                0x00001390       0x16 c:/program files (x86)/atmel/studio/7.0/toolchain/avr8/avr8-gnu-toolchain/bin/../lib/gcc/avr/5.4.0/../../../../avr/lib/avr5\libc.a(strnlen.o)
                0x00001390                strnlen
 .text.avr-libc
                0x000013a6       0x78 c:/program files (x86)/atmel/studio/7.0/toolchain/avr8/avr8-gnu-toolchain/bin/../lib/gcc/avr/5.4.0/../../../../avr/lib/avr5\libc.a(fputc.o)
                0x000013a6                fputc
 .text.avr-libc
                0x0000141e       0x44 c:/program files (x86)/atmel/studio/7.0/toolchain/avr8/avr8-gnu-toolchain/bin/../lib/gcc/avr/5.4.0/../../../../avr/lib/avr5\libc.a(sprintf.o)
                0x0000141e                sprintf
 .text.avr-libc
                0x00001462       0xbc c:/program files (x86)/atmel/studio/7.0/toolchain/avr8/avr8-gnu-toolchain/bin/../lib/gcc/avr/5.4.0/../../../../avr/lib/avr5\libc.a(ultoa_invert.o)
                0x00001462                __ultoa_invert
                0x0000151e                . = ALIGN (0x2)
 *(.fini9)
 .fini9         0x0000151e        0x0 c:/program files (x86)/atmel/studio/7.0/toolchain/avr8/avr8-gnu-toolchain/bin/../lib/gcc/avr/5.4.0/avr5\libgcc.a(_exit.o)
                0x0000151e                _exit
                0x0000151e                exit
 *(.fini9)
 *(.fini8)
 *(.fini8)
 *(.fini7)
 *(.fini7)
 *(.fini6)
 *(.fini6)
 *(.fini5)
 *(.fini5)
 *(.fini4)
 *(.fini4)
 *(.fini3)
 *(.fini3)
 *(.fini2)
 *(.fini2)
 *(.fini1)
 *(.fini1)
 *(.fini0)
 .fini0         0x0000151e        0x4 c:/program files (x86)/atmel/studio/7.0/toolchain/avr8/avr8-gnu-toolchain/bin/../lib/gcc/avr/5.4.0/avr5\libgcc.a(_exit.o)
 *(.fini0)
                0x00001522                _etext = .

.data           0x00800100       0x20 load address 0x00001522
                0x00800100                PROVIDE (__data_start, .)
 *(.data)
 *(.data*)
 *(.gnu.linkonce.d*)
 *(.rodata)
 *(.rodata*)
 .rodata.str1.1
                0x00800100       0x20 main.o
 *(.gnu.linkonce.r*)
                0x00800120                . = ALIGN (0x2)
                0x00800120                _edata = .
                0x00800120                PROVIDE (__data_end, .)

.bss            0x00800120      0x14d
                0x00800120                PROVIDE (__bss_start, .)
 *(.bss)
 *(.bss*)
 .bss.DEBUG_BUFFER
                0x00800120       0x96 main.o
                0x00800120                DEBUG_BUFFER
 .bss.twi_rx_buffer_index
                0x008001b6        0x1 C:\Users\fcvil\Projects\icaro\icaro\icaro_lib\Debug\libicaro_lib.a(twi.o)
 .bss.twi_rx_buffer
                0x008001b7       0x20 C:\Users\fcvil\Projects\icaro\icaro\icaro_lib\Debug\libicaro_lib.a(twi.o)
 .bss.twi_tx_buffer_length
                0x008001d7        0x1 C:\Users\fcvil\Projects\icaro\icaro\icaro_lib\Debug\libicaro_lib.a(twi.o)
 .bss.twi_tx_buffer_index
                0x008001d8        0x1 C:\Users\fcvil\Projects\icaro\icaro\icaro_lib\Debug\libicaro_lib.a(twi.o)
 .bss.twi_tx_buffer
                0x008001d9       0x20 C:\Users\fcvil\Projects\icaro\icaro\icaro_lib\Debug\libicaro_lib.a(twi.o)
 .bss.twi_master_buffer_length
                0x008001f9        0x1 C:\Users\fcvil\Projects\icaro\icaro\icaro_lib\Debug\libicaro_lib.a(twi.o)
 .bss.twi_master_buffer_index
                0x008001fa        0x1 C:\Users\fcvil\Projects\icaro\icaro\icaro_lib\Debug\libicaro_lib.a(twi.o)
 .bss.twi_master_buffer
                0x008001fb       0x20 C:\Users\fcvil\Projects\icaro\icaro\icaro_lib\Debug\libicaro_lib.a(twi.o)
 .bss.twi_on_slave_receive
                0x0080021b        0x2 C:\Users\fcvil\Projects\icaro\icaro\icaro_lib\Debug\libicaro_lib.a(twi.o)
 .bss.twi_on_slave_transmit
                0x0080021d        0x2 C:\Users\fcvil\Projects\icaro\icaro\icaro_lib\Debug\libicaro_lib.a(twi.o)
 .bss.twi_error
                0x0080021f        0x1 C:\Users\fcvil\Projects\icaro\icaro\icaro_lib\Debug\libicaro_lib.a(twi.o)
 .bss.twi_slarw
                0x00800220        0x1 C:\Users\fcvil\Projects\icaro\icaro\icaro_lib\Debug\libicaro_lib.a(twi.o)
 .bss.twi_in_rep_start
                0x00800221        0x1 C:\Users\fcvil\Projects\icaro\icaro\icaro_lib\Debug\libicaro_lib.a(twi.o)
 .bss.twi_send_stop
                0x00800222        0x1 C:\Users\fcvil\Projects\icaro\icaro\icaro_lib\Debug\libicaro_lib.a(twi.o)
 .bss.twi_state
                0x00800223        0x1 C:\Users\fcvil\Projects\icaro\icaro\icaro_lib\Debug\libicaro_lib.a(twi.o)
 .bss.UART_LastRxError
                0x00800224        0x1 C:\Users\fcvil\Projects\icaro\icaro\icaro_lib\Debug\libicaro_lib.a(uart.o)
 .bss.UART_RxTail
                0x00800225        0x1 C:\Users\fcvil\Projects\icaro\icaro\icaro_lib\Debug\libicaro_lib.a(uart.o)
 .bss.UART_RxHead
                0x00800226        0x1 C:\Users\fcvil\Projects\icaro\icaro\icaro_lib\Debug\libicaro_lib.a(uart.o)
 .bss.UART_TxTail
                0x00800227        0x1 C:\Users\fcvil\Projects\icaro\icaro\icaro_lib\Debug\libicaro_lib.a(uart.o)
 .bss.UART_TxHead
                0x00800228        0x1 C:\Users\fcvil\Projects\icaro\icaro\icaro_lib\Debug\libicaro_lib.a(uart.o)
 .bss.UART_RxBuf
                0x00800229       0x20 C:\Users\fcvil\Projects\icaro\icaro\icaro_lib\Debug\libicaro_lib.a(uart.o)
 .bss.UART_TxBuf
                0x00800249       0x20 C:\Users\fcvil\Projects\icaro\icaro\icaro_lib\Debug\libicaro_lib.a(uart.o)
 *(COMMON)
 COMMON         0x00800269        0x4 C:\Users\fcvil\Projects\icaro\icaro\icaro_lib\Debug\libicaro_lib.a(timer.o)
                0x00800269                timer1_millis
                0x0080026d                PROVIDE (__bss_end, .)
                0x00001522                __data_load_start = LOADADDR (.data)
                0x00001542                __data_load_end = (__data_load_start + SIZEOF (.data))

.noinit         0x0080026d        0x0
                [!provide]                PROVIDE (__noinit_start, .)
 *(.noinit*)
                [!provide]                PROVIDE (__noinit_end, .)
                0x0080026d                _end = .
                [!provide]                PROVIDE (__heap_start, .)

.eeprom         0x00810000        0x0
 *(.eeprom*)
                0x00810000                __eeprom_end = .

.fuse
 *(.fuse)
 *(.lfuse)
 *(.hfuse)
 *(.efuse)

.lock
 *(.lock*)

.signature
 *(.signature*)

.user_signatures
 *(.user_signatures*)

.stab
 *(.stab)

.stabstr
 *(.stabstr)

.stab.excl
 *(.stab.excl)

.stab.exclstr
 *(.stab.exclstr)

.stab.index
 *(.stab.index)

.stab.indexstr
 *(.stab.indexstr)

.comment        0x00000000       0x5c
 *(.comment)
 .comment       0x00000000       0x30 main.o
                                 0x31 (size before relaxing)
 .comment       0x00000030       0x31 C:\Users\fcvil\Projects\icaro\icaro\icaro_lib\Debug\libicaro_lib.a(timer.o)
 .comment       0x00000030       0x31 C:\Users\fcvil\Projects\icaro\icaro\icaro_lib\Debug\libicaro_lib.a(i2cdevlib.o)
 .comment       0x00000030       0x31 C:\Users\fcvil\Projects\icaro\icaro\icaro_lib\Debug\libicaro_lib.a(twi.o)
 .comment       0x00000030       0x31 C:\Users\fcvil\Projects\icaro\icaro\icaro_lib\Debug\libicaro_lib.a(uart.o)
 .comment       0x00000030       0x2c c:/program files (x86)/atmel/studio/7.0/toolchain/avr8/avr8-gnu-toolchain/bin/../lib/gcc/avr/5.4.0/../../../../avr/lib/avr5\libprintf_flt.a(vfprintf_flt.o)
                                 0x2d (size before relaxing)
 .comment       0x0000005c       0x31 c:/program files (x86)/atmel/studio/7.0/toolchain/avr8/avr8-gnu-toolchain/bin/../lib/gcc/avr/5.4.0/../../../../avr/lib/avr5\libc.a(fputc.o)
 .comment       0x0000005c       0x31 c:/program files (x86)/atmel/studio/7.0/toolchain/avr8/avr8-gnu-toolchain/bin/../lib/gcc/avr/5.4.0/../../../../avr/lib/avr5\libc.a(sprintf.o)

.note.gnu.avr.deviceinfo
                0x00000000       0x40
 .note.gnu.avr.deviceinfo
                0x00000000       0x40 C:/Program Files (x86)/Atmel/Studio/7.0/Packs/Atmel/ATmega_DFP/1.4.351/gcc/dev/atmega328p/avr5/crtatmega328p.o

.note.gnu.build-id
 *(.note.gnu.build-id)

.debug
 *(.debug)

.line
 *(.line)

.debug_srcinfo
 *(.debug_srcinfo)

.debug_sfnames
 *(.debug_sfnames)

.debug_aranges  0x00000000      0x1d0
 *(.debug_aranges)
 .debug_aranges
                0x00000000       0x28 main.o
 .debug_aranges
                0x00000028       0x30 C:\Users\fcvil\Projects\icaro\icaro\icaro_lib\Debug\libicaro_lib.a(timer.o)
 .debug_aranges
                0x00000058       0x98 C:\Users\fcvil\Projects\icaro\icaro\icaro_lib\Debug\libicaro_lib.a(i2cdevlib.o)
 .debug_aranges
                0x000000f0       0x80 C:\Users\fcvil\Projects\icaro\icaro\icaro_lib\Debug\libicaro_lib.a(twi.o)
 .debug_aranges
                0x00000170       0x60 C:\Users\fcvil\Projects\icaro\icaro\icaro_lib\Debug\libicaro_lib.a(uart.o)

.debug_pubnames
 *(.debug_pubnames)

.debug_info     0x00000000     0x216c
 *(.debug_info .gnu.linkonce.wi.*)
 .debug_info    0x00000000      0x5f4 C:/Program Files (x86)/Atmel/Studio/7.0/Packs/Atmel/ATmega_DFP/1.4.351/gcc/dev/atmega328p/avr5/crtatmega328p.o
 .debug_info    0x000005f4      0x232 main.o
 .debug_info    0x00000826      0x193 C:\Users\fcvil\Projects\icaro\icaro\icaro_lib\Debug\libicaro_lib.a(timer.o)
 .debug_info    0x000009b9      0xe9f C:\Users\fcvil\Projects\icaro\icaro\icaro_lib\Debug\libicaro_lib.a(i2cdevlib.o)
 .debug_info    0x00001858      0x5e6 C:\Users\fcvil\Projects\icaro\icaro\icaro_lib\Debug\libicaro_lib.a(twi.o)
 .debug_info    0x00001e3e      0x32e C:\Users\fcvil\Projects\icaro\icaro\icaro_lib\Debug\libicaro_lib.a(uart.o)

.debug_abbrev   0x00000000      0xcae
 *(.debug_abbrev)
 .debug_abbrev  0x00000000      0x5a2 C:/Program Files (x86)/Atmel/Studio/7.0/Packs/Atmel/ATmega_DFP/1.4.351/gcc/dev/atmega328p/avr5/crtatmega328p.o
 .debug_abbrev  0x000005a2      0x116 main.o
 .debug_abbrev  0x000006b8      0x139 C:\Users\fcvil\Projects\icaro\icaro\icaro_lib\Debug\libicaro_lib.a(timer.o)
 .debug_abbrev  0x000007f1      0x1a8 C:\Users\fcvil\Projects\icaro\icaro\icaro_lib\Debug\libicaro_lib.a(i2cdevlib.o)
 .debug_abbrev  0x00000999      0x1d2 C:\Users\fcvil\Projects\icaro\icaro\icaro_lib\Debug\libicaro_lib.a(twi.o)
 .debug_abbrev  0x00000b6b      0x143 C:\Users\fcvil\Projects\icaro\icaro\icaro_lib\Debug\libicaro_lib.a(uart.o)

.debug_line     0x00000000     0x10f1
 *(.debug_line .debug_line.* .debug_line_end)
 .debug_line    0x00000000      0x134 C:/Program Files (x86)/Atmel/Studio/7.0/Packs/Atmel/ATmega_DFP/1.4.351/gcc/dev/atmega328p/avr5/crtatmega328p.o
 .debug_line    0x00000134      0x173 main.o
 .debug_line    0x000002a7      0x17d C:\Users\fcvil\Projects\icaro\icaro\icaro_lib\Debug\libicaro_lib.a(timer.o)
 .debug_line    0x00000424      0x542 C:\Users\fcvil\Projects\icaro\icaro\icaro_lib\Debug\libicaro_lib.a(i2cdevlib.o)
 .debug_line    0x00000966      0x52e C:\Users\fcvil\Projects\icaro\icaro\icaro_lib\Debug\libicaro_lib.a(twi.o)
 .debug_line    0x00000e94      0x25d C:\Users\fcvil\Projects\icaro\icaro\icaro_lib\Debug\libicaro_lib.a(uart.o)

.debug_frame    0x00000000      0x68c
 *(.debug_frame)
 .debug_frame   0x00000000       0x44 main.o
 .debug_frame   0x00000044       0x64 C:\Users\fcvil\Projects\icaro\icaro\icaro_lib\Debug\libicaro_lib.a(timer.o)
 .debug_frame   0x000000a8      0x3b0 C:\Users\fcvil\Projects\icaro\icaro\icaro_lib\Debug\libicaro_lib.a(i2cdevlib.o)
 .debug_frame   0x00000458      0x134 C:\Users\fcvil\Projects\icaro\icaro\icaro_lib\Debug\libicaro_lib.a(twi.o)
 .debug_frame   0x0000058c      0x100 C:\Users\fcvil\Projects\icaro\icaro\icaro_lib\Debug\libicaro_lib.a(uart.o)

.debug_str      0x00000000      0x924
 *(.debug_str)
 .debug_str     0x00000000      0x208 C:/Program Files (x86)/Atmel/Studio/7.0/Packs/Atmel/ATmega_DFP/1.4.351/gcc/dev/atmega328p/avr5/crtatmega328p.o
 .debug_str     0x00000208      0x186 main.o
                                0x1c6 (size before relaxing)
 .debug_str     0x0000038e       0xb6 C:\Users\fcvil\Projects\icaro\icaro\icaro_lib\Debug\libicaro_lib.a(timer.o)
                                0x1e3 (size before relaxing)
 .debug_str     0x00000444      0x20f C:\Users\fcvil\Projects\icaro\icaro\icaro_lib\Debug\libicaro_lib.a(i2cdevlib.o)
                                0x3d3 (size before relaxing)
 .debug_str     0x00000653      0x1d2 C:\Users\fcvil\Projects\icaro\icaro\icaro_lib\Debug\libicaro_lib.a(twi.o)
                                0x360 (size before relaxing)
 .debug_str     0x00000825       0xff C:\Users\fcvil\Projects\icaro\icaro\icaro_lib\Debug\libicaro_lib.a(uart.o)
                                0x27d (size before relaxing)

.debug_loc      0x00000000     0x1fe1
 *(.debug_loc)
 .debug_loc     0x00000000       0x47 main.o
 .debug_loc     0x00000047       0xdb C:\Users\fcvil\Projects\icaro\icaro\icaro_lib\Debug\libicaro_lib.a(timer.o)
 .debug_loc     0x00000122     0x1683 C:\Users\fcvil\Projects\icaro\icaro\icaro_lib\Debug\libicaro_lib.a(i2cdevlib.o)
 .debug_loc     0x000017a5      0x508 C:\Users\fcvil\Projects\icaro\icaro\icaro_lib\Debug\libicaro_lib.a(twi.o)
 .debug_loc     0x00001cad      0x334 C:\Users\fcvil\Projects\icaro\icaro\icaro_lib\Debug\libicaro_lib.a(uart.o)

.debug_macinfo
 *(.debug_macinfo)

.debug_weaknames
 *(.debug_weaknames)

.debug_funcnames
 *(.debug_funcnames)

.debug_typenames
 *(.debug_typenames)

.debug_varnames
 *(.debug_varnames)

.debug_pubtypes
 *(.debug_pubtypes)

.debug_ranges   0x00000000      0x1b0
 *(.debug_ranges)
 .debug_ranges  0x00000000       0x18 main.o
 .debug_ranges  0x00000018       0x20 C:\Users\fcvil\Projects\icaro\icaro\icaro_lib\Debug\libicaro_lib.a(timer.o)
 .debug_ranges  0x00000038       0xa0 C:\Users\fcvil\Projects\icaro\icaro\icaro_lib\Debug\libicaro_lib.a(i2cdevlib.o)
 .debug_ranges  0x000000d8       0x70 C:\Users\fcvil\Projects\icaro\icaro\icaro_lib\Debug\libicaro_lib.a(twi.o)
 .debug_ranges  0x00000148       0x68 C:\Users\fcvil\Projects\icaro\icaro\icaro_lib\Debug\libicaro_lib.a(uart.o)

.debug_macro
 *(.debug_macro)
OUTPUT(icaro_imu.elf elf32-avr)
LOAD linker stubs
